Archive member included to satisfy reference by file (symbol)

c:/st/stm32cubeide_1.9.0/stm32cubeide/plugins/com.st.stm32cube.ide.mcu.externaltools.gnu-tools-for-stm32.10.3-2021.10.win32_1.0.200.202301161003/tools/bin/../lib/gcc/arm-none-eabi/10.3.1/../../../../arm-none-eabi/lib/thumb/v7e-m+fp/hard\libstdc++_nano.a(pure.o)
                              ./Core/Src/mainpp.o (__cxa_pure_virtual)
c:/st/stm32cubeide_1.9.0/stm32cubeide/plugins/com.st.stm32cube.ide.mcu.externaltools.gnu-tools-for-stm32.10.3-2021.10.win32_1.0.200.202301161003/tools/bin/../lib/gcc/arm-none-eabi/10.3.1/../../../../arm-none-eabi/lib/thumb/v7e-m+fp/hard\libstdc++_nano.a(eh_terminate.o)
                              c:/st/stm32cubeide_1.9.0/stm32cubeide/plugins/com.st.stm32cube.ide.mcu.externaltools.gnu-tools-for-stm32.10.3-2021.10.win32_1.0.200.202301161003/tools/bin/../lib/gcc/arm-none-eabi/10.3.1/../../../../arm-none-eabi/lib/thumb/v7e-m+fp/hard\libstdc++_nano.a(pure.o) (std::terminate())
c:/st/stm32cubeide_1.9.0/stm32cubeide/plugins/com.st.stm32cube.ide.mcu.externaltools.gnu-tools-for-stm32.10.3-2021.10.win32_1.0.200.202301161003/tools/bin/../lib/gcc/arm-none-eabi/10.3.1/../../../../arm-none-eabi/lib/thumb/v7e-m+fp/hard\libstdc++_nano.a(eh_unex_handler.o)
                              c:/st/stm32cubeide_1.9.0/stm32cubeide/plugins/com.st.stm32cube.ide.mcu.externaltools.gnu-tools-for-stm32.10.3-2021.10.win32_1.0.200.202301161003/tools/bin/../lib/gcc/arm-none-eabi/10.3.1/../../../../arm-none-eabi/lib/thumb/v7e-m+fp/hard\libstdc++_nano.a(eh_terminate.o) (__cxxabiv1::__unexpected_handler)
c:/st/stm32cubeide_1.9.0/stm32cubeide/plugins/com.st.stm32cube.ide.mcu.externaltools.gnu-tools-for-stm32.10.3-2021.10.win32_1.0.200.202301161003/tools/bin/../lib/gcc/arm-none-eabi/10.3.1/../../../../arm-none-eabi/lib/thumb/v7e-m+fp/hard\libstdc++_nano.a(eh_term_handler.o)
                              c:/st/stm32cubeide_1.9.0/stm32cubeide/plugins/com.st.stm32cube.ide.mcu.externaltools.gnu-tools-for-stm32.10.3-2021.10.win32_1.0.200.202301161003/tools/bin/../lib/gcc/arm-none-eabi/10.3.1/../../../../arm-none-eabi/lib/thumb/v7e-m+fp/hard\libstdc++_nano.a(eh_terminate.o) (__cxxabiv1::__terminate_handler)
c:/st/stm32cubeide_1.9.0/stm32cubeide/plugins/com.st.stm32cube.ide.mcu.externaltools.gnu-tools-for-stm32.10.3-2021.10.win32_1.0.200.202301161003/tools/bin/../lib/gcc/arm-none-eabi/10.3.1/../../../../arm-none-eabi/lib/thumb/v7e-m+fp/hard\libc_nano.a(lib_a-abort.o)
                              c:/st/stm32cubeide_1.9.0/stm32cubeide/plugins/com.st.stm32cube.ide.mcu.externaltools.gnu-tools-for-stm32.10.3-2021.10.win32_1.0.200.202301161003/tools/bin/../lib/gcc/arm-none-eabi/10.3.1/../../../../arm-none-eabi/lib/thumb/v7e-m+fp/hard\libstdc++_nano.a(eh_terminate.o) (abort)
c:/st/stm32cubeide_1.9.0/stm32cubeide/plugins/com.st.stm32cube.ide.mcu.externaltools.gnu-tools-for-stm32.10.3-2021.10.win32_1.0.200.202301161003/tools/bin/../lib/gcc/arm-none-eabi/10.3.1/../../../../arm-none-eabi/lib/thumb/v7e-m+fp/hard\libc_nano.a(lib_a-errno.o)
                              ./Core/Src/syscalls.o (__errno)
c:/st/stm32cubeide_1.9.0/stm32cubeide/plugins/com.st.stm32cube.ide.mcu.externaltools.gnu-tools-for-stm32.10.3-2021.10.win32_1.0.200.202301161003/tools/bin/../lib/gcc/arm-none-eabi/10.3.1/../../../../arm-none-eabi/lib/thumb/v7e-m+fp/hard\libc_nano.a(lib_a-exit.o)
                              c:/st/stm32cubeide_1.9.0/stm32cubeide/plugins/com.st.stm32cube.ide.mcu.externaltools.gnu-tools-for-stm32.10.3-2021.10.win32_1.0.200.202301161003/tools/bin/../lib/gcc/arm-none-eabi/10.3.1/../../../../arm-none-eabi/lib/thumb/v7e-m+fp/hard/crt0.o (exit)
c:/st/stm32cubeide_1.9.0/stm32cubeide/plugins/com.st.stm32cube.ide.mcu.externaltools.gnu-tools-for-stm32.10.3-2021.10.win32_1.0.200.202301161003/tools/bin/../lib/gcc/arm-none-eabi/10.3.1/../../../../arm-none-eabi/lib/thumb/v7e-m+fp/hard\libc_nano.a(lib_a-impure.o)
                              c:/st/stm32cubeide_1.9.0/stm32cubeide/plugins/com.st.stm32cube.ide.mcu.externaltools.gnu-tools-for-stm32.10.3-2021.10.win32_1.0.200.202301161003/tools/bin/../lib/gcc/arm-none-eabi/10.3.1/../../../../arm-none-eabi/lib/thumb/v7e-m+fp/hard\libc_nano.a(lib_a-exit.o) (_global_impure_ptr)
c:/st/stm32cubeide_1.9.0/stm32cubeide/plugins/com.st.stm32cube.ide.mcu.externaltools.gnu-tools-for-stm32.10.3-2021.10.win32_1.0.200.202301161003/tools/bin/../lib/gcc/arm-none-eabi/10.3.1/../../../../arm-none-eabi/lib/thumb/v7e-m+fp/hard\libc_nano.a(lib_a-init.o)
                              c:/st/stm32cubeide_1.9.0/stm32cubeide/plugins/com.st.stm32cube.ide.mcu.externaltools.gnu-tools-for-stm32.10.3-2021.10.win32_1.0.200.202301161003/tools/bin/../lib/gcc/arm-none-eabi/10.3.1/../../../../arm-none-eabi/lib/thumb/v7e-m+fp/hard/crt0.o (__libc_init_array)
[...]
Memory Configuration

Name             Origin             Length             Attributes
RAM              0x0000000020000000 0x0000000000020000 xrw
FLASH            0x0000000008000000 0x0000000000080000 xr
*default*        0x0000000000000000 0xffffffffffffffff

Linker script and memory map

LOAD c:/st/stm32cubeide_1.9.0/stm32cubeide/plugins/com.st.stm32cube.ide.mcu.externaltools.gnu-tools-for-stm32.10.3-2021.10.win32_1.0.200.202301161003/tools/bin/../lib/gcc/arm-none-eabi/10.3.1/thumb/v7e-m+fp/hard/crti.o
LOAD c:/st/stm32cubeide_1.9.0/stm32cubeide/plugins/com.st.stm32cube.ide.mcu.externaltools.gnu-tools-for-stm32.10.3-2021.10.win32_1.0.200.202301161003/tools/bin/../lib/gcc/arm-none-eabi/10.3.1/thumb/v7e-m+fp/hard/crtbegin.o
LOAD c:/st/stm32cubeide_1.9.0/stm32cubeide/plugins/com.st.stm32cube.ide.mcu.externaltools.gnu-tools-for-stm32.10.3-2021.10.win32_1.0.200.202301161003/tools/bin/../lib/gcc/arm-none-eabi/10.3.1/../../../../arm-none-eabi/lib/thumb/v7e-m+fp/hard/crt0.o
LOAD ./Core/Inc/duration.o
LOAD ./Core/Inc/time.o
LOAD ./Core/Src/Servo.o
LOAD ./Core/Src/VL53.o
LOAD ./Core/Src/adc.o
LOAD ./Core/Src/cake.o
LOAD ./Core/Src/dma.o
LOAD ./Core/Src/gpio.o
LOAD ./Core/Src/i2c.o
LOAD ./Core/Src/main.o
LOAD ./Core/Src/mainpp.o
LOAD ./Core/Src/mainrun.o
LOAD ./Core/Src/stm32f4xx_hal_msp.o
LOAD ./Core/Src/stm32f4xx_it.o
LOAD ./Core/Src/syscalls.o
LOAD ./Core/Src/sysmem.o
LOAD ./Core/Src/system_stm32f4xx.o
LOAD ./Core/Src/tim.o
LOAD ./Core/Src/usart.o
LOAD ./Core/Startup/startup_stm32f446retx.o
LOAD ./Drivers/STM32F4xx_HAL_Driver/Src/stm32f4xx_hal.o
LOAD ./Drivers/STM32F4xx_HAL_Driver/Src/stm32f4xx_hal_adc.o
LOAD ./Drivers/STM32F4xx_HAL_Driver/Src/stm32f4xx_hal_adc_ex.o
LOAD ./Drivers/STM32F4xx_HAL_Driver/Src/stm32f4xx_hal_cortex.o
LOAD ./Drivers/STM32F4xx_HAL_Driver/Src/stm32f4xx_hal_dma.o
LOAD ./Drivers/STM32F4xx_HAL_Driver/Src/stm32f4xx_hal_dma_ex.o
LOAD ./Drivers/STM32F4xx_HAL_Driver/Src/stm32f4xx_hal_exti.o
LOAD ./Drivers/STM32F4xx_HAL_Driver/Src/stm32f4xx_hal_flash.o
LOAD ./Drivers/STM32F4xx_HAL_Driver/Src/stm32f4xx_hal_flash_ex.o
LOAD ./Drivers/STM32F4xx_HAL_Driver/Src/stm32f4xx_hal_flash_ramfunc.o
LOAD ./Drivers/STM32F4xx_HAL_Driver/Src/stm32f4xx_hal_gpio.o
LOAD ./Drivers/STM32F4xx_HAL_Driver/Src/stm32f4xx_hal_i2c.o
LOAD ./Drivers/STM32F4xx_HAL_Driver/Src/stm32f4xx_hal_i2c_ex.o
LOAD ./Drivers/STM32F4xx_HAL_Driver/Src/stm32f4xx_hal_pwr.o
LOAD ./Drivers/STM32F4xx_HAL_Driver/Src/stm32f4xx_hal_pwr_ex.o
LOAD ./Drivers/STM32F4xx_HAL_Driver/Src/stm32f4xx_hal_rcc.o
LOAD ./Drivers/STM32F4xx_HAL_Driver/Src/stm32f4xx_hal_rcc_ex.o
LOAD ./Drivers/STM32F4xx_HAL_Driver/Src/stm32f4xx_hal_tim.o
LOAD ./Drivers/STM32F4xx_HAL_Driver/Src/stm32f4xx_hal_tim_ex.o
LOAD ./Drivers/STM32F4xx_HAL_Driver/Src/stm32f4xx_hal_uart.o
LOAD ./Drivers/STM32F4xx_HAL_Driver/Src/stm32f4xx_ll_adc.o
LOAD ./Drivers/VL53L0X/core/src/vl53l0x_api.o
LOAD ./Drivers/VL53L0X/core/src/vl53l0x_api_calibration.o
LOAD ./Drivers/VL53L0X/core/src/vl53l0x_api_core.o
LOAD ./Drivers/VL53L0X/core/src/vl53l0x_api_ranging.o
LOAD ./Drivers/VL53L0X/core/src/vl53l0x_api_strings.o
LOAD ./Drivers/VL53L0X/platform/src/vl53l0x_platform.o
LOAD ./Drivers/VL53L0X/platform/src/vl53l0x_platform_log.o
START GROUP
LOAD c:/st/stm32cubeide_1.9.0/stm32cubeide/plugins/com.st.stm32cube.ide.mcu.externaltools.gnu-tools-for-stm32.10.3-2021.10.win32_1.0.200.202301161003/tools/bin/../lib/gcc/arm-none-eabi/10.3.1/../../../../arm-none-eabi/lib/thumb/v7e-m+fp/hard\libstdc++_nano.a
LOAD c:/st/stm32cubeide_1.9.0/stm32cubeide/plugins/com.st.stm32cube.ide.mcu.externaltools.gnu-tools-for-stm32.10.3-2021.10.win32_1.0.200.202301161003/tools/bin/../lib/gcc/arm-none-eabi/10.3.1/../../../../arm-none-eabi/lib/thumb/v7e-m+fp/hard\libsupc++_nano.a
END GROUP
LOAD c:/st/stm32cubeide_1.9.0/stm32cubeide/plugins/com.st.stm32cube.ide.mcu.externaltools.gnu-tools-for-stm32.10.3-2021.10.win32_1.0.200.202301161003/tools/bin/../lib/gcc/arm-none-eabi/10.3.1/../../../../arm-none-eabi/lib/thumb/v7e-m+fp/hard\libstdc++_nano.a
LOAD c:/st/stm32cubeide_1.9.0/stm32cubeide/plugins/com.st.stm32cube.ide.mcu.externaltools.gnu-tools-for-stm32.10.3-2021.10.win32_1.0.200.202301161003/tools/bin/../lib/gcc/arm-none-eabi/10.3.1/../../../../arm-none-eabi/lib/thumb/v7e-m+fp/hard\libm.a
LOAD c:/st/stm32cubeide_1.9.0/stm32cubeide/plugins/com.st.stm32cube.ide.mcu.externaltools.gnu-tools-for-stm32.10.3-2021.10.win32_1.0.200.202301161003/tools/bin/../lib/gcc/arm-none-eabi/10.3.1/../../../../arm-none-eabi/lib/thumb/v7e-m+fp/hard\libc_nano.a
START GROUP
LOAD c:/st/stm32cubeide_1.9.0/stm32cubeide/plugins/com.st.stm32cube.ide.mcu.externaltools.gnu-tools-for-stm32.10.3-2021.10.win32_1.0.200.202301161003/tools/bin/../lib/gcc/arm-none-eabi/10.3.1/thumb/v7e-m+fp/hard\libgcc.a
LOAD c:/st/stm32cubeide_1.9.0/stm32cubeide/plugins/com.st.stm32cube.ide.mcu.externaltools.gnu-tools-for-stm32.10.3-2021.10.win32_1.0.200.202301161003/tools/bin/../lib/gcc/arm-none-eabi/10.3.1/../../../../arm-none-eabi/lib/thumb/v7e-m+fp/hard\libc_nano.a
END GROUP
START GROUP
LOAD c:/st/stm32cubeide_1.9.0/stm32cubeide/plugins/com.st.stm32cube.ide.mcu.externaltools.gnu-tools-for-stm32.10.3-2021.10.win32_1.0.200.202301161003/tools/bin/../lib/gcc/arm-none-eabi/10.3.1/thumb/v7e-m+fp/hard\libgcc.a
LOAD c:/st/stm32cubeide_1.9.0/stm32cubeide/plugins/com.st.stm32cube.ide.mcu.externaltools.gnu-tools-for-stm32.10.3-2021.10.win32_1.0.200.202301161003/tools/bin/../lib/gcc/arm-none-eabi/10.3.1/../../../../arm-none-eabi/lib/thumb/v7e-m+fp/hard\libc_nano.a
END GROUP
LOAD c:/st/stm32cubeide_1.9.0/stm32cubeide/plugins/com.st.stm32cube.ide.mcu.externaltools.gnu-tools-for-stm32.10.3-2021.10.win32_1.0.200.202301161003/tools/bin/../lib/gcc/arm-none-eabi/10.3.1/thumb/v7e-m+fp/hard/crtend.o
LOAD c:/st/stm32cubeide_1.9.0/stm32cubeide/plugins/com.st.stm32cube.ide.mcu.externaltools.gnu-tools-for-stm32.10.3-2021.10.win32_1.0.200.202301161003/tools/bin/../lib/gcc/arm-none-eabi/10.3.1/thumb/v7e-m+fp/hard/crtn.o
                0x0000000020020000                _estack = (ORIGIN (RAM) + LENGTH (RAM))
                0x0000000000000200                _Min_Heap_Size = 0x200
                0x0000000000000400                _Min_Stack_Size = 0x400

.isr_vector     0x0000000008000000      0x1c4
                0x0000000008000000                . = ALIGN (0x4)
 *(.isr_vector)
 .isr_vector    0x0000000008000000      0x1c4 ./Core/Startup/startup_stm32f446retx.o
                0x0000000008000000                g_pfnVectors
                0x00000000080001c4                . = ALIGN (0x4)

.text           0x00000000080001c8     0xaf10
                0x00000000080001c8                . = ALIGN (0x4)
 *(.text)
 .text          0x00000000080001c8       0x40 c:/st/stm32cubeide_1.9.0/stm32cubeide/plugins/com.st.stm32cube.ide.mcu.externaltools.gnu-tools-for-stm32.10.3-2021.10.win32_1.0.200.202301161003/tools/bin/../lib/gcc/arm-none-eabi/10.3.1/thumb/v7e-m+fp/hard/crtbegin.o
 .text          0x0000000008000208       0x10 c:/st/stm32cubeide_1.9.0/stm32cubeide/plugins/com.st.stm32cube.ide.mcu.externaltools.gnu-tools-for-stm32.10.3-2021.10.win32_1.0.200.202301161003/tools/bin/../lib/gcc/arm-none-eabi/10.3.1/../../../../arm-none-eabi/lib/thumb/v7e-m+fp/hard\libc_nano.a(lib_a-strlen.o)
                0x0000000008000208                strlen
 .text          0x0000000008000218      0x378 c:/st/stm32cubeide_1.9.0/stm32cubeide/plugins/com.st.stm32cube.ide.mcu.externaltools.gnu-tools-for-stm32.10.3-2021.10.win32_1.0.200.202301161003/tools/bin/../lib/gcc/arm-none-eabi/10.3.1/thumb/v7e-m+fp/hard\libgcc.a(_arm_addsubdf3.o)
                0x0000000008000218                __aeabi_drsub
                0x0000000008000220                __aeabi_dsub
                0x0000000008000220                __subdf3
                0x0000000008000224                __aeabi_dadd
                0x0000000008000224                __adddf3
                0x000000000800049c                __floatunsidf
                0x000000000800049c                __aeabi_ui2d
                0x00000000080004bc                __floatsidf
                0x00000000080004bc                __aeabi_i2d
                0x00000000080004e0                __aeabi_f2d
                0x00000000080004e0                __extendsfdf2
                0x0000000008000524                __floatundidf
                0x0000000008000524                __aeabi_ul2d
                0x0000000008000534                __floatdidf
                0x0000000008000534                __aeabi_l2d
 .text          0x0000000008000590      0x424 c:/st/stm32cubeide_1.9.0/stm32cubeide/plugins/com.st.stm32cube.ide.mcu.externaltools.gnu-tools-for-stm32.10.3-2021.10.win32_1.0.200.202301161003/tools/bin/../lib/gcc/arm-none-eabi/10.3.1/thumb/v7e-m+fp/hard\libgcc.a(_arm_muldivdf3.o)
                0x0000000008000590                __aeabi_dmul
                0x0000000008000590                __muldf3
                0x00000000080007e4                __divdf3
                0x00000000080007e4                __aeabi_ddiv
 .text          0x00000000080009b4       0x50 c:/st/stm32cubeide_1.9.0/stm32cubeide/plugins/com.st.stm32cube.ide.mcu.externaltools.gnu-tools-for-stm32.10.3-2021.10.win32_1.0.200.202301161003/tools/bin/../lib/gcc/arm-none-eabi/10.3.1/thumb/v7e-m+fp/hard\libgcc.a(_arm_fixdfsi.o)
                0x00000000080009b4                __aeabi_d2iz
                0x00000000080009b4                __fixdfsi
 .text          0x0000000008000a04       0x30 c:/st/stm32cubeide_1.9.0/stm32cubeide/plugins/com.st.stm32cube.ide.mcu.externaltools.gnu-tools-for-stm32.10.3-2021.10.win32_1.0.200.202301161003/tools/bin/../lib/gcc/arm-none-eabi/10.3.1/thumb/v7e-m+fp/hard\libgcc.a(_aeabi_uldivmod.o)
                0x0000000008000a04                __aeabi_uldivmod
 .text          0x0000000008000a34      0x2d0 c:/st/stm32cubeide_1.9.0/stm32cubeide/plugins/com.st.stm32cube.ide.mcu.externaltools.gnu-tools-for-stm32.10.3-2021.10.win32_1.0.200.202301161003/tools/bin/../lib/gcc/arm-none-eabi/10.3.1/thumb/v7e-m+fp/hard\libgcc.a(_udivmoddi4.o)
                0x0000000008000a34                __udivmoddi4
 .text          0x0000000008000d04        0x4 c:/st/stm32cubeide_1.9.0/stm32cubeide/plugins/com.st.stm32cube.ide.mcu.externaltools.gnu-tools-for-stm32.10.3-2021.10.win32_1.0.200.202301161003/tools/bin/../lib/gcc/arm-none-eabi/10.3.1/thumb/v7e-m+fp/hard\libgcc.a(_dvmd_tls.o)
                0x0000000008000d04                __aeabi_idiv0
                0x0000000008000d04                __aeabi_ldiv0
 *(.text*)
 .text._ZN3ros16normalizeSecNSecERmS0_
                0x0000000008000d08       0x58 ./Core/Inc/time.o
                0x0000000008000d08                ros::normalizeSecNSec(unsigned long&, unsigned long&)
 .text.UART_Send
                0x0000000008000d60       0x38 ./Core/Src/Servo.o
                0x0000000008000d60                UART_Send
 .text.UART_Send_SetMotorPosition
                0x0000000008000d98       0x88 ./Core/Src/Servo.o
                0x0000000008000d98                UART_Send_SetMotorPosition
 .text.MX_ADC1_Init
                0x0000000008000e20       0xdc ./Core/Src/adc.o
                0x0000000008000e20                MX_ADC1_Init
 .text.HAL_ADC_MspInit
                0x0000000008000efc       0xf0 ./Core/Src/adc.o
                0x0000000008000efc                HAL_ADC_MspInit
 .text.suck_the_cake
                0x0000000008000fec      0x100 ./Core/Src/cake.o
                0x0000000008000fec                suck_the_cake
 .text.press_sensor_feedback
                0x00000000080010ec       0x70 ./Core/Src/cake.o
                0x00000000080010ec                press_sensor_feedback
 .text.unsuck_the_cake
                0x000000000800115c      0x118 ./Core/Src/cake.o
                0x000000000800115c                unsuck_the_cake
 *fill*         0x0000000008001274        0x4 
 .text.rotate_the_ring
                0x0000000008001278      0x280 ./Core/Src/cake.o
                0x0000000008001278                rotate_the_ring
 .text.put_the_cherry
                0x00000000080014f8       0xc0 ./Core/Src/cake.o
                0x00000000080014f8                put_the_cherry
 .text.judge_the_empty_and_order
                0x00000000080015b8      0x620 ./Core/Src/cake.o
                0x00000000080015b8                judge_the_empty_and_order
 .text.Tower_of_Hanoi
                0x0000000008001bd8      0x6a4 ./Core/Src/cake.o
                0x0000000008001bd8                Tower_of_Hanoi
 .text.MX_DMA_Init
                0x000000000800227c       0x9c ./Core/Src/dma.o
                0x000000000800227c                MX_DMA_Init
 .text.MX_GPIO_Init
                0x0000000008002318      0x1bc ./Core/Src/gpio.o
                0x0000000008002318                MX_GPIO_Init
 .text.MX_I2C1_Init
                0x00000000080024d4       0x5c ./Core/Src/i2c.o
                0x00000000080024d4                MX_I2C1_Init
 .text.HAL_I2C_MspInit
                0x0000000008002530       0x90 ./Core/Src/i2c.o
                0x0000000008002530                HAL_I2C_MspInit
 .text.main     0x00000000080025c0       0x4a ./Core/Src/main.o
                0x00000000080025c0                main
 *fill*         0x000000000800260a        0x2 
 .text.SystemClock_Config
                0x000000000800260c       0xd8 ./Core/Src/main.o
                0x000000000800260c                SystemClock_Config
 .text.Error_Handler
                0x00000000080026e4        0xa ./Core/Src/main.o
                0x00000000080026e4                Error_Handler
 .text._ZN3ros4TimeC2Ev
                0x00000000080026ee       0x22 ./Core/Src/mainpp.o
                0x00000000080026ee                ros::Time::Time()
                0x00000000080026ee                ros::Time::Time()
 .text._ZN3ros3MsgC2Ev
                0x0000000008002710       0x20 ./Core/Src/mainpp.o
                0x0000000008002710                ros::Msg::Msg()
                0x0000000008002710                ros::Msg::Msg()
 .text._ZN8std_msgs4TimeC2Ev
                0x0000000008002730       0x30 ./Core/Src/mainpp.o
                0x0000000008002730                std_msgs::Time::Time()
                0x0000000008002730                std_msgs::Time::Time()
 .text._ZNK8std_msgs4Time9serializeEPh
                0x0000000008002760       0xb0 ./Core/Src/mainpp.o
                0x0000000008002760                std_msgs::Time::serialize(unsigned char*) const
 .text._ZN8std_msgs4Time11deserializeEPh
                0x0000000008002810       0xc8 ./Core/Src/mainpp.o
                0x0000000008002810                std_msgs::Time::deserialize(unsigned char*)
 .text._ZN8std_msgs4Time7getTypeEv
                0x00000000080028d8       0x1c ./Core/Src/mainpp.o
                0x00000000080028d8                std_msgs::Time::getType()
 .text._ZN8std_msgs4Time6getMD5Ev
                0x00000000080028f4       0x1c ./Core/Src/mainpp.o
                0x00000000080028f4                std_msgs::Time::getMD5()
 .text._ZN14rosserial_msgs9TopicInfoC2Ev
                0x0000000008002910       0x48 ./Core/Src/mainpp.o
                0x0000000008002910                rosserial_msgs::TopicInfo::TopicInfo()
                0x0000000008002910                rosserial_msgs::TopicInfo::TopicInfo()
 .text._ZNK14rosserial_msgs9TopicInfo9serializeEPh
                0x0000000008002958      0x136 ./Core/Src/mainpp.o
                0x0000000008002958                rosserial_msgs::TopicInfo::serialize(unsigned char*) const
 .text._ZN14rosserial_msgs9TopicInfo11deserializeEPh
                0x0000000008002a8e      0x1d0 ./Core/Src/mainpp.o
                0x0000000008002a8e                rosserial_msgs::TopicInfo::deserialize(unsigned char*)
 *fill*         0x0000000008002c5e        0x2 
 .text._ZN14rosserial_msgs9TopicInfo7getTypeEv
                0x0000000008002c60       0x1c ./Core/Src/mainpp.o
                0x0000000008002c60                rosserial_msgs::TopicInfo::getType()
 .text._ZN14rosserial_msgs9TopicInfo6getMD5Ev
                0x0000000008002c7c       0x1c ./Core/Src/mainpp.o
                0x0000000008002c7c                rosserial_msgs::TopicInfo::getMD5()
 .text._ZN14rosserial_msgs3LogC2Ev
                0x0000000008002c98       0x34 ./Core/Src/mainpp.o
                0x0000000008002c98                rosserial_msgs::Log::Log()
                0x0000000008002c98                rosserial_msgs::Log::Log()
 .text._ZNK14rosserial_msgs3Log9serializeEPh
                0x0000000008002ccc       0x64 ./Core/Src/mainpp.o
                0x0000000008002ccc                rosserial_msgs::Log::serialize(unsigned char*) const
 .text._ZN14rosserial_msgs3Log11deserializeEPh
                0x0000000008002d30       0x90 ./Core/Src/mainpp.o
                0x0000000008002d30                rosserial_msgs::Log::deserialize(unsigned char*)
 .text._ZN14rosserial_msgs3Log7getTypeEv
                0x0000000008002dc0       0x1c ./Core/Src/mainpp.o
                0x0000000008002dc0                rosserial_msgs::Log::getType()
 .text._ZN14rosserial_msgs3Log6getMD5Ev
                0x0000000008002ddc       0x1c ./Core/Src/mainpp.o
                0x0000000008002ddc                rosserial_msgs::Log::getMD5()
 .text._ZN14rosserial_msgs20RequestParamResponseC2Ev
                0x0000000008002df8       0x48 ./Core/Src/mainpp.o
                0x0000000008002df8                rosserial_msgs::RequestParamResponse::RequestParamResponse()
                0x0000000008002df8                rosserial_msgs::RequestParamResponse::RequestParamResponse()
 .text._ZNK14rosserial_msgs20RequestParamResponse9serializeEPh
                0x0000000008002e40      0x222 ./Core/Src/mainpp.o
                0x0000000008002e40                rosserial_msgs::RequestParamResponse::serialize(unsigned char*) const
 .text._ZN14rosserial_msgs20RequestParamResponse11deserializeEPh
                0x0000000008003062      0x2e2 ./Core/Src/mainpp.o
                0x0000000008003062                rosserial_msgs::RequestParamResponse::deserialize(unsigned char*)
 .text._ZN14rosserial_msgs20RequestParamResponse7getTypeEv
                0x0000000008003344       0x1c ./Core/Src/mainpp.o
                0x0000000008003344                rosserial_msgs::RequestParamResponse::getType()
 .text._ZN14rosserial_msgs20RequestParamResponse6getMD5Ev
                0x0000000008003360       0x1c ./Core/Src/mainpp.o
                0x0000000008003360                rosserial_msgs::RequestParamResponse::getMD5()
 .text._ZN3ros9PublisherC2EPKcPNS_3MsgEi
                0x000000000800337c       0x2e ./Core/Src/mainpp.o
                0x000000000800337c                ros::Publisher::Publisher(char const*, ros::Msg*, int)
                0x000000000800337c                ros::Publisher::Publisher(char const*, ros::Msg*, int)
 .text._ZN3ros9Publisher7publishEPKNS_3MsgE
                0x00000000080033aa       0x28 ./Core/Src/mainpp.o
                0x00000000080033aa                ros::Publisher::publish(ros::Msg const*)
 .text._ZN3ros9Publisher15getEndpointTypeEv
                0x00000000080033d2       0x18 ./Core/Src/mainpp.o
                0x00000000080033d2                ros::Publisher::getEndpointType()
 .text._ZN13STM32Hardware10getRdmaIndEv
                0x00000000080033ea       0x26 ./Core/Src/mainpp.o
                0x00000000080033ea                STM32Hardware::getRdmaInd()
 .text._ZN13STM32HardwareC2Ev
                0x0000000008003410       0x38 ./Core/Src/mainpp.o
                0x0000000008003410                STM32Hardware::STM32Hardware()
                0x0000000008003410                STM32Hardware::STM32Hardware()
 .text._ZN13STM32Hardware4initEv
                0x0000000008003448       0x16 ./Core/Src/mainpp.o
                0x0000000008003448                STM32Hardware::init()
 .text._ZN13STM32Hardware10reset_rbufEv
                0x000000000800345e       0x22 ./Core/Src/mainpp.o
                0x000000000800345e                STM32Hardware::reset_rbuf()
 .text._ZN13STM32Hardware4readEv
                0x0000000008003480       0x5a ./Core/Src/mainpp.o
                0x0000000008003480                STM32Hardware::read()
 *fill*         0x00000000080034da        0x2 
 .text._ZN13STM32Hardware5flushEv
                0x00000000080034dc       0xbc ./Core/Src/mainpp.o
                0x00000000080034dc                STM32Hardware::flush()
 .text._ZN13STM32Hardware5writeEPhi
                0x0000000008003598       0x8c ./Core/Src/mainpp.o
                0x0000000008003598                STM32Hardware::write(unsigned char*, int)
 .text._ZN13STM32Hardware4timeEv
                0x0000000008003624       0x16 ./Core/Src/mainpp.o
                0x0000000008003624                STM32Hardware::time()
 *fill*         0x000000000800363a        0x2 
 .text._ZN8std_msgs19MultiArrayDimensionC2Ev
                0x000000000800363c       0x3c ./Core/Src/mainpp.o
                0x000000000800363c                std_msgs::MultiArrayDimension::MultiArrayDimension()
                0x000000000800363c                std_msgs::MultiArrayDimension::MultiArrayDimension()
 .text._ZNK8std_msgs19MultiArrayDimension9serializeEPh
                0x0000000008003678       0xe6 ./Core/Src/mainpp.o
                0x0000000008003678                std_msgs::MultiArrayDimension::serialize(unsigned char*) const
 .text._ZN8std_msgs19MultiArrayDimension11deserializeEPh
                0x000000000800375e      0x12a ./Core/Src/mainpp.o
                0x000000000800375e                std_msgs::MultiArrayDimension::deserialize(unsigned char*)
 .text._ZN8std_msgs19MultiArrayDimension7getTypeEv
                0x0000000008003888       0x1c ./Core/Src/mainpp.o
                0x0000000008003888                std_msgs::MultiArrayDimension::getType()
 .text._ZN8std_msgs19MultiArrayDimension6getMD5Ev
                0x00000000080038a4       0x1c ./Core/Src/mainpp.o
                0x00000000080038a4                std_msgs::MultiArrayDimension::getMD5()
 .text._ZN8std_msgs16MultiArrayLayoutC2Ev
                0x00000000080038c0       0x40 ./Core/Src/mainpp.o
                0x00000000080038c0                std_msgs::MultiArrayLayout::MultiArrayLayout()
                0x00000000080038c0                std_msgs::MultiArrayLayout::MultiArrayLayout()
 .text._ZNK8std_msgs16MultiArrayLayout9serializeEPh
                0x0000000008003900       0xec ./Core/Src/mainpp.o
                0x0000000008003900                std_msgs::MultiArrayLayout::serialize(unsigned char*) const
 .text._ZN8std_msgs16MultiArrayLayout11deserializeEPh
                0x00000000080039ec      0x120 ./Core/Src/mainpp.o
                0x00000000080039ec                std_msgs::MultiArrayLayout::deserialize(unsigned char*)
 .text._ZN8std_msgs16MultiArrayLayout7getTypeEv
                0x0000000008003b0c       0x1c ./Core/Src/mainpp.o
                0x0000000008003b0c                std_msgs::MultiArrayLayout::getType()
 .text._ZN8std_msgs16MultiArrayLayout6getMD5Ev
                0x0000000008003b28       0x1c ./Core/Src/mainpp.o
                0x0000000008003b28                std_msgs::MultiArrayLayout::getMD5()
 .text._ZN8std_msgs15Int16MultiArrayC2Ev
                0x0000000008003b44       0x3c ./Core/Src/mainpp.o
                0x0000000008003b44                std_msgs::Int16MultiArray::Int16MultiArray()
                0x0000000008003b44                std_msgs::Int16MultiArray::Int16MultiArray()
 .text._ZNK8std_msgs15Int16MultiArray9serializeEPh
                0x0000000008003b80       0xc4 ./Core/Src/mainpp.o
                0x0000000008003b80                std_msgs::Int16MultiArray::serialize(unsigned char*) const
 .text._ZN8std_msgs15Int16MultiArray11deserializeEPh
                0x0000000008003c44      0x104 ./Core/Src/mainpp.o
                0x0000000008003c44                std_msgs::Int16MultiArray::deserialize(unsigned char*)
 .text._ZN8std_msgs15Int16MultiArray7getTypeEv
                0x0000000008003d48       0x1c ./Core/Src/mainpp.o
                0x0000000008003d48                std_msgs::Int16MultiArray::getType()
 .text._ZN8std_msgs15Int16MultiArray6getMD5Ev
                0x0000000008003d64       0x1c ./Core/Src/mainpp.o
                0x0000000008003d64                std_msgs::Int16MultiArray::getMD5()
 .text._ZN8std_msgs6StringC2Ev
                0x0000000008003d80       0x30 ./Core/Src/mainpp.o
                0x0000000008003d80                std_msgs::String::String()
                0x0000000008003d80                std_msgs::String::String()
 .text._ZNK8std_msgs6String9serializeEPh
                0x0000000008003db0       0x52 ./Core/Src/mainpp.o
                0x0000000008003db0                std_msgs::String::serialize(unsigned char*) const
 .text._ZN8std_msgs6String11deserializeEPh
                0x0000000008003e02       0x7e ./Core/Src/mainpp.o
                0x0000000008003e02                std_msgs::String::deserialize(unsigned char*)
 .text._ZN8std_msgs6String7getTypeEv
                0x0000000008003e80       0x1c ./Core/Src/mainpp.o
                0x0000000008003e80                std_msgs::String::getType()
 .text._ZN8std_msgs6String6getMD5Ev
                0x0000000008003e9c       0x1c ./Core/Src/mainpp.o
                0x0000000008003e9c                std_msgs::String::getMD5()
 .text._Z13cake_callbackRKN8std_msgs6StringE
                0x0000000008003eb8       0xe0 ./Core/Src/mainpp.o
                0x0000000008003eb8                cake_callback(std_msgs::String const&)
 .text.HAL_UART_TxCpltCallback
                0x0000000008003f98       0x24 ./Core/Src/mainpp.o
                0x0000000008003f98                HAL_UART_TxCpltCallback
 .text.HAL_UART_ErrorCallback
                0x0000000008003fbc       0x38 ./Core/Src/mainpp.o
                0x0000000008003fbc                HAL_UART_ErrorCallback
 .text.pub_to_ros
                0x0000000008003ff4       0x28 ./Core/Src/mainpp.o
                0x0000000008003ff4                pub_to_ros
 .text.pub_the_gate
                0x000000000800401c       0x28 ./Core/Src/mainpp.o
                0x000000000800401c                pub_the_gate
 .text.setup    0x0000000008004044       0x38 ./Core/Src/mainpp.o
                0x0000000008004044                setup
 .text.loop     0x000000000800407c       0x20 ./Core/Src/mainpp.o
                0x000000000800407c                loop
 .text._ZN3ros3Msg8varToArrIPhmEEvT_T0_
                0x000000000800409c       0x3c ./Core/Src/mainpp.o
                0x000000000800409c                void ros::Msg::varToArr<unsigned char*, unsigned long>(unsigned char*, unsigned long)
 .text._ZN3ros3Msg8arrToVarImPhEEvRT_T0_
                0x00000000080040d8       0x4a ./Core/Src/mainpp.o
                0x00000000080040d8                void ros::Msg::arrToVar<unsigned long, unsigned char*>(unsigned long&, unsigned char*)
 *fill*         0x0000000008004122        0x2 
 .text._ZN3ros15NodeHandleBase_C2Ev
                0x0000000008004124       0x20 ./Core/Src/mainpp.o
                0x0000000008004124                ros::NodeHandleBase_::NodeHandleBase_()
                0x0000000008004124                ros::NodeHandleBase_::NodeHandleBase_()
 .text._ZN3ros11NodeHandle_I13STM32HardwareLi25ELi25ELi512ELi512EEC2Ev
                0x0000000008004144      0x100 ./Core/Src/mainpp.o
                0x0000000008004144                ros::NodeHandle_<STM32Hardware, 25, 25, 512, 512>::NodeHandle_()
                0x0000000008004144                ros::NodeHandle_<STM32Hardware, 25, 25, 512, 512>::NodeHandle_()
 .text._ZN3ros11Subscriber_C2Ev
                0x0000000008004244       0x20 ./Core/Src/mainpp.o
                0x0000000008004244                ros::Subscriber_::Subscriber_()
                0x0000000008004244                ros::Subscriber_::Subscriber_()
 .text._ZN3ros10SubscriberIN8std_msgs6StringEvEC2EPKcPFvRKS2_Ei
                0x0000000008004264       0x48 ./Core/Src/mainpp.o
                0x0000000008004264                ros::Subscriber<std_msgs::String, void>::Subscriber(char const*, void (*)(std_msgs::String const&), int)
                0x0000000008004264                ros::Subscriber<std_msgs::String, void>::Subscriber(char const*, void (*)(std_msgs::String const&), int)
 .text._ZN3ros11NodeHandle_I13STM32HardwareLi25ELi25ELi512ELi512EE11getHardwareEv
                0x00000000080042ac       0x18 ./Core/Src/mainpp.o
                0x00000000080042ac                ros::NodeHandle_<STM32Hardware, 25, 25, 512, 512>::getHardware()
 .text._ZN3ros11NodeHandle_I13STM32HardwareLi25ELi25ELi512ELi512EE8initNodeEv
                0x00000000080042c4       0x3a ./Core/Src/mainpp.o
                0x00000000080042c4                ros::NodeHandle_<STM32Hardware, 25, 25, 512, 512>::initNode()
 .text._ZN3ros11NodeHandle_I13STM32HardwareLi25ELi25ELi512ELi512EE9subscribeINS_10SubscriberIN8std_msgs6StringEvEEEEbRT_
                0x00000000080042fe       0x56 ./Core/Src/mainpp.o
                0x00000000080042fe                bool ros::NodeHandle_<STM32Hardware, 25, 25, 512, 512>::subscribe<ros::Subscriber<std_msgs::String, void> >(ros::Subscriber<std_msgs::String, void>&)
 .text._ZN3ros11NodeHandle_I13STM32HardwareLi25ELi25ELi512ELi512EE9advertiseERNS_9PublisherE
                0x0000000008004354       0x60 ./Core/Src/mainpp.o
                0x0000000008004354                ros::NodeHandle_<STM32Hardware, 25, 25, 512, 512>::advertise(ros::Publisher&)
 .text._ZN3ros11NodeHandle_I13STM32HardwareLi25ELi25ELi512ELi512EE8spinOnceEv
                0x00000000080043b4      0x3b2 ./Core/Src/mainpp.o
                0x00000000080043b4                ros::NodeHandle_<STM32Hardware, 25, 25, 512, 512>::spinOnce()
 .text._ZN3ros11NodeHandle_I13STM32HardwareLi25ELi25ELi512ELi512EE15requestSyncTimeEv
                0x0000000008004766       0x3c ./Core/Src/mainpp.o
                0x0000000008004766                ros::NodeHandle_<STM32Hardware, 25, 25, 512, 512>::requestSyncTime()
 .text._ZN3ros11NodeHandle_I13STM32HardwareLi25ELi25ELi512ELi512EE15negotiateTopicsEv
                0x00000000080047a2      0x1be ./Core/Src/mainpp.o
                0x00000000080047a2                ros::NodeHandle_<STM32Hardware, 25, 25, 512, 512>::negotiateTopics()
 .text._ZN3ros11NodeHandle_I13STM32HardwareLi25ELi25ELi512ELi512EE8syncTimeEPh
                0x0000000008004960       0x98 ./Core/Src/mainpp.o
                0x0000000008004960                ros::NodeHandle_<STM32Hardware, 25, 25, 512, 512>::syncTime(unsigned char*)
 .text._ZN3ros11NodeHandle_I13STM32HardwareLi25ELi25ELi512ELi512EE7publishEiPKNS_3MsgE
                0x00000000080049f8      0x128 ./Core/Src/mainpp.o
                0x00000000080049f8                ros::NodeHandle_<STM32Hardware, 25, 25, 512, 512>::publish(int, ros::Msg const*)
 .text._ZN3ros11NodeHandle_I13STM32HardwareLi25ELi25ELi512ELi512EE6setNowERNS_4TimeE
                0x0000000008004b20       0x80 ./Core/Src/mainpp.o
                0x0000000008004b20                ros::NodeHandle_<STM32Hardware, 25, 25, 512, 512>::setNow(ros::Time&)
 .text._ZN3ros11NodeHandle_I13STM32HardwareLi25ELi25ELi512ELi512EE8logerrorEPKc
                0x0000000008004ba0       0x1c ./Core/Src/mainpp.o
                0x0000000008004ba0                ros::NodeHandle_<STM32Hardware, 25, 25, 512, 512>::logerror(char const*)
 .text._ZN3ros11NodeHandle_I13STM32HardwareLi25ELi25ELi512ELi512EE3logEcPKc
                0x0000000008004bbc       0x38 ./Core/Src/mainpp.o
                0x0000000008004bbc                ros::NodeHandle_<STM32Hardware, 25, 25, 512, 512>::log(char, char const*)
 .text._Z41__static_initialization_and_destruction_0ii
                0x0000000008004bf4       0x80 ./Core/Src/mainpp.o
 .text._ZN3ros10SubscriberIN8std_msgs6StringEvE8callbackEPh
                0x0000000008004c74       0x2a ./Core/Src/mainpp.o
                0x0000000008004c74                ros::Subscriber<std_msgs::String, void>::callback(unsigned char*)
 .text._ZN3ros10SubscriberIN8std_msgs6StringEvE15getEndpointTypeEv
                0x0000000008004c9e       0x18 ./Core/Src/mainpp.o
                0x0000000008004c9e                ros::Subscriber<std_msgs::String, void>::getEndpointType()
 .text._ZN3ros10SubscriberIN8std_msgs6StringEvE10getMsgTypeEv
                0x0000000008004cb6       0x1c ./Core/Src/mainpp.o
                0x0000000008004cb6                ros::Subscriber<std_msgs::String, void>::getMsgType()
 .text._ZN3ros10SubscriberIN8std_msgs6StringEvE9getMsgMD5Ev
                0x0000000008004cd2       0x1c ./Core/Src/mainpp.o
                0x0000000008004cd2                ros::Subscriber<std_msgs::String, void>::getMsgMD5()
 .text._ZN3ros11NodeHandle_I13STM32HardwareLi25ELi25ELi512ELi512EE9connectedEv
                0x0000000008004cee       0x1a ./Core/Src/mainpp.o
                0x0000000008004cee                ros::NodeHandle_<STM32Hardware, 25, 25, 512, 512>::connected()
 .text._GLOBAL__sub_I__Z13cake_callbackRKN8std_msgs6StringE
                0x0000000008004d08       0x10 ./Core/Src/mainpp.o
 .text.mainrun  0x0000000008004d18      0x2f8 ./Core/Src/mainrun.o
                0x0000000008004d18                mainrun
 .text.HAL_GPIO_EXTI_Callback
                0x0000000008005010       0x44 ./Core/Src/mainrun.o
                0x0000000008005010                HAL_GPIO_EXTI_Callback
 .text.HAL_TIM_PeriodElapsedCallback
                0x0000000008005054      0x674 ./Core/Src/mainrun.o
                0x0000000008005054                HAL_TIM_PeriodElapsedCallback
 .text.HAL_MspInit
                0x00000000080056c8       0x70 ./Core/Src/stm32f4xx_hal_msp.o
                0x00000000080056c8                HAL_MspInit
 .text.NMI_Handler
                0x0000000008005738        0x6 ./Core/Src/stm32f4xx_it.o
                0x0000000008005738                NMI_Handler
 .text.HardFault_Handler
                0x000000000800573e        0x6 ./Core/Src/stm32f4xx_it.o
                0x000000000800573e                HardFault_Handler
 .text.MemManage_Handler
                0x0000000008005744        0x6 ./Core/Src/stm32f4xx_it.o
                0x0000000008005744                MemManage_Handler
 .text.BusFault_Handler
                0x000000000800574a        0x6 ./Core/Src/stm32f4xx_it.o
                0x000000000800574a                BusFault_Handler
 .text.UsageFault_Handler
                0x0000000008005750        0x6 ./Core/Src/stm32f4xx_it.o
                0x0000000008005750                UsageFault_Handler
 .text.SVC_Handler
                0x0000000008005756        0xe ./Core/Src/stm32f4xx_it.o
                0x0000000008005756                SVC_Handler
 .text.DebugMon_Handler
                0x0000000008005764        0xe ./Core/Src/stm32f4xx_it.o
                0x0000000008005764                DebugMon_Handler
 .text.PendSV_Handler
                0x0000000008005772        0xe ./Core/Src/stm32f4xx_it.o
                0x0000000008005772                PendSV_Handler
 .text.SysTick_Handler
                0x0000000008005780        0xc ./Core/Src/stm32f4xx_it.o
                0x0000000008005780                SysTick_Handler
 .text.RCC_IRQHandler
                0x000000000800578c        0xe ./Core/Src/stm32f4xx_it.o
                0x000000000800578c                RCC_IRQHandler
 .text.EXTI4_IRQHandler
                0x000000000800579a        0xe ./Core/Src/stm32f4xx_it.o
                0x000000000800579a                EXTI4_IRQHandler
 .text.DMA1_Stream5_IRQHandler
                0x00000000080057a8       0x14 ./Core/Src/stm32f4xx_it.o
                0x00000000080057a8                DMA1_Stream5_IRQHandler
 .text.DMA1_Stream6_IRQHandler
                0x00000000080057bc       0x14 ./Core/Src/stm32f4xx_it.o
                0x00000000080057bc                DMA1_Stream6_IRQHandler
 .text.TIM1_UP_TIM10_IRQHandler
                0x00000000080057d0       0x14 ./Core/Src/stm32f4xx_it.o
                0x00000000080057d0                TIM1_UP_TIM10_IRQHandler
 .text.USART1_IRQHandler
                0x00000000080057e4       0x14 ./Core/Src/stm32f4xx_it.o
                0x00000000080057e4                USART1_IRQHandler
 .text.USART2_IRQHandler
                0x00000000080057f8       0x14 ./Core/Src/stm32f4xx_it.o
                0x00000000080057f8                USART2_IRQHandler
 .text.EXTI15_10_IRQHandler
                0x000000000800580c       0x20 ./Core/Src/stm32f4xx_it.o
                0x000000000800580c                EXTI15_10_IRQHandler
 .text.TIM6_DAC_IRQHandler
                0x000000000800582c       0x14 ./Core/Src/stm32f4xx_it.o
                0x000000000800582c                TIM6_DAC_IRQHandler
 .text.TIM7_IRQHandler
                0x0000000008005840       0x14 ./Core/Src/stm32f4xx_it.o
                0x0000000008005840                TIM7_IRQHandler
 .text.DMA2_Stream0_IRQHandler
                0x0000000008005854       0x14 ./Core/Src/stm32f4xx_it.o
                0x0000000008005854                DMA2_Stream0_IRQHandler
 .text.DMA2_Stream2_IRQHandler
                0x0000000008005868       0x14 ./Core/Src/stm32f4xx_it.o
                0x0000000008005868                DMA2_Stream2_IRQHandler
 .text.DMA2_Stream7_IRQHandler
                0x000000000800587c       0x14 ./Core/Src/stm32f4xx_it.o
                0x000000000800587c                DMA2_Stream7_IRQHandler
 .text._getpid  0x0000000008005890       0x10 ./Core/Src/syscalls.o
                0x0000000008005890                _getpid
 .text._kill    0x00000000080058a0       0x20 ./Core/Src/syscalls.o
                0x00000000080058a0                _kill
 .text._exit    0x00000000080058c0       0x14 ./Core/Src/syscalls.o
                0x00000000080058c0                _exit
 .text._sbrk    0x00000000080058d4       0x6c ./Core/Src/sysmem.o
                0x00000000080058d4                _sbrk
 .text.SystemInit
                0x0000000008005940       0x24 ./Core/Src/system_stm32f4xx.o
                0x0000000008005940                SystemInit
 .text.MX_TIM2_Init
                0x0000000008005964       0xc8 ./Core/Src/tim.o
                0x0000000008005964                MX_TIM2_Init
 .text.MX_TIM3_Init
                0x0000000008005a2c       0xf4 ./Core/Src/tim.o
                0x0000000008005a2c                MX_TIM3_Init
 .text.MX_TIM6_Init
                0x0000000008005b20       0x6c ./Core/Src/tim.o
                0x0000000008005b20                MX_TIM6_Init
 .text.MX_TIM7_Init
                0x0000000008005b8c       0x6c ./Core/Src/tim.o
                0x0000000008005b8c                MX_TIM7_Init
 .text.MX_TIM10_Init
                0x0000000008005bf8       0x48 ./Core/Src/tim.o
                0x0000000008005bf8                MX_TIM10_Init
 .text.MX_TIM11_Init
                0x0000000008005c40       0x44 ./Core/Src/tim.o
                0x0000000008005c40                MX_TIM11_Init
 .text.HAL_TIM_PWM_MspInit
                0x0000000008005c84       0x6c ./Core/Src/tim.o
                0x0000000008005c84                HAL_TIM_PWM_MspInit
 .text.HAL_TIM_Base_MspInit
                0x0000000008005cf0       0xf4 ./Core/Src/tim.o
                0x0000000008005cf0                HAL_TIM_Base_MspInit
 .text.HAL_TIM_MspPostInit
                0x0000000008005de4       0xc0 ./Core/Src/tim.o
                0x0000000008005de4                HAL_TIM_MspPostInit
 .text.MX_USART1_UART_Init
                0x0000000008005ea4       0x54 ./Core/Src/usart.o
                0x0000000008005ea4                MX_USART1_UART_Init
 .text.MX_USART2_UART_Init
                0x0000000008005ef8       0x54 ./Core/Src/usart.o
                0x0000000008005ef8                MX_USART2_UART_Init
 .text.MX_USART3_UART_Init
                0x0000000008005f4c       0x54 ./Core/Src/usart.o
                0x0000000008005f4c                MX_USART3_UART_Init
 .text.HAL_UART_MspInit
                0x0000000008005fa0      0x36c ./Core/Src/usart.o
                0x0000000008005fa0                HAL_UART_MspInit
 .text.HAL_UART_MspDeInit
                0x000000000800630c       0xcc ./Core/Src/usart.o
                0x000000000800630c                HAL_UART_MspDeInit
 .text.Reset_Handler
                0x00000000080063d8       0x50 ./Core/Startup/startup_stm32f446retx.o
                0x00000000080063d8                Reset_Handler
 .text.Default_Handler
                0x0000000008006428        0x2 ./Core/Startup/startup_stm32f446retx.o
                0x0000000008006428                RTC_Alarm_IRQHandler
                0x0000000008006428                EXTI2_IRQHandler
                0x0000000008006428                TIM8_CC_IRQHandler
                0x0000000008006428                FMPI2C1_EV_IRQHandler
                0x0000000008006428                SPI4_IRQHandler
                0x0000000008006428                TIM1_CC_IRQHandler
                0x0000000008006428                DMA2_Stream5_IRQHandler
                0x0000000008006428                PVD_IRQHandler
                0x0000000008006428                SDIO_IRQHandler
                0x0000000008006428                TAMP_STAMP_IRQHandler
                0x0000000008006428                CAN2_RX1_IRQHandler
                0x0000000008006428                EXTI3_IRQHandler
                0x0000000008006428                TIM8_TRG_COM_TIM14_IRQHandler
                0x0000000008006428                TIM8_UP_TIM13_IRQHandler
                0x0000000008006428                I2C3_ER_IRQHandler
                0x0000000008006428                EXTI0_IRQHandler
                0x0000000008006428                I2C2_EV_IRQHandler
                0x0000000008006428                DMA1_Stream2_IRQHandler
                0x0000000008006428                CAN1_RX0_IRQHandler
                0x0000000008006428                FPU_IRQHandler
                0x0000000008006428                OTG_HS_WKUP_IRQHandler
                0x0000000008006428                CAN2_SCE_IRQHandler
                0x0000000008006428                SPI1_IRQHandler
                0x0000000008006428                TIM1_BRK_TIM9_IRQHandler
                0x0000000008006428                DCMI_IRQHandler
                0x0000000008006428                CAN2_RX0_IRQHandler
                0x0000000008006428                DMA2_Stream3_IRQHandler
                0x0000000008006428                SAI2_IRQHandler
                0x0000000008006428                USART6_IRQHandler
                0x0000000008006428                USART3_IRQHandler
                0x0000000008006428                CAN1_RX1_IRQHandler
                0x0000000008006428                UART5_IRQHandler
                0x0000000008006428                TIM4_IRQHandler
                0x0000000008006428                QUADSPI_IRQHandler
                0x0000000008006428                I2C1_EV_IRQHandler
                0x0000000008006428                DMA1_Stream1_IRQHandler
                0x0000000008006428                UART4_IRQHandler
                0x0000000008006428                TIM3_IRQHandler
                0x0000000008006428                TIM8_BRK_TIM12_IRQHandler
                0x0000000008006428                Default_Handler
                0x0000000008006428                CEC_IRQHandler
                0x0000000008006428                ADC_IRQHandler
                0x0000000008006428                DMA1_Stream7_IRQHandler
                0x0000000008006428                CAN2_TX_IRQHandler
                0x0000000008006428                TIM5_IRQHandler
                0x0000000008006428                I2C3_EV_IRQHandler
                0x0000000008006428                EXTI9_5_IRQHandler
                0x0000000008006428                RTC_WKUP_IRQHandler
                0x0000000008006428                SPDIF_RX_IRQHandler
                0x0000000008006428                SPI2_IRQHandler
                0x0000000008006428                OTG_HS_EP1_IN_IRQHandler
                0x0000000008006428                DMA1_Stream0_IRQHandler
                0x0000000008006428                CAN1_TX_IRQHandler
                0x0000000008006428                FMPI2C1_ER_IRQHandler
                0x0000000008006428                OTG_HS_EP1_OUT_IRQHandler
                0x0000000008006428                WWDG_IRQHandler
                0x0000000008006428                TIM2_IRQHandler
                0x0000000008006428                OTG_FS_WKUP_IRQHandler
                0x0000000008006428                TIM1_TRG_COM_TIM11_IRQHandler
                0x0000000008006428                OTG_HS_IRQHandler
                0x0000000008006428                EXTI1_IRQHandler
                0x0000000008006428                I2C2_ER_IRQHandler
                0x0000000008006428                DMA2_Stream1_IRQHandler
                0x0000000008006428                CAN1_SCE_IRQHandler
                0x0000000008006428                FLASH_IRQHandler
                0x0000000008006428                DMA2_Stream4_IRQHandler
                0x0000000008006428                OTG_FS_IRQHandler
                0x0000000008006428                SPI3_IRQHandler
                0x0000000008006428                DMA1_Stream4_IRQHandler
                0x0000000008006428                I2C1_ER_IRQHandler
                0x0000000008006428                FMC_IRQHandler
                0x0000000008006428                DMA2_Stream6_IRQHandler
                0x0000000008006428                SAI1_IRQHandler
                0x0000000008006428                DMA1_Stream3_IRQHandler
 *fill*         0x000000000800642a        0x2 
 .text.HAL_Init
                0x000000000800642c       0x44 ./Drivers/STM32F4xx_HAL_Driver/Src/stm32f4xx_hal.o
                0x000000000800642c                HAL_Init
 .text.HAL_InitTick
                0x0000000008006470       0x60 ./Drivers/STM32F4xx_HAL_Driver/Src/stm32f4xx_hal.o
                0x0000000008006470                HAL_InitTick
 .text.HAL_IncTick
                0x00000000080064d0       0x28 ./Drivers/STM32F4xx_HAL_Driver/Src/stm32f4xx_hal.o
                0x00000000080064d0                HAL_IncTick
 .text.HAL_GetTick
                0x00000000080064f8       0x18 ./Drivers/STM32F4xx_HAL_Driver/Src/stm32f4xx_hal.o
                0x00000000080064f8                HAL_GetTick
 .text.HAL_Delay
                0x0000000008006510       0x48 ./Drivers/STM32F4xx_HAL_Driver/Src/stm32f4xx_hal.o
                0x0000000008006510                HAL_Delay
 .text.HAL_ADC_Init
                0x0000000008006558       0x86 ./Drivers/STM32F4xx_HAL_Driver/Src/stm32f4xx_hal_adc.o
                0x0000000008006558                HAL_ADC_Init
 *fill*         0x00000000080065de        0x2 
 .text.HAL_ADC_ConfigChannel
                0x00000000080065e0      0x264 ./Drivers/STM32F4xx_HAL_Driver/Src/stm32f4xx_hal_adc.o
                0x00000000080065e0                HAL_ADC_ConfigChannel
 .text.ADC_Init
                0x0000000008006844      0x1f8 ./Drivers/STM32F4xx_HAL_Driver/Src/stm32f4xx_hal_adc.o
 .text.__NVIC_SetPriorityGrouping
                0x0000000008006a3c       0x48 ./Drivers/STM32F4xx_HAL_Driver/Src/stm32f4xx_hal_cortex.o
 .text.__NVIC_GetPriorityGrouping
                0x0000000008006a84       0x1c ./Drivers/STM32F4xx_HAL_Driver/Src/stm32f4xx_hal_cortex.o
 .text.__NVIC_EnableIRQ
                0x0000000008006aa0       0x3c ./Drivers/STM32F4xx_HAL_Driver/Src/stm32f4xx_hal_cortex.o
 .text.__NVIC_DisableIRQ
                0x0000000008006adc       0x48 ./Drivers/STM32F4xx_HAL_Driver/Src/stm32f4xx_hal_cortex.o
 .text.__NVIC_SetPriority
                0x0000000008006b24       0x54 ./Drivers/STM32F4xx_HAL_Driver/Src/stm32f4xx_hal_cortex.o
 .text.NVIC_EncodePriority
                0x0000000008006b78       0x66 ./Drivers/STM32F4xx_HAL_Driver/Src/stm32f4xx_hal_cortex.o
 *fill*         0x0000000008006bde        0x2 
 .text.SysTick_Config
                0x0000000008006be0       0x44 ./Drivers/STM32F4xx_HAL_Driver/Src/stm32f4xx_hal_cortex.o
 .text.HAL_NVIC_SetPriorityGrouping
                0x0000000008006c24       0x16 ./Drivers/STM32F4xx_HAL_Driver/Src/stm32f4xx_hal_cortex.o
                0x0000000008006c24                HAL_NVIC_SetPriorityGrouping
 .text.HAL_NVIC_SetPriority
                0x0000000008006c3a       0x38 ./Drivers/STM32F4xx_HAL_Driver/Src/stm32f4xx_hal_cortex.o
                0x0000000008006c3a                HAL_NVIC_SetPriority
 .text.HAL_NVIC_EnableIRQ
                0x0000000008006c72       0x1c ./Drivers/STM32F4xx_HAL_Driver/Src/stm32f4xx_hal_cortex.o
                0x0000000008006c72                HAL_NVIC_EnableIRQ
 .text.HAL_NVIC_DisableIRQ
                0x0000000008006c8e       0x1c ./Drivers/STM32F4xx_HAL_Driver/Src/stm32f4xx_hal_cortex.o
                0x0000000008006c8e                HAL_NVIC_DisableIRQ
 .text.HAL_SYSTICK_Config
                0x0000000008006caa       0x18 ./Drivers/STM32F4xx_HAL_Driver/Src/stm32f4xx_hal_cortex.o
                0x0000000008006caa                HAL_SYSTICK_Config
 *fill*         0x0000000008006cc2        0x2 
 .text.HAL_DMA_Init
                0x0000000008006cc4      0x15c ./Drivers/STM32F4xx_HAL_Driver/Src/stm32f4xx_hal_dma.o
                0x0000000008006cc4                HAL_DMA_Init
 .text.HAL_DMA_DeInit
                0x0000000008006e20       0xbc ./Drivers/STM32F4xx_HAL_Driver/Src/stm32f4xx_hal_dma.o
                0x0000000008006e20                HAL_DMA_DeInit
 .text.HAL_DMA_Start_IT
                0x0000000008006edc       0xb0 ./Drivers/STM32F4xx_HAL_Driver/Src/stm32f4xx_hal_dma.o
                0x0000000008006edc                HAL_DMA_Start_IT
 .text.HAL_DMA_Abort
                0x0000000008006f8c       0xe0 ./Drivers/STM32F4xx_HAL_Driver/Src/stm32f4xx_hal_dma.o
                0x0000000008006f8c                HAL_DMA_Abort
 .text.HAL_DMA_Abort_IT
                0x000000000800706c       0x44 ./Drivers/STM32F4xx_HAL_Driver/Src/stm32f4xx_hal_dma.o
                0x000000000800706c                HAL_DMA_Abort_IT
 .text.HAL_DMA_IRQHandler
                0x00000000080070b0      0x314 ./Drivers/STM32F4xx_HAL_Driver/Src/stm32f4xx_hal_dma.o
                0x00000000080070b0                HAL_DMA_IRQHandler
 .text.DMA_SetConfig
                0x00000000080073c4       0x5c ./Drivers/STM32F4xx_HAL_Driver/Src/stm32f4xx_hal_dma.o
 .text.DMA_CalcBaseAndBitshift
                0x0000000008007420       0x6c ./Drivers/STM32F4xx_HAL_Driver/Src/stm32f4xx_hal_dma.o
 .text.DMA_CheckFifoParam
                0x000000000800748c       0xf8 ./Drivers/STM32F4xx_HAL_Driver/Src/stm32f4xx_hal_dma.o
 .text.HAL_GPIO_Init
                0x0000000008007584      0x328 ./Drivers/STM32F4xx_HAL_Driver/Src/stm32f4xx_hal_gpio.o
                0x0000000008007584                HAL_GPIO_Init
 .text.HAL_GPIO_DeInit
                0x00000000080078ac      0x1e8 ./Drivers/STM32F4xx_HAL_Driver/Src/stm32f4xx_hal_gpio.o
                0x00000000080078ac                HAL_GPIO_DeInit
 .text.HAL_GPIO_WritePin
                0x0000000008007a94       0x32 ./Drivers/STM32F4xx_HAL_Driver/Src/stm32f4xx_hal_gpio.o
                0x0000000008007a94                HAL_GPIO_WritePin
 *fill*         0x0000000008007ac6        0x2 
 .text.HAL_GPIO_EXTI_IRQHandler
                0x0000000008007ac8       0x30 ./Drivers/STM32F4xx_HAL_Driver/Src/stm32f4xx_hal_gpio.o
                0x0000000008007ac8                HAL_GPIO_EXTI_IRQHandler
 .text.HAL_I2C_Init
                0x0000000008007af8      0x288 ./Drivers/STM32F4xx_HAL_Driver/Src/stm32f4xx_hal_i2c.o
                0x0000000008007af8                HAL_I2C_Init
 .text.HAL_RCC_ClockConfig
                0x0000000008007d80      0x1cc ./Drivers/STM32F4xx_HAL_Driver/Src/stm32f4xx_hal_rcc.o
                0x0000000008007d80                HAL_RCC_ClockConfig
 .text.HAL_RCC_GetHCLKFreq
                0x0000000008007f4c       0x18 ./Drivers/STM32F4xx_HAL_Driver/Src/stm32f4xx_hal_rcc.o
                0x0000000008007f4c                HAL_RCC_GetHCLKFreq
 .text.HAL_RCC_GetPCLK1Freq
                0x0000000008007f64       0x28 ./Drivers/STM32F4xx_HAL_Driver/Src/stm32f4xx_hal_rcc.o
                0x0000000008007f64                HAL_RCC_GetPCLK1Freq
 .text.HAL_RCC_GetPCLK2Freq
                0x0000000008007f8c       0x28 ./Drivers/STM32F4xx_HAL_Driver/Src/stm32f4xx_hal_rcc.o
                0x0000000008007f8c                HAL_RCC_GetPCLK2Freq
 .text.HAL_RCC_GetSysClockFreq
                0x0000000008007fb4      0x460 ./Drivers/STM32F4xx_HAL_Driver/Src/stm32f4xx_hal_rcc_ex.o
                0x0000000008007fb4                HAL_RCC_GetSysClockFreq
 .text.HAL_RCC_OscConfig
                0x0000000008008414      0x53c ./Drivers/STM32F4xx_HAL_Driver/Src/stm32f4xx_hal_rcc_ex.o
                0x0000000008008414                HAL_RCC_OscConfig
 .text.HAL_TIM_Base_Init
                0x0000000008008950       0x9e ./Drivers/STM32F4xx_HAL_Driver/Src/stm32f4xx_hal_tim.o
                0x0000000008008950                HAL_TIM_Base_Init
 *fill*         0x00000000080089ee        0x2 
 .text.HAL_TIM_Base_Start_IT
                0x00000000080089f0       0xe0 ./Drivers/STM32F4xx_HAL_Driver/Src/stm32f4xx_hal_tim.o
                0x00000000080089f0                HAL_TIM_Base_Start_IT
 .text.HAL_TIM_PWM_Init
                0x0000000008008ad0       0x9e ./Drivers/STM32F4xx_HAL_Driver/Src/stm32f4xx_hal_tim.o
                0x0000000008008ad0                HAL_TIM_PWM_Init
 *fill*         0x0000000008008b6e        0x2 
 .text.HAL_TIM_PWM_Start
                0x0000000008008b70      0x190 ./Drivers/STM32F4xx_HAL_Driver/Src/stm32f4xx_hal_tim.o
                0x0000000008008b70                HAL_TIM_PWM_Start
 .text.HAL_TIM_IRQHandler
                0x0000000008008d00      0x210 ./Drivers/STM32F4xx_HAL_Driver/Src/stm32f4xx_hal_tim.o
                0x0000000008008d00                HAL_TIM_IRQHandler
 .text.HAL_TIM_PWM_ConfigChannel
                0x0000000008008f10      0x184 ./Drivers/STM32F4xx_HAL_Driver/Src/stm32f4xx_hal_tim.o
                0x0000000008008f10                HAL_TIM_PWM_ConfigChannel
 .text.HAL_TIM_OC_DelayElapsedCallback
                0x0000000008009094       0x14 ./Drivers/STM32F4xx_HAL_Driver/Src/stm32f4xx_hal_tim.o
                0x0000000008009094                HAL_TIM_OC_DelayElapsedCallback
 .text.HAL_TIM_IC_CaptureCallback
                0x00000000080090a8       0x14 ./Drivers/STM32F4xx_HAL_Driver/Src/stm32f4xx_hal_tim.o
                0x00000000080090a8                HAL_TIM_IC_CaptureCallback
 .text.HAL_TIM_PWM_PulseFinishedCallback
                0x00000000080090bc       0x14 ./Drivers/STM32F4xx_HAL_Driver/Src/stm32f4xx_hal_tim.o
                0x00000000080090bc                HAL_TIM_PWM_PulseFinishedCallback
 .text.HAL_TIM_TriggerCallback
                0x00000000080090d0       0x14 ./Drivers/STM32F4xx_HAL_Driver/Src/stm32f4xx_hal_tim.o
                0x00000000080090d0                HAL_TIM_TriggerCallback
 .text.TIM_Base_SetConfig
                0x00000000080090e4      0x140 ./Drivers/STM32F4xx_HAL_Driver/Src/stm32f4xx_hal_tim.o
                0x00000000080090e4                TIM_Base_SetConfig
 .text.TIM_OC1_SetConfig
                0x0000000008009224       0xe0 ./Drivers/STM32F4xx_HAL_Driver/Src/stm32f4xx_hal_tim.o
 .text.TIM_OC2_SetConfig
                0x0000000008009304       0xec ./Drivers/STM32F4xx_HAL_Driver/Src/stm32f4xx_hal_tim.o
                0x0000000008009304                TIM_OC2_SetConfig
 .text.TIM_OC3_SetConfig
                0x00000000080093f0       0xe8 ./Drivers/STM32F4xx_HAL_Driver/Src/stm32f4xx_hal_tim.o
 .text.TIM_OC4_SetConfig
                0x00000000080094d8       0xac ./Drivers/STM32F4xx_HAL_Driver/Src/stm32f4xx_hal_tim.o
 .text.TIM_CCxChannelCmd
                0x0000000008009584       0x4a ./Drivers/STM32F4xx_HAL_Driver/Src/stm32f4xx_hal_tim.o
                0x0000000008009584                TIM_CCxChannelCmd
 *fill*         0x00000000080095ce        0x2 
 .text.HAL_TIMEx_MasterConfigSynchronization
                0x00000000080095d0       0xf8 ./Drivers/STM32F4xx_HAL_Driver/Src/stm32f4xx_hal_tim_ex.o
                0x00000000080095d0                HAL_TIMEx_MasterConfigSynchronization
 .text.HAL_TIMEx_CommutCallback
                0x00000000080096c8       0x14 ./Drivers/STM32F4xx_HAL_Driver/Src/stm32f4xx_hal_tim_ex.o
                0x00000000080096c8                HAL_TIMEx_CommutCallback
 .text.HAL_TIMEx_BreakCallback
                0x00000000080096dc       0x14 ./Drivers/STM32F4xx_HAL_Driver/Src/stm32f4xx_hal_tim_ex.o
                0x00000000080096dc                HAL_TIMEx_BreakCallback
 .text.HAL_UART_Init
                0x00000000080096f0       0x9a ./Drivers/STM32F4xx_HAL_Driver/Src/stm32f4xx_hal_uart.o
                0x00000000080096f0                HAL_UART_Init
 .text.HAL_UART_DeInit
                0x000000000800978a       0x5e ./Drivers/STM32F4xx_HAL_Driver/Src/stm32f4xx_hal_uart.o
                0x000000000800978a                HAL_UART_DeInit
 .text.HAL_UART_Transmit
                0x00000000080097e8      0x124 ./Drivers/STM32F4xx_HAL_Driver/Src/stm32f4xx_hal_uart.o
                0x00000000080097e8                HAL_UART_Transmit
 .text.HAL_UART_Transmit_DMA
                0x000000000800990c       0xfc ./Drivers/STM32F4xx_HAL_Driver/Src/stm32f4xx_hal_uart.o
                0x000000000800990c                HAL_UART_Transmit_DMA
 .text.HAL_UART_Receive_DMA
                0x0000000008009a08       0x60 ./Drivers/STM32F4xx_HAL_Driver/Src/stm32f4xx_hal_uart.o
                0x0000000008009a08                HAL_UART_Receive_DMA
 .text.HAL_UART_IRQHandler
                0x0000000008009a68      0x51c ./Drivers/STM32F4xx_HAL_Driver/Src/stm32f4xx_hal_uart.o
                0x0000000008009a68                HAL_UART_IRQHandler
 .text.HAL_UART_TxHalfCpltCallback
                0x0000000008009f84       0x14 ./Drivers/STM32F4xx_HAL_Driver/Src/stm32f4xx_hal_uart.o
                0x0000000008009f84                HAL_UART_TxHalfCpltCallback
 .text.HAL_UART_RxCpltCallback
                0x0000000008009f98       0x14 ./Drivers/STM32F4xx_HAL_Driver/Src/stm32f4xx_hal_uart.o
                0x0000000008009f98                HAL_UART_RxCpltCallback
 .text.HAL_UART_RxHalfCpltCallback
                0x0000000008009fac       0x14 ./Drivers/STM32F4xx_HAL_Driver/Src/stm32f4xx_hal_uart.o
                0x0000000008009fac                HAL_UART_RxHalfCpltCallback
 .text.HAL_UARTEx_RxEventCallback
                0x0000000008009fc0       0x18 ./Drivers/STM32F4xx_HAL_Driver/Src/stm32f4xx_hal_uart.o
                0x0000000008009fc0                HAL_UARTEx_RxEventCallback
 .text.UART_DMATransmitCplt
                0x0000000008009fd8       0x9a ./Drivers/STM32F4xx_HAL_Driver/Src/stm32f4xx_hal_uart.o
 .text.UART_DMATxHalfCplt
                0x000000000800a072       0x1c ./Drivers/STM32F4xx_HAL_Driver/Src/stm32f4xx_hal_uart.o
 .text.UART_DMAReceiveCplt
                0x000000000800a08e      0x126 ./Drivers/STM32F4xx_HAL_Driver/Src/stm32f4xx_hal_uart.o
 .text.UART_DMARxHalfCplt
                0x000000000800a1b4       0x36 ./Drivers/STM32F4xx_HAL_Driver/Src/stm32f4xx_hal_uart.o
 .text.UART_DMAError
                0x000000000800a1ea       0x94 ./Drivers/STM32F4xx_HAL_Driver/Src/stm32f4xx_hal_uart.o
 .text.UART_WaitOnFlagUntilTimeout
                0x000000000800a27e       0xdc ./Drivers/STM32F4xx_HAL_Driver/Src/stm32f4xx_hal_uart.o
 *fill*         0x000000000800a35a        0x2 
 .text.UART_Start_Receive_DMA
                0x000000000800a35c      0x13c ./Drivers/STM32F4xx_HAL_Driver/Src/stm32f4xx_hal_uart.o
                0x000000000800a35c                UART_Start_Receive_DMA
 .text.UART_EndTxTransfer
                0x000000000800a498       0x50 ./Drivers/STM32F4xx_HAL_Driver/Src/stm32f4xx_hal_uart.o
 .text.UART_EndRxTransfer
                0x000000000800a4e8       0xc6 ./Drivers/STM32F4xx_HAL_Driver/Src/stm32f4xx_hal_uart.o
 .text.UART_DMAAbortOnError
                0x000000000800a5ae       0x28 ./Drivers/STM32F4xx_HAL_Driver/Src/stm32f4xx_hal_uart.o
 .text.UART_Transmit_IT
                0x000000000800a5d6       0xa0 ./Drivers/STM32F4xx_HAL_Driver/Src/stm32f4xx_hal_uart.o
 .text.UART_EndTransmit_IT
                0x000000000800a676       0x30 ./Drivers/STM32F4xx_HAL_Driver/Src/stm32f4xx_hal_uart.o
 .text.UART_Receive_IT
                0x000000000800a6a6      0x176 ./Drivers/STM32F4xx_HAL_Driver/Src/stm32f4xx_hal_uart.o
 .text.UART_SetConfig
                0x000000000800a81c      0x4e8 ./Drivers/STM32F4xx_HAL_Driver/Src/stm32f4xx_hal_uart.o
 .text.__cxa_pure_virtual
                0x000000000800ad04        0x6 c:/st/stm32cubeide_1.9.0/stm32cubeide/plugins/com.st.stm32cube.ide.mcu.externaltools.gnu-tools-for-stm32.10.3-2021.10.win32_1.0.200.202301161003/tools/bin/../lib/gcc/arm-none-eabi/10.3.1/../../../../arm-none-eabi/lib/thumb/v7e-m+fp/hard\libstdc++_nano.a(pure.o)
                0x000000000800ad04                __cxa_pure_virtual
 .text._ZN10__cxxabiv111__terminateEPFvvE
                0x000000000800ad0a        0x8 c:/st/stm32cubeide_1.9.0/stm32cubeide/plugins/com.st.stm32cube.ide.mcu.externaltools.gnu-tools-for-stm32.10.3-2021.10.win32_1.0.200.202301161003/tools/bin/../lib/gcc/arm-none-eabi/10.3.1/../../../../arm-none-eabi/lib/thumb/v7e-m+fp/hard\libstdc++_nano.a(eh_terminate.o)
                0x000000000800ad0a                __cxxabiv1::__terminate(void (*)())
 *fill*         0x000000000800ad12        0x2 
 .text._ZSt13get_terminatev
                0x000000000800ad14       0x10 c:/st/stm32cubeide_1.9.0/stm32cubeide/plugins/com.st.stm32cube.ide.mcu.externaltools.gnu-tools-for-stm32.10.3-2021.10.win32_1.0.200.202301161003/tools/bin/../lib/gcc/arm-none-eabi/10.3.1/../../../../arm-none-eabi/lib/thumb/v7e-m+fp/hard\libstdc++_nano.a(eh_terminate.o)
                0x000000000800ad14                std::get_terminate()
 .text._ZSt9terminatev
                0x000000000800ad24        0xa c:/st/stm32cubeide_1.9.0/stm32cubeide/plugins/com.st.stm32cube.ide.mcu.externaltools.gnu-tools-for-stm32.10.3-2021.10.win32_1.0.200.202301161003/tools/bin/../lib/gcc/arm-none-eabi/10.3.1/../../../../arm-none-eabi/lib/thumb/v7e-m+fp/hard\libstdc++_nano.a(eh_terminate.o)
                0x000000000800ad24                std::terminate()
 .text.abort    0x000000000800ad2e        0xe c:/st/stm32cubeide_1.9.0/stm32cubeide/plugins/com.st.stm32cube.ide.mcu.externaltools.gnu-tools-for-stm32.10.3-2021.10.win32_1.0.200.202301161003/tools/bin/../lib/gcc/arm-none-eabi/10.3.1/../../../../arm-none-eabi/lib/thumb/v7e-m+fp/hard\libc_nano.a(lib_a-abort.o)
                0x000000000800ad2e                abort
 .text.__errno  0x000000000800ad3c        0xc c:/st/stm32cubeide_1.9.0/stm32cubeide/plugins/com.st.stm32cube.ide.mcu.externaltools.gnu-tools-for-stm32.10.3-2021.10.win32_1.0.200.202301161003/tools/bin/../lib/gcc/arm-none-eabi/10.3.1/../../../../arm-none-eabi/lib/thumb/v7e-m+fp/hard\libc_nano.a(lib_a-errno.o)
                0x000000000800ad3c                __errno
 .text.__libc_init_array
                0x000000000800ad48       0x48 c:/st/stm32cubeide_1.9.0/stm32cubeide/plugins/com.st.stm32cube.ide.mcu.externaltools.gnu-tools-for-stm32.10.3-2021.10.win32_1.0.200.202301161003/tools/bin/../lib/gcc/arm-none-eabi/10.3.1/../../../../arm-none-eabi/lib/thumb/v7e-m+fp/hard\libc_nano.a(lib_a-init.o)
                0x000000000800ad48                __libc_init_array
 .text.memcpy   0x000000000800ad90       0x1c c:/st/stm32cubeide_1.9.0/stm32cubeide/plugins/com.st.stm32cube.ide.mcu.externaltools.gnu-tools-for-stm32.10.3-2021.10.win32_1.0.200.202301161003/tools/bin/../lib/gcc/arm-none-eabi/10.3.1/../../../../arm-none-eabi/lib/thumb/v7e-m+fp/hard\libc_nano.a(lib_a-memcpy-stub.o)
                0x000000000800ad90                memcpy
 .text.memset   0x000000000800adac       0x10 c:/st/stm32cubeide_1.9.0/stm32cubeide/plugins/com.st.stm32cube.ide.mcu.externaltools.gnu-tools-for-stm32.10.3-2021.10.win32_1.0.200.202301161003/tools/bin/../lib/gcc/arm-none-eabi/10.3.1/../../../../arm-none-eabi/lib/thumb/v7e-m+fp/hard\libc_nano.a(lib_a-memset.o)
                0x000000000800adac                memset
 .text.realloc  0x000000000800adbc       0x10 c:/st/stm32cubeide_1.9.0/stm32cubeide/plugins/com.st.stm32cube.ide.mcu.externaltools.gnu-tools-for-stm32.10.3-2021.10.win32_1.0.200.202301161003/tools/bin/../lib/gcc/arm-none-eabi/10.3.1/../../../../arm-none-eabi/lib/thumb/v7e-m+fp/hard\libc_nano.a(lib_a-realloc.o)
                0x000000000800adbc                realloc
 .text._raise_r
                0x000000000800adcc       0x50 c:/st/stm32cubeide_1.9.0/stm32cubeide/plugins/com.st.stm32cube.ide.mcu.externaltools.gnu-tools-for-stm32.10.3-2021.10.win32_1.0.200.202301161003/tools/bin/../lib/gcc/arm-none-eabi/10.3.1/../../../../arm-none-eabi/lib/thumb/v7e-m+fp/hard\libc_nano.a(lib_a-signal.o)
                0x000000000800adcc                _raise_r
 .text.raise    0x000000000800ae1c       0x10 c:/st/stm32cubeide_1.9.0/stm32cubeide/plugins/com.st.stm32cube.ide.mcu.externaltools.gnu-tools-for-stm32.10.3-2021.10.win32_1.0.200.202301161003/tools/bin/../lib/gcc/arm-none-eabi/10.3.1/../../../../arm-none-eabi/lib/thumb/v7e-m+fp/hard\libc_nano.a(lib_a-signal.o)
                0x000000000800ae1c                raise
 .text._kill_r  0x000000000800ae2c       0x24 c:/st/stm32cubeide_1.9.0/stm32cubeide/plugins/com.st.stm32cube.ide.mcu.externaltools.gnu-tools-for-stm32.10.3-2021.10.win32_1.0.200.202301161003/tools/bin/../lib/gcc/arm-none-eabi/10.3.1/../../../../arm-none-eabi/lib/thumb/v7e-m+fp/hard\libc_nano.a(lib_a-signalr.o)
                0x000000000800ae2c                _kill_r
 .text._getpid_r
                0x000000000800ae50        0x4 c:/st/stm32cubeide_1.9.0/stm32cubeide/plugins/com.st.stm32cube.ide.mcu.externaltools.gnu-tools-for-stm32.10.3-2021.10.win32_1.0.200.202301161003/tools/bin/../lib/gcc/arm-none-eabi/10.3.1/../../../../arm-none-eabi/lib/thumb/v7e-m+fp/hard\libc_nano.a(lib_a-signalr.o)
                0x000000000800ae50                _getpid_r
 .text.sbrk_aligned
                0x000000000800ae54       0x40 c:/st/stm32cubeide_1.9.0/stm32cubeide/plugins/com.st.stm32cube.ide.mcu.externaltools.gnu-tools-for-stm32.10.3-2021.10.win32_1.0.200.202301161003/tools/bin/../lib/gcc/arm-none-eabi/10.3.1/../../../../arm-none-eabi/lib/thumb/v7e-m+fp/hard\libc_nano.a(lib_a-nano-mallocr.o)
 .text._malloc_r
                0x000000000800ae94       0xe8 c:/st/stm32cubeide_1.9.0/stm32cubeide/plugins/com.st.stm32cube.ide.mcu.externaltools.gnu-tools-for-stm32.10.3-2021.10.win32_1.0.200.202301161003/tools/bin/../lib/gcc/arm-none-eabi/10.3.1/../../../../arm-none-eabi/lib/thumb/v7e-m+fp/hard\libc_nano.a(lib_a-nano-mallocr.o)
                0x000000000800ae94                _malloc_r
 .text._realloc_r
                0x000000000800af7c       0x5e c:/st/stm32cubeide_1.9.0/stm32cubeide/plugins/com.st.stm32cube.ide.mcu.externaltools.gnu-tools-for-stm32.10.3-2021.10.win32_1.0.200.202301161003/tools/bin/../lib/gcc/arm-none-eabi/10.3.1/../../../../arm-none-eabi/lib/thumb/v7e-m+fp/hard\libc_nano.a(lib_a-nano-reallocr.o)
                0x000000000800af7c                _realloc_r
 *fill*         0x000000000800afda        0x2 
 .text._sbrk_r  0x000000000800afdc       0x20 c:/st/stm32cubeide_1.9.0/stm32cubeide/plugins/com.st.stm32cube.ide.mcu.externaltools.gnu-tools-for-stm32.10.3-2021.10.win32_1.0.200.202301161003/tools/bin/../lib/gcc/arm-none-eabi/10.3.1/../../../../arm-none-eabi/lib/thumb/v7e-m+fp/hard\libc_nano.a(lib_a-sbrkr.o)
                0x000000000800afdc                _sbrk_r
 .text.__malloc_lock
                0x000000000800affc        0xc c:/st/stm32cubeide_1.9.0/stm32cubeide/plugins/com.st.stm32cube.ide.mcu.externaltools.gnu-tools-for-stm32.10.3-2021.10.win32_1.0.200.202301161003/tools/bin/../lib/gcc/arm-none-eabi/10.3.1/../../../../arm-none-eabi/lib/thumb/v7e-m+fp/hard\libc_nano.a(lib_a-mlock.o)
                0x000000000800affc                __malloc_lock
 .text.__malloc_unlock
                0x000000000800b008        0xc c:/st/stm32cubeide_1.9.0/stm32cubeide/plugins/com.st.stm32cube.ide.mcu.externaltools.gnu-tools-for-stm32.10.3-2021.10.win32_1.0.200.202301161003/tools/bin/../lib/gcc/arm-none-eabi/10.3.1/../../../../arm-none-eabi/lib/thumb/v7e-m+fp/hard\libc_nano.a(lib_a-mlock.o)
                0x000000000800b008                __malloc_unlock
 .text._free_r  0x000000000800b014       0x98 c:/st/stm32cubeide_1.9.0/stm32cubeide/plugins/com.st.stm32cube.ide.mcu.externaltools.gnu-tools-for-stm32.10.3-2021.10.win32_1.0.200.202301161003/tools/bin/../lib/gcc/arm-none-eabi/10.3.1/../../../../arm-none-eabi/lib/thumb/v7e-m+fp/hard\libc_nano.a(lib_a-nano-freer.o)
                0x000000000800b014                _free_r
 .text._malloc_usable_size_r
                0x000000000800b0ac       0x10 c:/st/stm32cubeide_1.9.0/stm32cubeide/plugins/com.st.stm32cube.ide.mcu.externaltools.gnu-tools-for-stm32.10.3-2021.10.win32_1.0.200.202301161003/tools/bin/../lib/gcc/arm-none-eabi/10.3.1/../../../../arm-none-eabi/lib/thumb/v7e-m+fp/hard\libc_nano.a(lib_a-nano-msizer.o)
                0x000000000800b0ac                _malloc_usable_size_r
 .text.__retarget_lock_acquire_recursive
                0x000000000800b0bc        0x2 c:/st/stm32cubeide_1.9.0/stm32cubeide/plugins/com.st.stm32cube.ide.mcu.externaltools.gnu-tools-for-stm32.10.3-2021.10.win32_1.0.200.202301161003/tools/bin/../lib/gcc/arm-none-eabi/10.3.1/../../../../arm-none-eabi/lib/thumb/v7e-m+fp/hard\libc_nano.a(lib_a-lock.o)
                0x000000000800b0bc                __retarget_lock_acquire_recursive
 .text.__retarget_lock_release_recursive
                0x000000000800b0be        0x2 c:/st/stm32cubeide_1.9.0/stm32cubeide/plugins/com.st.stm32cube.ide.mcu.externaltools.gnu-tools-for-stm32.10.3-2021.10.win32_1.0.200.202301161003/tools/bin/../lib/gcc/arm-none-eabi/10.3.1/../../../../arm-none-eabi/lib/thumb/v7e-m+fp/hard\libc_nano.a(lib_a-lock.o)
                0x000000000800b0be                __retarget_lock_release_recursive
 *(.glue_7)
 .glue_7        0x000000000800b0c0        0x0 linker stubs
 *(.glue_7t)
 .glue_7t       0x000000000800b0c0        0x0 linker stubs
 *(.eh_frame)
 .eh_frame      0x000000000800b0c0        0x0 c:/st/stm32cubeide_1.9.0/stm32cubeide/plugins/com.st.stm32cube.ide.mcu.externaltools.gnu-tools-for-stm32.10.3-2021.10.win32_1.0.200.202301161003/tools/bin/../lib/gcc/arm-none-eabi/10.3.1/thumb/v7e-m+fp/hard/crtbegin.o
 *(.init)
 .init          0x000000000800b0c0        0x4 c:/st/stm32cubeide_1.9.0/stm32cubeide/plugins/com.st.stm32cube.ide.mcu.externaltools.gnu-tools-for-stm32.10.3-2021.10.win32_1.0.200.202301161003/tools/bin/../lib/gcc/arm-none-eabi/10.3.1/thumb/v7e-m+fp/hard/crti.o
                0x000000000800b0c0                _init
 .init          0x000000000800b0c4        0x8 c:/st/stm32cubeide_1.9.0/stm32cubeide/plugins/com.st.stm32cube.ide.mcu.externaltools.gnu-tools-for-stm32.10.3-2021.10.win32_1.0.200.202301161003/tools/bin/../lib/gcc/arm-none-eabi/10.3.1/thumb/v7e-m+fp/hard/crtn.o
 *(.fini)
 .fini          0x000000000800b0cc        0x4 c:/st/stm32cubeide_1.9.0/stm32cubeide/plugins/com.st.stm32cube.ide.mcu.externaltools.gnu-tools-for-stm32.10.3-2021.10.win32_1.0.200.202301161003/tools/bin/../lib/gcc/arm-none-eabi/10.3.1/thumb/v7e-m+fp/hard/crti.o
                0x000000000800b0cc                _fini
 .fini          0x000000000800b0d0        0x8 c:/st/stm32cubeide_1.9.0/stm32cubeide/plugins/com.st.stm32cube.ide.mcu.externaltools.gnu-tools-for-stm32.10.3-2021.10.win32_1.0.200.202301161003/tools/bin/../lib/gcc/arm-none-eabi/10.3.1/thumb/v7e-m+fp/hard/crtn.o
                0x000000000800b0d8                . = ALIGN (0x4)
                0x000000000800b0d8                _etext = .

.vfp11_veneer   0x000000000800b0d8        0x0
 .vfp11_veneer  0x000000000800b0d8        0x0 linker stubs

.v4_bx          0x000000000800b0d8        0x0
 .v4_bx         0x000000000800b0d8        0x0 linker stubs

.iplt           0x000000000800b0d8        0x0
 .iplt          0x000000000800b0d8        0x0 c:/st/stm32cubeide_1.9.0/stm32cubeide/plugins/com.st.stm32cube.ide.mcu.externaltools.gnu-tools-for-stm32.10.3-2021.10.win32_1.0.200.202301161003/tools/bin/../lib/gcc/arm-none-eabi/10.3.1/thumb/v7e-m+fp/hard/crtbegin.o

.rodata         0x000000000800b0d8      0x39c
                0x000000000800b0d8                . = ALIGN (0x4)
 *(.rodata)
 .rodata        0x000000000800b0d8      0x22f ./Core/Src/mainpp.o
 *(.rodata*)
 *fill*         0x000000000800b307        0x1 
 .rodata._ZN14rosserial_msgsL12REQUESTPARAME
                0x000000000800b308       0x1c ./Core/Src/mainpp.o
 .rodata._ZTVN3ros10SubscriberIN8std_msgs6StringEvEE
                0x000000000800b324       0x18 ./Core/Src/mainpp.o
                0x000000000800b324                vtable for ros::Subscriber<std_msgs::String, void>
 .rodata._ZTVN3ros11NodeHandle_I13STM32HardwareLi25ELi25ELi512ELi512EEE
                0x000000000800b33c       0x14 ./Core/Src/mainpp.o
                0x000000000800b33c                vtable for ros::NodeHandle_<STM32Hardware, 25, 25, 512, 512>
 .rodata._ZTVN8std_msgs6StringE
                0x000000000800b350       0x18 ./Core/Src/mainpp.o
                0x000000000800b350                vtable for std_msgs::String
 .rodata._ZTVN8std_msgs15Int16MultiArrayE
                0x000000000800b368       0x18 ./Core/Src/mainpp.o
                0x000000000800b368                vtable for std_msgs::Int16MultiArray
 .rodata._ZTVN8std_msgs16MultiArrayLayoutE
                0x000000000800b380       0x18 ./Core/Src/mainpp.o
                0x000000000800b380                vtable for std_msgs::MultiArrayLayout
 .rodata._ZTVN8std_msgs19MultiArrayDimensionE
                0x000000000800b398       0x18 ./Core/Src/mainpp.o
                0x000000000800b398                vtable for std_msgs::MultiArrayDimension
 .rodata._ZTVN3ros11Subscriber_E
                0x000000000800b3b0       0x18 ./Core/Src/mainpp.o
                0x000000000800b3b0                vtable for ros::Subscriber_
 .rodata._ZTVN3ros15NodeHandleBase_E
                0x000000000800b3c8       0x14 ./Core/Src/mainpp.o
                0x000000000800b3c8                vtable for ros::NodeHandleBase_
 .rodata._ZTVN14rosserial_msgs20RequestParamResponseE
                0x000000000800b3dc       0x18 ./Core/Src/mainpp.o
                0x000000000800b3dc                vtable for rosserial_msgs::RequestParamResponse
 .rodata._ZTVN14rosserial_msgs3LogE
                0x000000000800b3f4       0x18 ./Core/Src/mainpp.o
                0x000000000800b3f4                vtable for rosserial_msgs::Log
 .rodata._ZTVN14rosserial_msgs9TopicInfoE
                0x000000000800b40c       0x18 ./Core/Src/mainpp.o
                0x000000000800b40c                vtable for rosserial_msgs::TopicInfo
 .rodata._ZTVN8std_msgs4TimeE
                0x000000000800b424       0x18 ./Core/Src/mainpp.o
                0x000000000800b424                vtable for std_msgs::Time
 .rodata._ZTVN3ros3MsgE
                0x000000000800b43c       0x18 ./Core/Src/mainpp.o
                0x000000000800b43c                vtable for ros::Msg
 .rodata.AHBPrescTable
                0x000000000800b454       0x10 ./Core/Src/system_stm32f4xx.o
                0x000000000800b454                AHBPrescTable
 .rodata.APBPrescTable
                0x000000000800b464        0x8 ./Core/Src/system_stm32f4xx.o
                0x000000000800b464                APBPrescTable
 .rodata.flagBitshiftOffset.0
                0x000000000800b46c        0x8 ./Drivers/STM32F4xx_HAL_Driver/Src/stm32f4xx_hal_dma.o
                0x000000000800b474                . = ALIGN (0x4)

.ARM.extab      0x000000000800b474        0x0
                0x000000000800b474                . = ALIGN (0x4)
 *(.ARM.extab* .gnu.linkonce.armextab.*)
                0x000000000800b474                . = ALIGN (0x4)

.ARM            0x000000000800b474        0x8
                0x000000000800b474                . = ALIGN (0x4)
                0x000000000800b474                __exidx_start = .
 *(.ARM.exidx*)
 .ARM.exidx     0x000000000800b474        0x8 c:/st/stm32cubeide_1.9.0/stm32cubeide/plugins/com.st.stm32cube.ide.mcu.externaltools.gnu-tools-for-stm32.10.3-2021.10.win32_1.0.200.202301161003/tools/bin/../lib/gcc/arm-none-eabi/10.3.1/thumb/v7e-m+fp/hard\libgcc.a(_udivmoddi4.o)
                0x000000000800b47c                __exidx_end = .
                0x000000000800b47c                . = ALIGN (0x4)

.rel.dyn        0x000000000800b47c        0x0
 .rel.iplt      0x000000000800b47c        0x0 c:/st/stm32cubeide_1.9.0/stm32cubeide/plugins/com.st.stm32cube.ide.mcu.externaltools.gnu-tools-for-stm32.10.3-2021.10.win32_1.0.200.202301161003/tools/bin/../lib/gcc/arm-none-eabi/10.3.1/thumb/v7e-m+fp/hard/crtbegin.o

.preinit_array  0x000000000800b47c        0x0
                0x000000000800b47c                . = ALIGN (0x4)
                0x000000000800b47c                PROVIDE (__preinit_array_start = .)
 *(.preinit_array*)
                0x000000000800b47c                PROVIDE (__preinit_array_end = .)
                0x000000000800b47c                . = ALIGN (0x4)

.init_array     0x000000000800b47c        0x8
                0x000000000800b47c                . = ALIGN (0x4)
                0x000000000800b47c                PROVIDE (__init_array_start = .)
 *(SORT_BY_NAME(.init_array.*))
 *(.init_array*)
 .init_array    0x000000000800b47c        0x4 c:/st/stm32cubeide_1.9.0/stm32cubeide/plugins/com.st.stm32cube.ide.mcu.externaltools.gnu-tools-for-stm32.10.3-2021.10.win32_1.0.200.202301161003/tools/bin/../lib/gcc/arm-none-eabi/10.3.1/thumb/v7e-m+fp/hard/crtbegin.o
 .init_array    0x000000000800b480        0x4 ./Core/Src/mainpp.o
                0x000000000800b484                PROVIDE (__init_array_end = .)
                0x000000000800b484                . = ALIGN (0x4)

.fini_array     0x000000000800b484        0x4
                0x000000000800b484                . = ALIGN (0x4)
                [!provide]                        PROVIDE (__fini_array_start = .)
 *(SORT_BY_NAME(.fini_array.*))
 *(.fini_array*)
 .fini_array    0x000000000800b484        0x4 c:/st/stm32cubeide_1.9.0/stm32cubeide/plugins/com.st.stm32cube.ide.mcu.externaltools.gnu-tools-for-stm32.10.3-2021.10.win32_1.0.200.202301161003/tools/bin/../lib/gcc/arm-none-eabi/10.3.1/thumb/v7e-m+fp/hard/crtbegin.o
                [!provide]                        PROVIDE (__fini_array_end = .)
                0x000000000800b488                . = ALIGN (0x4)
                0x000000000800b488                _sidata = LOADADDR (.data)

.data           0x0000000020000000       0x84 load address 0x000000000800b488
                0x0000000020000000                . = ALIGN (0x4)
                0x0000000020000000                _sdata = .
 *(.data)
 *(.data*)
 .data.arr      0x0000000020000000        0x4 ./Core/Src/mainrun.o
                0x0000000020000000                arr
 .data.cake_order
                0x0000000020000004        0x4 ./Core/Src/mainrun.o
                0x0000000020000004                cake_order
 .data.rotate   0x0000000020000008        0x4 ./Core/Src/mainrun.o
                0x0000000020000008                rotate
 .data.rotate_dir
                0x000000002000000c        0x4 ./Core/Src/mainrun.o
                0x000000002000000c                rotate_dir
 .data.SystemCoreClock
                0x0000000020000010        0x4 ./Core/Src/system_stm32f4xx.o
                0x0000000020000010                SystemCoreClock
 .data.uwTickPrio
                0x0000000020000014        0x4 ./Drivers/STM32F4xx_HAL_Driver/Src/stm32f4xx_hal.o
                0x0000000020000014                uwTickPrio
 .data.uwTickFreq
                0x0000000020000018        0x1 ./Drivers/STM32F4xx_HAL_Driver/Src/stm32f4xx_hal.o
                0x0000000020000018                uwTickFreq
 *fill*         0x0000000020000019        0x3 
 .data._ZN10__cxxabiv119__terminate_handlerE
                0x000000002000001c        0x4 c:/st/stm32cubeide_1.9.0/stm32cubeide/plugins/com.st.stm32cube.ide.mcu.externaltools.gnu-tools-for-stm32.10.3-2021.10.win32_1.0.200.202301161003/tools/bin/../lib/gcc/arm-none-eabi/10.3.1/../../../../arm-none-eabi/lib/thumb/v7e-m+fp/hard\libstdc++_nano.a(eh_term_handler.o)
                0x000000002000001c                __cxxabiv1::__terminate_handler
 .data._impure_ptr
                0x0000000020000020        0x4 c:/st/stm32cubeide_1.9.0/stm32cubeide/plugins/com.st.stm32cube.ide.mcu.externaltools.gnu-tools-for-stm32.10.3-2021.10.win32_1.0.200.202301161003/tools/bin/../lib/gcc/arm-none-eabi/10.3.1/../../../../arm-none-eabi/lib/thumb/v7e-m+fp/hard\libc_nano.a(lib_a-impure.o)
                0x0000000020000020                _impure_ptr
 .data.impure_data
                0x0000000020000024       0x60 c:/st/stm32cubeide_1.9.0/stm32cubeide/plugins/com.st.stm32cube.ide.mcu.externaltools.gnu-tools-for-stm32.10.3-2021.10.win32_1.0.200.202301161003/tools/bin/../lib/gcc/arm-none-eabi/10.3.1/../../../../arm-none-eabi/lib/thumb/v7e-m+fp/hard\libc_nano.a(lib_a-impure.o)
 *(.RamFunc)
 *(.RamFunc*)
                0x0000000020000084                . = ALIGN (0x4)
                0x0000000020000084                _edata = .

.igot.plt       0x0000000020000084        0x0 load address 0x000000000800b50c
 .igot.plt      0x0000000020000084        0x0 c:/st/stm32cubeide_1.9.0/stm32cubeide/plugins/com.st.stm32cube.ide.mcu.externaltools.gnu-tools-for-stm32.10.3-2021.10.win32_1.0.200.202301161003/tools/bin/../lib/gcc/arm-none-eabi/10.3.1/thumb/v7e-m+fp/hard/crtbegin.o
                0x0000000020000084                . = ALIGN (0x4)

.bss            0x0000000020000084      0xff0 load address 0x000000000800b50c
                0x0000000020000084                _sbss = .
                0x0000000020000084                __bss_start__ = _sbss
 *(.bss)
 .bss           0x0000000020000084       0x1c c:/st/stm32cubeide_1.9.0/stm32cubeide/plugins/com.st.stm32cube.ide.mcu.externaltools.gnu-tools-for-stm32.10.3-2021.10.win32_1.0.200.202301161003/tools/bin/../lib/gcc/arm-none-eabi/10.3.1/thumb/v7e-m+fp/hard/crtbegin.o
 *(.bss*)
 .bss.Checksum_Calc
                0x00000000200000a0        0x4 ./Core/Src/Servo.o
                0x00000000200000a0                Checksum_Calc
 .bss.hadc1     0x00000000200000a4       0x48 ./Core/Src/adc.o
                0x00000000200000a4                hadc1
 .bss.hdma_adc1
                0x00000000200000ec       0x60 ./Core/Src/adc.o
                0x00000000200000ec                hdma_adc1
 .bss.s         0x000000002000014c        0x4 ./Core/Src/cake.o
                0x000000002000014c                s
 .bss.step_debug
                0x0000000020000150        0x4 ./Core/Src/cake.o
                0x0000000020000150                step_debug
 .bss.rotate_offset
                0x0000000020000154        0x4 ./Core/Src/cake.o
                0x0000000020000154                rotate_offset
 .bss.tower_step
                0x0000000020000158        0x4 ./Core/Src/cake.o
                0x0000000020000158                tower_step
 .bss.hi2c1     0x000000002000015c       0x54 ./Core/Src/i2c.o
                0x000000002000015c                hi2c1
 .bss._ZZN13STM32Hardware5flushEvE5mutex
                0x00000000200001b0        0x1 ./Core/Src/mainpp.o
                0x00000000200001b0                STM32Hardware::flush()::mutex
 *fill*         0x00000000200001b1        0x3 
 .bss.feedback  0x00000000200001b4       0x30 ./Core/Src/mainpp.o
                0x00000000200001b4                feedback
 .bss.gate      0x00000000200001e4       0x30 ./Core/Src/mainpp.o
                0x00000000200001e4                gate
 .bss.nh        0x0000000020000214      0x93c ./Core/Src/mainpp.o
                0x0000000020000214                nh
 .bss.sub       0x0000000020000b50       0x1c ./Core/Src/mainpp.o
                0x0000000020000b50                sub
 .bss.pub       0x0000000020000b6c       0x14 ./Core/Src/mainpp.o
                0x0000000020000b6c                pub
 .bss.pub1      0x0000000020000b80       0x14 ./Core/Src/mainpp.o
                0x0000000020000b80                pub1
 .bss.step1     0x0000000020000b94        0x4 ./Core/Src/mainrun.o
                0x0000000020000b94                step1
 .bss.dir_state1
                0x0000000020000b98        0x4 ./Core/Src/mainrun.o
                0x0000000020000b98                dir_state1
 .bss.anglegoal
                0x0000000020000b9c        0x4 ./Core/Src/mainrun.o
                0x0000000020000b9c                anglegoal
 .bss.anglebefore
                0x0000000020000ba0        0x4 ./Core/Src/mainrun.o
                0x0000000020000ba0                anglebefore
 .bss.step_state1
                0x0000000020000ba4        0x4 ./Core/Src/mainrun.o
                0x0000000020000ba4                step_state1
 .bss.ms1       0x0000000020000ba8        0x4 ./Core/Src/mainrun.o
                0x0000000020000ba8                ms1
 .bss.suck1     0x0000000020000bac        0x4 ./Core/Src/mainrun.o
                0x0000000020000bac                suck1
 .bss.suck4     0x0000000020000bb0        0x4 ./Core/Src/mainrun.o
                0x0000000020000bb0                suck4
 .bss.suck3     0x0000000020000bb4        0x4 ./Core/Src/mainrun.o
                0x0000000020000bb4                suck3
 .bss.unsuck1   0x0000000020000bb8        0x4 ./Core/Src/mainrun.o
                0x0000000020000bb8                unsuck1
 .bss.unsuck4   0x0000000020000bbc        0x4 ./Core/Src/mainrun.o
                0x0000000020000bbc                unsuck4
 .bss.unsuck3   0x0000000020000bc0        0x4 ./Core/Src/mainrun.o
                0x0000000020000bc0                unsuck3
 .bss.suck_temp
                0x0000000020000bc4        0x4 ./Core/Src/mainrun.o
                0x0000000020000bc4                suck_temp
 .bss.unsuck_temp
                0x0000000020000bc8        0x4 ./Core/Src/mainrun.o
                0x0000000020000bc8                unsuck_temp
 .bss.suck_success1
                0x0000000020000bcc        0x4 ./Core/Src/mainrun.o
                0x0000000020000bcc                suck_success1
 .bss.suck_success4
                0x0000000020000bd0        0x4 ./Core/Src/mainrun.o
                0x0000000020000bd0                suck_success4
 .bss.suck_success3
                0x0000000020000bd4        0x4 ./Core/Src/mainrun.o
                0x0000000020000bd4                suck_success3
 .bss.unsuck_success1
                0x0000000020000bd8        0x4 ./Core/Src/mainrun.o
                0x0000000020000bd8                unsuck_success1
 .bss.unsuck_success4
                0x0000000020000bdc        0x4 ./Core/Src/mainrun.o
                0x0000000020000bdc                unsuck_success4
 .bss.unsuck_success3
                0x0000000020000be0        0x4 ./Core/Src/mainrun.o
                0x0000000020000be0                unsuck_success3
 .bss.i1        0x0000000020000be4        0x4 ./Core/Src/mainrun.o
                0x0000000020000be4                i1
 .bss.i2        0x0000000020000be8        0x4 ./Core/Src/mainrun.o
                0x0000000020000be8                i2
 .bss.i3        0x0000000020000bec        0x4 ./Core/Src/mainrun.o
                0x0000000020000bec                i3
 .bss.i4        0x0000000020000bf0        0x4 ./Core/Src/mainrun.o
                0x0000000020000bf0                i4
 .bss.i5        0x0000000020000bf4        0x4 ./Core/Src/mainrun.o
                0x0000000020000bf4                i5
 .bss.i6        0x0000000020000bf8        0x4 ./Core/Src/mainrun.o
                0x0000000020000bf8                i6
 .bss.step      0x0000000020000bfc        0x4 ./Core/Src/mainrun.o
                0x0000000020000bfc                step
 .bss.hole      0x0000000020000c00        0x4 ./Core/Src/mainrun.o
                0x0000000020000c00                hole
 .bss.temp      0x0000000020000c04        0x4 ./Core/Src/mainrun.o
                0x0000000020000c04                temp
 .bss.counttry  0x0000000020000c08        0x4 ./Core/Src/mainrun.o
                0x0000000020000c08                counttry
 .bss.num       0x0000000020000c0c        0x4 ./Core/Src/mainrun.o
                0x0000000020000c0c                num
 .bss.b_bool    0x0000000020000c10        0x4 ./Core/Src/mainrun.o
                0x0000000020000c10                b_bool
 .bss.y_bool    0x0000000020000c14        0x4 ./Core/Src/mainrun.o
                0x0000000020000c14                y_bool
 .bss.p_bool    0x0000000020000c18        0x4 ./Core/Src/mainrun.o
                0x0000000020000c18                p_bool
 .bss.h_bool    0x0000000020000c1c        0x4 ./Core/Src/mainrun.o
                0x0000000020000c1c                h_bool
 .bss.unsuck_delay
                0x0000000020000c20        0x4 ./Core/Src/mainrun.o
                0x0000000020000c20                unsuck_delay
 .bss.suck_delay
                0x0000000020000c24        0x4 ./Core/Src/mainrun.o
                0x0000000020000c24                suck_delay
 .bss.servo_delay
                0x0000000020000c28        0x4 ./Core/Src/mainrun.o
                0x0000000020000c28                servo_delay
 .bss.cherry_delay
                0x0000000020000c2c        0x4 ./Core/Src/mainrun.o
                0x0000000020000c2c                cherry_delay
 .bss.unsuck_delay_temp
                0x0000000020000c30        0x4 ./Core/Src/mainrun.o
                0x0000000020000c30                unsuck_delay_temp
 .bss.suck_delay_temp
                0x0000000020000c34        0x4 ./Core/Src/mainrun.o
                0x0000000020000c34                suck_delay_temp
 .bss.servo_delay_temp
                0x0000000020000c38        0x4 ./Core/Src/mainrun.o
                0x0000000020000c38                servo_delay_temp
 .bss.temp_pub  0x0000000020000c3c        0x4 ./Core/Src/mainrun.o
                0x0000000020000c3c                temp_pub
 .bss.cherry_delay_temp
                0x0000000020000c40        0x4 ./Core/Src/mainrun.o
                0x0000000020000c40                cherry_delay_temp
 .bss.mission_array
                0x0000000020000c44        0xa ./Core/Src/mainrun.o
                0x0000000020000c44                mission_array
 *fill*         0x0000000020000c4e        0x2 
 .bss.rotate_state
                0x0000000020000c50        0x6 ./Core/Src/mainrun.o
                0x0000000020000c50                rotate_state
 *fill*         0x0000000020000c56        0x2 
 .bss.rotate_temp
                0x0000000020000c58        0x4 ./Core/Src/mainrun.o
                0x0000000020000c58                rotate_temp
 .bss.flag      0x0000000020000c5c        0x4 ./Core/Src/mainrun.o
                0x0000000020000c5c                flag
 .bss.__sbrk_heap_end
                0x0000000020000c60        0x4 ./Core/Src/sysmem.o
 .bss.htim2     0x0000000020000c64       0x48 ./Core/Src/tim.o
                0x0000000020000c64                htim2
 .bss.htim3     0x0000000020000cac       0x48 ./Core/Src/tim.o
                0x0000000020000cac                htim3
 .bss.htim6     0x0000000020000cf4       0x48 ./Core/Src/tim.o
                0x0000000020000cf4                htim6
 .bss.htim7     0x0000000020000d3c       0x48 ./Core/Src/tim.o
                0x0000000020000d3c                htim7
 .bss.htim10    0x0000000020000d84       0x48 ./Core/Src/tim.o
                0x0000000020000d84                htim10
 .bss.htim11    0x0000000020000dcc       0x48 ./Core/Src/tim.o
                0x0000000020000dcc                htim11
 .bss.huart1    0x0000000020000e14       0x44 ./Core/Src/usart.o
                0x0000000020000e14                huart1
 .bss.huart2    0x0000000020000e58       0x44 ./Core/Src/usart.o
                0x0000000020000e58                huart2
 .bss.huart3    0x0000000020000e9c       0x44 ./Core/Src/usart.o
                0x0000000020000e9c                huart3
 .bss.hdma_usart1_rx
                0x0000000020000ee0       0x60 ./Core/Src/usart.o
                0x0000000020000ee0                hdma_usart1_rx
 .bss.hdma_usart1_tx
                0x0000000020000f40       0x60 ./Core/Src/usart.o
                0x0000000020000f40                hdma_usart1_tx
 .bss.hdma_usart2_tx
                0x0000000020000fa0       0x60 ./Core/Src/usart.o
                0x0000000020000fa0                hdma_usart2_tx
 .bss.hdma_usart2_rx
                0x0000000020001000       0x60 ./Core/Src/usart.o
                0x0000000020001000                hdma_usart2_rx
 .bss.uwTick    0x0000000020001060        0x4 ./Drivers/STM32F4xx_HAL_Driver/Src/stm32f4xx_hal.o
                0x0000000020001060                uwTick
 .bss.__malloc_free_list
                0x0000000020001064        0x4 c:/st/stm32cubeide_1.9.0/stm32cubeide/plugins/com.st.stm32cube.ide.mcu.externaltools.gnu-tools-for-stm32.10.3-2021.10.win32_1.0.200.202301161003/tools/bin/../lib/gcc/arm-none-eabi/10.3.1/../../../../arm-none-eabi/lib/thumb/v7e-m+fp/hard\libc_nano.a(lib_a-nano-mallocr.o)
                0x0000000020001064                __malloc_free_list
 .bss.__malloc_sbrk_start
                0x0000000020001068        0x4 c:/st/stm32cubeide_1.9.0/stm32cubeide/plugins/com.st.stm32cube.ide.mcu.externaltools.gnu-tools-for-stm32.10.3-2021.10.win32_1.0.200.202301161003/tools/bin/../lib/gcc/arm-none-eabi/10.3.1/../../../../arm-none-eabi/lib/thumb/v7e-m+fp/hard\libc_nano.a(lib_a-nano-mallocr.o)
                0x0000000020001068                __malloc_sbrk_start
 .bss.errno     0x000000002000106c        0x4 c:/st/stm32cubeide_1.9.0/stm32cubeide/plugins/com.st.stm32cube.ide.mcu.externaltools.gnu-tools-for-stm32.10.3-2021.10.win32_1.0.200.202301161003/tools/bin/../lib/gcc/arm-none-eabi/10.3.1/../../../../arm-none-eabi/lib/thumb/v7e-m+fp/hard\libc_nano.a(lib_a-reent.o)
                0x000000002000106c                errno
 .bss.__lock___malloc_recursive_mutex
                0x0000000020001070        0x1 c:/st/stm32cubeide_1.9.0/stm32cubeide/plugins/com.st.stm32cube.ide.mcu.externaltools.gnu-tools-for-stm32.10.3-2021.10.win32_1.0.200.202301161003/tools/bin/../lib/gcc/arm-none-eabi/10.3.1/../../../../arm-none-eabi/lib/thumb/v7e-m+fp/hard\libc_nano.a(lib_a-lock.o)
                0x0000000020001070                __lock___malloc_recursive_mutex
 *(COMMON)
                0x0000000020001074                . = ALIGN (0x4)
 *fill*         0x0000000020001071        0x3 
                0x0000000020001074                _ebss = .
                0x0000000020001074                __bss_end__ = _ebss

._user_heap_stack
                0x0000000020001074      0x604 load address 0x000000000800b50c
                0x0000000020001078                . = ALIGN (0x8)
 *fill*         0x0000000020001074        0x4 