Archive member included to satisfy reference by file (symbol)

c:/st/stm32cubeide_1.9.0/stm32cubeide/plugins/com.st.stm32cube.ide.mcu.externaltools.gnu-tools-for-stm32.10.3-2021.10.win32_1.0.200.202301161003/tools/bin/../lib/gcc/arm-none-eabi/10.3.1/../../../../arm-none-eabi/lib/thumb/v7e-m+fp/hard\libstdc++_nano.a(pure.o)
                              ./Core/Src/mainpp.o (__cxa_pure_virtual)
c:/st/stm32cubeide_1.9.0/stm32cubeide/plugins/com.st.stm32cube.ide.mcu.externaltools.gnu-tools-for-stm32.10.3-2021.10.win32_1.0.200.202301161003/tools/bin/../lib/gcc/arm-none-eabi/10.3.1/../../../../arm-none-eabi/lib/thumb/v7e-m+fp/hard\libstdc++_nano.a(eh_terminate.o)
                              c:/st/stm32cubeide_1.9.0/stm32cubeide/plugins/com.st.stm32cube.ide.mcu.externaltools.gnu-tools-for-stm32.10.3-2021.10.win32_1.0.200.202301161003/tools/bin/../lib/gcc/arm-none-eabi/10.3.1/../../../../arm-none-eabi/lib/thumb/v7e-m+fp/hard\libstdc++_nano.a(pure.o) (std::terminate())
c:/st/stm32cubeide_1.9.0/stm32cubeide/plugins/com.st.stm32cube.ide.mcu.externaltools.gnu-tools-for-stm32.10.3-2021.10.win32_1.0.200.202301161003/tools/bin/../lib/gcc/arm-none-eabi/10.3.1/../../../../arm-none-eabi/lib/thumb/v7e-m+fp/hard\libstdc++_nano.a(eh_unex_handler.o)
                              c:/st/stm32cubeide_1.9.0/stm32cubeide/plugins/com.st.stm32cube.ide.mcu.externaltools.gnu-tools-for-stm32.10.3-2021.10.win32_1.0.200.202301161003/tools/bin/../lib/gcc/arm-none-eabi/10.3.1/../../../../arm-none-eabi/lib/thumb/v7e-m+fp/hard\libstdc++_nano.a(eh_terminate.o) (__cxxabiv1::__unexpected_handler)
c:/st/stm32cubeide_1.9.0/stm32cubeide/plugins/com.st.stm32cube.ide.mcu.externaltools.gnu-tools-for-stm32.10.3-2021.10.win32_1.0.200.202301161003/tools/bin/../lib/gcc/arm-none-eabi/10.3.1/../../../../arm-none-eabi/lib/thumb/v7e-m+fp/hard\libstdc++_nano.a(eh_term_handler.o)
                              c:/st/stm32cubeide_1.9.0/stm32cubeide/plugins/com.st.stm32cube.ide.mcu.externaltools.gnu-tools-for-stm32.10.3-2021.10.win32_1.0.200.202301161003/tools/bin/../lib/gcc/arm-none-eabi/10.3.1/../../../../arm-none-eabi/lib/thumb/v7e-m+fp/hard\libstdc++_nano.a(eh_terminate.o) (__cxxabiv1::__terminate_handler)
c:/st/stm32cubeide_1.9.0/stm32cubeide/plugins/com.st.stm32cube.ide.mcu.externaltools.gnu-tools-for-stm32.10.3-2021.10.win32_1.0.200.202301161003/tools/bin/../lib/gcc/arm-none-eabi/10.3.1/../../../../arm-none-eabi/lib/thumb/v7e-m+fp/hard\libc_nano.a(lib_a-abort.o)
                              c:/st/stm32cubeide_1.9.0/stm32cubeide/plugins/com.st.stm32cube.ide.mcu.externaltools.gnu-tools-for-stm32.10.3-2021.10.win32_1.0.200.202301161003/tools/bin/../lib/gcc/arm-none-eabi/10.3.1/../../../../arm-none-eabi/lib/thumb/v7e-m+fp/hard\libstdc++_nano.a(eh_terminate.o) (abort)
c:/st/stm32cubeide_1.9.0/stm32cubeide/plugins/com.st.stm32cube.ide.mcu.externaltools.gnu-tools-for-stm32.10.3-2021.10.win32_1.0.200.202301161003/tools/bin/../lib/gcc/arm-none-eabi/10.3.1/../../../../arm-none-eabi/lib/thumb/v7e-m+fp/hard\libc_nano.a(lib_a-errno.o)
                              ./Core/Src/syscalls.o (__errno)
c:/st/stm32cubeide_1.9.0/stm32cubeide/plugins/com.st.stm32cube.ide.mcu.externaltools.gnu-tools-for-stm32.10.3-2021.10.win32_1.0.200.202301161003/tools/bin/../lib/gcc/arm-none-eabi/10.3.1/../../../../arm-none-eabi/lib/thumb/v7e-m+fp/hard\libc_nano.a(lib_a-exit.o)
                              c:/st/stm32cubeide_1.9.0/stm32cubeide/plugins/com.st.stm32cube.ide.mcu.externaltools.gnu-tools-for-stm32.10.3-2021.10.win32_1.0.200.202301161003/tools/bin/../lib/gcc/arm-none-eabi/10.3.1/../../../../arm-none-eabi/lib/thumb/v7e-m+fp/hard/crt0.o (exit)
c:/st/stm32cubeide_1.9.0/stm32cubeide/plugins/com.st.stm32cube.ide.mcu.externaltools.gnu-tools-for-stm32.10.3-2021.10.win32_1.0.200.202301161003/tools/bin/../lib/gcc/arm-none-eabi/10.3.1/../../../../arm-none-eabi/lib/thumb/v7e-m+fp/hard\libc_nano.a(lib_a-impure.o)
                              c:/st/stm32cubeide_1.9.0/stm32cubeide/plugins/com.st.stm32cube.ide.mcu.externaltools.gnu-tools-for-stm32.10.3-2021.10.win32_1.0.200.202301161003/tools/bin/../lib/gcc/arm-none-eabi/10.3.1/../../../../arm-none-eabi/lib/thumb/v7e-m+fp/hard\libc_nano.a(lib_a-exit.o) (_global_impure_ptr)
c:/st/stm32cubeide_1.9.0/stm32cubeide/plugins/com.st.stm32cube.ide.mcu.externaltools.gnu-tools-for-stm32.10.3-2021.10.win32_1.0.200.202301161003/tools/bin/../lib/gcc/arm-none-eabi/10.3.1/../../../../arm-none-eabi/lib/thumb/v7e-m+fp/hard\libc_nano.a(lib_a-init.o)
                              c:/st/stm32cubeide_1.9.0/stm32cubeide/plugins/com.st.stm32cube.ide.mcu.externaltools.gnu-tools-for-stm32.10.3-2021.10.win32_1.0.200.202301161003/tools/bin/../lib/gcc/arm-none-eabi/10.3.1/../../../../arm-none-eabi/lib/thumb/v7e-m+fp/hard/crt0.o (__libc_init_array)
[...]
Memory Configuration

Name             Origin             Length             Attributes
RAM              0x0000000020000000 0x0000000000020000 xrw
FLASH            0x0000000008000000 0x0000000000080000 xr
*default*        0x0000000000000000 0xffffffffffffffff

Linker script and memory map

LOAD c:/st/stm32cubeide_1.9.0/stm32cubeide/plugins/com.st.stm32cube.ide.mcu.externaltools.gnu-tools-for-stm32.10.3-2021.10.win32_1.0.200.202301161003/tools/bin/../lib/gcc/arm-none-eabi/10.3.1/thumb/v7e-m+fp/hard/crti.o
LOAD c:/st/stm32cubeide_1.9.0/stm32cubeide/plugins/com.st.stm32cube.ide.mcu.externaltools.gnu-tools-for-stm32.10.3-2021.10.win32_1.0.200.202301161003/tools/bin/../lib/gcc/arm-none-eabi/10.3.1/thumb/v7e-m+fp/hard/crtbegin.o
LOAD c:/st/stm32cubeide_1.9.0/stm32cubeide/plugins/com.st.stm32cube.ide.mcu.externaltools.gnu-tools-for-stm32.10.3-2021.10.win32_1.0.200.202301161003/tools/bin/../lib/gcc/arm-none-eabi/10.3.1/../../../../arm-none-eabi/lib/thumb/v7e-m+fp/hard/crt0.o
LOAD ./Core/Inc/duration.o
LOAD ./Core/Inc/time.o
LOAD ./Core/Src/Servo.o
LOAD ./Core/Src/VL53.o
LOAD ./Core/Src/adc.o
LOAD ./Core/Src/cake.o
LOAD ./Core/Src/dma.o
LOAD ./Core/Src/gpio.o
LOAD ./Core/Src/i2c.o
LOAD ./Core/Src/main.o
LOAD ./Core/Src/mainpp.o
LOAD ./Core/Src/mainrun.o
LOAD ./Core/Src/stm32f4xx_hal_msp.o
LOAD ./Core/Src/stm32f4xx_it.o
LOAD ./Core/Src/syscalls.o
LOAD ./Core/Src/sysmem.o
LOAD ./Core/Src/system_stm32f4xx.o
LOAD ./Core/Src/tim.o
LOAD ./Core/Src/usart.o
LOAD ./Core/Startup/startup_stm32f446retx.o
LOAD ./Drivers/STM32F4xx_HAL_Driver/Src/stm32f4xx_hal.o
LOAD ./Drivers/STM32F4xx_HAL_Driver/Src/stm32f4xx_hal_adc.o
LOAD ./Drivers/STM32F4xx_HAL_Driver/Src/stm32f4xx_hal_adc_ex.o
LOAD ./Drivers/STM32F4xx_HAL_Driver/Src/stm32f4xx_hal_cortex.o
LOAD ./Drivers/STM32F4xx_HAL_Driver/Src/stm32f4xx_hal_dma.o
LOAD ./Drivers/STM32F4xx_HAL_Driver/Src/stm32f4xx_hal_dma_ex.o
LOAD ./Drivers/STM32F4xx_HAL_Driver/Src/stm32f4xx_hal_exti.o
LOAD ./Drivers/STM32F4xx_HAL_Driver/Src/stm32f4xx_hal_flash.o
LOAD ./Drivers/STM32F4xx_HAL_Driver/Src/stm32f4xx_hal_flash_ex.o
LOAD ./Drivers/STM32F4xx_HAL_Driver/Src/stm32f4xx_hal_flash_ramfunc.o
LOAD ./Drivers/STM32F4xx_HAL_Driver/Src/stm32f4xx_hal_gpio.o
LOAD ./Drivers/STM32F4xx_HAL_Driver/Src/stm32f4xx_hal_i2c.o
LOAD ./Drivers/STM32F4xx_HAL_Driver/Src/stm32f4xx_hal_i2c_ex.o
LOAD ./Drivers/STM32F4xx_HAL_Driver/Src/stm32f4xx_hal_pwr.o
LOAD ./Drivers/STM32F4xx_HAL_Driver/Src/stm32f4xx_hal_pwr_ex.o
LOAD ./Drivers/STM32F4xx_HAL_Driver/Src/stm32f4xx_hal_rcc.o
LOAD ./Drivers/STM32F4xx_HAL_Driver/Src/stm32f4xx_hal_rcc_ex.o
LOAD ./Drivers/STM32F4xx_HAL_Driver/Src/stm32f4xx_hal_tim.o
LOAD ./Drivers/STM32F4xx_HAL_Driver/Src/stm32f4xx_hal_tim_ex.o
LOAD ./Drivers/STM32F4xx_HAL_Driver/Src/stm32f4xx_hal_uart.o
LOAD ./Drivers/STM32F4xx_HAL_Driver/Src/stm32f4xx_ll_adc.o
LOAD ./Drivers/VL53L0X/core/src/vl53l0x_api.o
LOAD ./Drivers/VL53L0X/core/src/vl53l0x_api_calibration.o
LOAD ./Drivers/VL53L0X/core/src/vl53l0x_api_core.o
LOAD ./Drivers/VL53L0X/core/src/vl53l0x_api_ranging.o
LOAD ./Drivers/VL53L0X/core/src/vl53l0x_api_strings.o
LOAD ./Drivers/VL53L0X/platform/src/vl53l0x_platform.o
LOAD ./Drivers/VL53L0X/platform/src/vl53l0x_platform_log.o
START GROUP
LOAD c:/st/stm32cubeide_1.9.0/stm32cubeide/plugins/com.st.stm32cube.ide.mcu.externaltools.gnu-tools-for-stm32.10.3-2021.10.win32_1.0.200.202301161003/tools/bin/../lib/gcc/arm-none-eabi/10.3.1/../../../../arm-none-eabi/lib/thumb/v7e-m+fp/hard\libstdc++_nano.a
LOAD c:/st/stm32cubeide_1.9.0/stm32cubeide/plugins/com.st.stm32cube.ide.mcu.externaltools.gnu-tools-for-stm32.10.3-2021.10.win32_1.0.200.202301161003/tools/bin/../lib/gcc/arm-none-eabi/10.3.1/../../../../arm-none-eabi/lib/thumb/v7e-m+fp/hard\libsupc++_nano.a
END GROUP
LOAD c:/st/stm32cubeide_1.9.0/stm32cubeide/plugins/com.st.stm32cube.ide.mcu.externaltools.gnu-tools-for-stm32.10.3-2021.10.win32_1.0.200.202301161003/tools/bin/../lib/gcc/arm-none-eabi/10.3.1/../../../../arm-none-eabi/lib/thumb/v7e-m+fp/hard\libstdc++_nano.a
LOAD c:/st/stm32cubeide_1.9.0/stm32cubeide/plugins/com.st.stm32cube.ide.mcu.externaltools.gnu-tools-for-stm32.10.3-2021.10.win32_1.0.200.202301161003/tools/bin/../lib/gcc/arm-none-eabi/10.3.1/../../../../arm-none-eabi/lib/thumb/v7e-m+fp/hard\libm.a
LOAD c:/st/stm32cubeide_1.9.0/stm32cubeide/plugins/com.st.stm32cube.ide.mcu.externaltools.gnu-tools-for-stm32.10.3-2021.10.win32_1.0.200.202301161003/tools/bin/../lib/gcc/arm-none-eabi/10.3.1/../../../../arm-none-eabi/lib/thumb/v7e-m+fp/hard\libc_nano.a
START GROUP
LOAD c:/st/stm32cubeide_1.9.0/stm32cubeide/plugins/com.st.stm32cube.ide.mcu.externaltools.gnu-tools-for-stm32.10.3-2021.10.win32_1.0.200.202301161003/tools/bin/../lib/gcc/arm-none-eabi/10.3.1/thumb/v7e-m+fp/hard\libgcc.a
LOAD c:/st/stm32cubeide_1.9.0/stm32cubeide/plugins/com.st.stm32cube.ide.mcu.externaltools.gnu-tools-for-stm32.10.3-2021.10.win32_1.0.200.202301161003/tools/bin/../lib/gcc/arm-none-eabi/10.3.1/../../../../arm-none-eabi/lib/thumb/v7e-m+fp/hard\libc_nano.a
END GROUP
START GROUP
LOAD c:/st/stm32cubeide_1.9.0/stm32cubeide/plugins/com.st.stm32cube.ide.mcu.externaltools.gnu-tools-for-stm32.10.3-2021.10.win32_1.0.200.202301161003/tools/bin/../lib/gcc/arm-none-eabi/10.3.1/thumb/v7e-m+fp/hard\libgcc.a
LOAD c:/st/stm32cubeide_1.9.0/stm32cubeide/plugins/com.st.stm32cube.ide.mcu.externaltools.gnu-tools-for-stm32.10.3-2021.10.win32_1.0.200.202301161003/tools/bin/../lib/gcc/arm-none-eabi/10.3.1/../../../../arm-none-eabi/lib/thumb/v7e-m+fp/hard\libc_nano.a
END GROUP
LOAD c:/st/stm32cubeide_1.9.0/stm32cubeide/plugins/com.st.stm32cube.ide.mcu.externaltools.gnu-tools-for-stm32.10.3-2021.10.win32_1.0.200.202301161003/tools/bin/../lib/gcc/arm-none-eabi/10.3.1/thumb/v7e-m+fp/hard/crtend.o
LOAD c:/st/stm32cubeide_1.9.0/stm32cubeide/plugins/com.st.stm32cube.ide.mcu.externaltools.gnu-tools-for-stm32.10.3-2021.10.win32_1.0.200.202301161003/tools/bin/../lib/gcc/arm-none-eabi/10.3.1/thumb/v7e-m+fp/hard/crtn.o
                0x0000000020020000                _estack = (ORIGIN (RAM) + LENGTH (RAM))
                0x0000000000000200                _Min_Heap_Size = 0x200
                0x0000000000000400                _Min_Stack_Size = 0x400

.isr_vector     0x0000000008000000      0x1c4
                0x0000000008000000                . = ALIGN (0x4)
 *(.isr_vector)
 .isr_vector    0x0000000008000000      0x1c4 ./Core/Startup/startup_stm32f446retx.o
                0x0000000008000000                g_pfnVectors
                0x00000000080001c4                . = ALIGN (0x4)

.text           0x00000000080001c8    0x14210
                0x00000000080001c8                . = ALIGN (0x4)
 *(.text)
 .text          0x00000000080001c8       0x40 c:/st/stm32cubeide_1.9.0/stm32cubeide/plugins/com.st.stm32cube.ide.mcu.externaltools.gnu-tools-for-stm32.10.3-2021.10.win32_1.0.200.202301161003/tools/bin/../lib/gcc/arm-none-eabi/10.3.1/thumb/v7e-m+fp/hard/crtbegin.o
 .text          0x0000000008000208       0x14 c:/st/stm32cubeide_1.9.0/stm32cubeide/plugins/com.st.stm32cube.ide.mcu.externaltools.gnu-tools-for-stm32.10.3-2021.10.win32_1.0.200.202301161003/tools/bin/../lib/gcc/arm-none-eabi/10.3.1/../../../../arm-none-eabi/lib/thumb/v7e-m+fp/hard\libc_nano.a(lib_a-strcmp.o)
                0x0000000008000208                strcmp
 .text          0x000000000800021c       0x10 c:/st/stm32cubeide_1.9.0/stm32cubeide/plugins/com.st.stm32cube.ide.mcu.externaltools.gnu-tools-for-stm32.10.3-2021.10.win32_1.0.200.202301161003/tools/bin/../lib/gcc/arm-none-eabi/10.3.1/../../../../arm-none-eabi/lib/thumb/v7e-m+fp/hard\libc_nano.a(lib_a-strlen.o)
                0x000000000800021c                strlen
 .text          0x000000000800022c      0x378 c:/st/stm32cubeide_1.9.0/stm32cubeide/plugins/com.st.stm32cube.ide.mcu.externaltools.gnu-tools-for-stm32.10.3-2021.10.win32_1.0.200.202301161003/tools/bin/../lib/gcc/arm-none-eabi/10.3.1/thumb/v7e-m+fp/hard\libgcc.a(_arm_addsubdf3.o)
                0x000000000800022c                __aeabi_drsub
                0x0000000008000234                __aeabi_dsub
                0x0000000008000234                __subdf3
                0x0000000008000238                __aeabi_dadd
                0x0000000008000238                __adddf3
                0x00000000080004b0                __floatunsidf
                0x00000000080004b0                __aeabi_ui2d
                0x00000000080004d0                __floatsidf
                0x00000000080004d0                __aeabi_i2d
                0x00000000080004f4                __aeabi_f2d
                0x00000000080004f4                __extendsfdf2
                0x0000000008000538                __floatundidf
                0x0000000008000538                __aeabi_ul2d
                0x0000000008000548                __floatdidf
                0x0000000008000548                __aeabi_l2d
 .text          0x00000000080005a4      0x424 c:/st/stm32cubeide_1.9.0/stm32cubeide/plugins/com.st.stm32cube.ide.mcu.externaltools.gnu-tools-for-stm32.10.3-2021.10.win32_1.0.200.202301161003/tools/bin/../lib/gcc/arm-none-eabi/10.3.1/thumb/v7e-m+fp/hard\libgcc.a(_arm_muldivdf3.o)
                0x00000000080005a4                __aeabi_dmul
                0x00000000080005a4                __muldf3
                0x00000000080007f8                __divdf3
                0x00000000080007f8                __aeabi_ddiv
 .text          0x00000000080009c8       0x50 c:/st/stm32cubeide_1.9.0/stm32cubeide/plugins/com.st.stm32cube.ide.mcu.externaltools.gnu-tools-for-stm32.10.3-2021.10.win32_1.0.200.202301161003/tools/bin/../lib/gcc/arm-none-eabi/10.3.1/thumb/v7e-m+fp/hard\libgcc.a(_arm_fixdfsi.o)
                0x00000000080009c8                __aeabi_d2iz
                0x00000000080009c8                __fixdfsi
 .text          0x0000000008000a18       0x30 c:/st/stm32cubeide_1.9.0/stm32cubeide/plugins/com.st.stm32cube.ide.mcu.externaltools.gnu-tools-for-stm32.10.3-2021.10.win32_1.0.200.202301161003/tools/bin/../lib/gcc/arm-none-eabi/10.3.1/thumb/v7e-m+fp/hard\libgcc.a(_aeabi_uldivmod.o)
                0x0000000008000a18                __aeabi_uldivmod
 .text          0x0000000008000a48      0x2d0 c:/st/stm32cubeide_1.9.0/stm32cubeide/plugins/com.st.stm32cube.ide.mcu.externaltools.gnu-tools-for-stm32.10.3-2021.10.win32_1.0.200.202301161003/tools/bin/../lib/gcc/arm-none-eabi/10.3.1/thumb/v7e-m+fp/hard\libgcc.a(_udivmoddi4.o)
                0x0000000008000a48                __udivmoddi4
 .text          0x0000000008000d18        0x4 c:/st/stm32cubeide_1.9.0/stm32cubeide/plugins/com.st.stm32cube.ide.mcu.externaltools.gnu-tools-for-stm32.10.3-2021.10.win32_1.0.200.202301161003/tools/bin/../lib/gcc/arm-none-eabi/10.3.1/thumb/v7e-m+fp/hard\libgcc.a(_dvmd_tls.o)
                0x0000000008000d18                __aeabi_idiv0
                0x0000000008000d18                __aeabi_ldiv0
 *(.text*)
 .text._ZN3ros16normalizeSecNSecERmS0_
                0x0000000008000d1c       0x58 ./Core/Inc/time.o
                0x0000000008000d1c                ros::normalizeSecNSec(unsigned long&, unsigned long&)
 .text.UART_Send
                0x0000000008000d74       0x38 ./Core/Src/Servo.o
                0x0000000008000d74                UART_Send
 .text.UART_Send_SetMotorPosition
                0x0000000008000dac       0x88 ./Core/Src/Servo.o
                0x0000000008000dac                UART_Send_SetMotorPosition
 .text.VL53_Init
                0x0000000008000e34      0x1f4 ./Core/Src/VL53.o
                0x0000000008000e34                VL53_Init
 .text.VL53_FirstMeasurement
                0x0000000008001028      0x190 ./Core/Src/VL53.o
                0x0000000008001028                VL53_FirstMeasurement
 .text.VL53_Update
                0x00000000080011b8      0x118 ./Core/Src/VL53.o
                0x00000000080011b8                VL53_Update
 .text.MX_ADC1_Init
                0x00000000080012d0       0xdc ./Core/Src/adc.o
                0x00000000080012d0                MX_ADC1_Init
 .text.HAL_ADC_MspInit
                0x00000000080013ac       0xf0 ./Core/Src/adc.o
                0x00000000080013ac                HAL_ADC_MspInit
 .text.bee      0x000000000800149c       0xf4 ./Core/Src/cake.o
                0x000000000800149c                bee
 .text.score_transfer
                0x0000000008001590      0x204 ./Core/Src/cake.o
                0x0000000008001590                score_transfer
 .text.hand_transfer_fn
                0x0000000008001794       0x8c ./Core/Src/cake.o
                0x0000000008001794                hand_transfer_fn
 .text.suck_the_cake
                0x0000000008001820      0x1b8 ./Core/Src/cake.o
                0x0000000008001820                suck_the_cake
 .text.press_sensor_feedback
                0x00000000080019d8       0x7c ./Core/Src/cake.o
                0x00000000080019d8                press_sensor_feedback
 .text.cake_check
                0x0000000008001a54      0x154 ./Core/Src/cake.o
                0x0000000008001a54                cake_check
 .text.unsuck_the_cake
                0x0000000008001ba8      0x1f8 ./Core/Src/cake.o
                0x0000000008001ba8                unsuck_the_cake
 .text.rotate_the_ring
                0x0000000008001da0      0x29c ./Core/Src/cake.o
                0x0000000008001da0                rotate_the_ring
 .text.put_the_cherry
                0x000000000800203c      0x1b4 ./Core/Src/cake.o
                0x000000000800203c                put_the_cherry
 .text.judge_the_empty_and_order
                0x00000000080021f0      0x684 ./Core/Src/cake.o
                0x00000000080021f0                judge_the_empty_and_order
 .text.pauseHanoiing
                0x0000000008002874      0x170 ./Core/Src/cake.o
                0x0000000008002874                pauseHanoiing
 .text.Tower_of_Hanoi
                0x00000000080029e4      0xaa4 ./Core/Src/cake.o
                0x00000000080029e4                Tower_of_Hanoi
 .text.finish_all_motion
                0x0000000008003488       0x80 ./Core/Src/cake.o
                0x0000000008003488                finish_all_motion
 .text.MX_DMA_Init
                0x0000000008003508       0x9c ./Core/Src/dma.o
                0x0000000008003508                MX_DMA_Init
 .text.MX_GPIO_Init
                0x00000000080035a4      0x1bc ./Core/Src/gpio.o
                0x00000000080035a4                MX_GPIO_Init
 .text.MX_I2C1_Init
                0x0000000008003760       0x5c ./Core/Src/i2c.o
                0x0000000008003760                MX_I2C1_Init
 .text.HAL_I2C_MspInit
                0x00000000080037bc       0xb0 ./Core/Src/i2c.o
                0x00000000080037bc                HAL_I2C_MspInit
 .text.main     0x000000000800386c       0x56 ./Core/Src/main.o
                0x000000000800386c                main
 *fill*         0x00000000080038c2        0x2 
 .text.SystemClock_Config
                0x00000000080038c4       0xd8 ./Core/Src/main.o
                0x00000000080038c4                SystemClock_Config
 .text.Error_Handler
                0x000000000800399c        0xa ./Core/Src/main.o
                0x000000000800399c                Error_Handler
 .text._ZN3ros4TimeC2Ev
                0x00000000080039a6       0x22 ./Core/Src/mainpp.o
                0x00000000080039a6                ros::Time::Time()
                0x00000000080039a6                ros::Time::Time()
 .text._ZN3ros3MsgC2Ev
                0x00000000080039c8       0x20 ./Core/Src/mainpp.o
                0x00000000080039c8                ros::Msg::Msg()
                0x00000000080039c8                ros::Msg::Msg()
 .text._ZN8std_msgs4TimeC2Ev
                0x00000000080039e8       0x30 ./Core/Src/mainpp.o
                0x00000000080039e8                std_msgs::Time::Time()
                0x00000000080039e8                std_msgs::Time::Time()
 .text._ZNK8std_msgs4Time9serializeEPh
                0x0000000008003a18       0xb0 ./Core/Src/mainpp.o
                0x0000000008003a18                std_msgs::Time::serialize(unsigned char*) const
 .text._ZN8std_msgs4Time11deserializeEPh
                0x0000000008003ac8       0xc8 ./Core/Src/mainpp.o
                0x0000000008003ac8                std_msgs::Time::deserialize(unsigned char*)
 .text._ZN8std_msgs4Time7getTypeEv
                0x0000000008003b90       0x1c ./Core/Src/mainpp.o
                0x0000000008003b90                std_msgs::Time::getType()
 .text._ZN8std_msgs4Time6getMD5Ev
                0x0000000008003bac       0x1c ./Core/Src/mainpp.o
                0x0000000008003bac                std_msgs::Time::getMD5()
 .text._ZN14rosserial_msgs9TopicInfoC2Ev
                0x0000000008003bc8       0x48 ./Core/Src/mainpp.o
                0x0000000008003bc8                rosserial_msgs::TopicInfo::TopicInfo()
                0x0000000008003bc8                rosserial_msgs::TopicInfo::TopicInfo()
 .text._ZNK14rosserial_msgs9TopicInfo9serializeEPh
                0x0000000008003c10      0x136 ./Core/Src/mainpp.o
                0x0000000008003c10                rosserial_msgs::TopicInfo::serialize(unsigned char*) const
 .text._ZN14rosserial_msgs9TopicInfo11deserializeEPh
                0x0000000008003d46      0x1d0 ./Core/Src/mainpp.o
                0x0000000008003d46                rosserial_msgs::TopicInfo::deserialize(unsigned char*)
 *fill*         0x0000000008003f16        0x2 
 .text._ZN14rosserial_msgs9TopicInfo7getTypeEv
                0x0000000008003f18       0x1c ./Core/Src/mainpp.o
                0x0000000008003f18                rosserial_msgs::TopicInfo::getType()
 .text._ZN14rosserial_msgs9TopicInfo6getMD5Ev
                0x0000000008003f34       0x1c ./Core/Src/mainpp.o
                0x0000000008003f34                rosserial_msgs::TopicInfo::getMD5()
 .text._ZN14rosserial_msgs3LogC2Ev
                0x0000000008003f50       0x34 ./Core/Src/mainpp.o
                0x0000000008003f50                rosserial_msgs::Log::Log()
                0x0000000008003f50                rosserial_msgs::Log::Log()
 .text._ZNK14rosserial_msgs3Log9serializeEPh
                0x0000000008003f84       0x64 ./Core/Src/mainpp.o
                0x0000000008003f84                rosserial_msgs::Log::serialize(unsigned char*) const
 .text._ZN14rosserial_msgs3Log11deserializeEPh
                0x0000000008003fe8       0x90 ./Core/Src/mainpp.o
                0x0000000008003fe8                rosserial_msgs::Log::deserialize(unsigned char*)
 .text._ZN14rosserial_msgs3Log7getTypeEv
                0x0000000008004078       0x1c ./Core/Src/mainpp.o
                0x0000000008004078                rosserial_msgs::Log::getType()
 .text._ZN14rosserial_msgs3Log6getMD5Ev
                0x0000000008004094       0x1c ./Core/Src/mainpp.o
                0x0000000008004094                rosserial_msgs::Log::getMD5()
 .text._ZN14rosserial_msgs20RequestParamResponseC2Ev
                0x00000000080040b0       0x48 ./Core/Src/mainpp.o
                0x00000000080040b0                rosserial_msgs::RequestParamResponse::RequestParamResponse()
                0x00000000080040b0                rosserial_msgs::RequestParamResponse::RequestParamResponse()
 .text._ZNK14rosserial_msgs20RequestParamResponse9serializeEPh
                0x00000000080040f8      0x222 ./Core/Src/mainpp.o
                0x00000000080040f8                rosserial_msgs::RequestParamResponse::serialize(unsigned char*) const
 .text._ZN14rosserial_msgs20RequestParamResponse11deserializeEPh
                0x000000000800431a      0x2e2 ./Core/Src/mainpp.o
                0x000000000800431a                rosserial_msgs::RequestParamResponse::deserialize(unsigned char*)
 .text._ZN14rosserial_msgs20RequestParamResponse7getTypeEv
                0x00000000080045fc       0x1c ./Core/Src/mainpp.o
                0x00000000080045fc                rosserial_msgs::RequestParamResponse::getType()
 .text._ZN14rosserial_msgs20RequestParamResponse6getMD5Ev
                0x0000000008004618       0x1c ./Core/Src/mainpp.o
                0x0000000008004618                rosserial_msgs::RequestParamResponse::getMD5()
 .text._ZN3ros9PublisherC2EPKcPNS_3MsgEi
                0x0000000008004634       0x2e ./Core/Src/mainpp.o
                0x0000000008004634                ros::Publisher::Publisher(char const*, ros::Msg*, int)
                0x0000000008004634                ros::Publisher::Publisher(char const*, ros::Msg*, int)
 .text._ZN3ros9Publisher7publishEPKNS_3MsgE
                0x0000000008004662       0x28 ./Core/Src/mainpp.o
                0x0000000008004662                ros::Publisher::publish(ros::Msg const*)
 .text._ZN3ros9Publisher15getEndpointTypeEv
                0x000000000800468a       0x18 ./Core/Src/mainpp.o
                0x000000000800468a                ros::Publisher::getEndpointType()
 .text._ZN13STM32Hardware10getRdmaIndEv
                0x00000000080046a2       0x26 ./Core/Src/mainpp.o
                0x00000000080046a2                STM32Hardware::getRdmaInd()
 .text._ZN13STM32HardwareC2Ev
                0x00000000080046c8       0x38 ./Core/Src/mainpp.o
                0x00000000080046c8                STM32Hardware::STM32Hardware()
                0x00000000080046c8                STM32Hardware::STM32Hardware()
 .text._ZN13STM32Hardware4initEv
                0x0000000008004700       0x16 ./Core/Src/mainpp.o
                0x0000000008004700                STM32Hardware::init()
 .text._ZN13STM32Hardware10reset_rbufEv
                0x0000000008004716       0x22 ./Core/Src/mainpp.o
                0x0000000008004716                STM32Hardware::reset_rbuf()
 .text._ZN13STM32Hardware4readEv
                0x0000000008004738       0x5a ./Core/Src/mainpp.o
                0x0000000008004738                STM32Hardware::read()
 *fill*         0x0000000008004792        0x2 
 .text._ZN13STM32Hardware5flushEv
                0x0000000008004794       0xbc ./Core/Src/mainpp.o
                0x0000000008004794                STM32Hardware::flush()
 .text._ZN13STM32Hardware5writeEPhi
                0x0000000008004850       0x8c ./Core/Src/mainpp.o
                0x0000000008004850                STM32Hardware::write(unsigned char*, int)
 .text._ZN13STM32Hardware4timeEv
                0x00000000080048dc       0x16 ./Core/Src/mainpp.o
                0x00000000080048dc                STM32Hardware::time()
 *fill*         0x00000000080048f2        0x2 
 .text._ZN8std_msgs19MultiArrayDimensionC2Ev
                0x00000000080048f4       0x3c ./Core/Src/mainpp.o
                0x00000000080048f4                std_msgs::MultiArrayDimension::MultiArrayDimension()
                0x00000000080048f4                std_msgs::MultiArrayDimension::MultiArrayDimension()
 .text._ZNK8std_msgs19MultiArrayDimension9serializeEPh
                0x0000000008004930       0xe6 ./Core/Src/mainpp.o
                0x0000000008004930                std_msgs::MultiArrayDimension::serialize(unsigned char*) const
 .text._ZN8std_msgs19MultiArrayDimension11deserializeEPh
                0x0000000008004a16      0x12a ./Core/Src/mainpp.o
                0x0000000008004a16                std_msgs::MultiArrayDimension::deserialize(unsigned char*)
 .text._ZN8std_msgs19MultiArrayDimension7getTypeEv
                0x0000000008004b40       0x1c ./Core/Src/mainpp.o
                0x0000000008004b40                std_msgs::MultiArrayDimension::getType()
 .text._ZN8std_msgs19MultiArrayDimension6getMD5Ev
                0x0000000008004b5c       0x1c ./Core/Src/mainpp.o
                0x0000000008004b5c                std_msgs::MultiArrayDimension::getMD5()
 .text._ZN8std_msgs16MultiArrayLayoutC2Ev
                0x0000000008004b78       0x40 ./Core/Src/mainpp.o
                0x0000000008004b78                std_msgs::MultiArrayLayout::MultiArrayLayout()
                0x0000000008004b78                std_msgs::MultiArrayLayout::MultiArrayLayout()
 .text._ZNK8std_msgs16MultiArrayLayout9serializeEPh
                0x0000000008004bb8       0xec ./Core/Src/mainpp.o
                0x0000000008004bb8                std_msgs::MultiArrayLayout::serialize(unsigned char*) const
 .text._ZN8std_msgs16MultiArrayLayout11deserializeEPh
                0x0000000008004ca4      0x120 ./Core/Src/mainpp.o
                0x0000000008004ca4                std_msgs::MultiArrayLayout::deserialize(unsigned char*)
 .text._ZN8std_msgs16MultiArrayLayout7getTypeEv
                0x0000000008004dc4       0x1c ./Core/Src/mainpp.o
                0x0000000008004dc4                std_msgs::MultiArrayLayout::getType()
 .text._ZN8std_msgs16MultiArrayLayout6getMD5Ev
                0x0000000008004de0       0x1c ./Core/Src/mainpp.o
                0x0000000008004de0                std_msgs::MultiArrayLayout::getMD5()
 .text._ZN8std_msgs15Int16MultiArrayC2Ev
                0x0000000008004dfc       0x3c ./Core/Src/mainpp.o
                0x0000000008004dfc                std_msgs::Int16MultiArray::Int16MultiArray()
                0x0000000008004dfc                std_msgs::Int16MultiArray::Int16MultiArray()
 .text._ZNK8std_msgs15Int16MultiArray9serializeEPh
                0x0000000008004e38       0xc4 ./Core/Src/mainpp.o
                0x0000000008004e38                std_msgs::Int16MultiArray::serialize(unsigned char*) const
 .text._ZN8std_msgs15Int16MultiArray11deserializeEPh
                0x0000000008004efc      0x104 ./Core/Src/mainpp.o
                0x0000000008004efc                std_msgs::Int16MultiArray::deserialize(unsigned char*)
 .text._ZN8std_msgs15Int16MultiArray7getTypeEv
                0x0000000008005000       0x1c ./Core/Src/mainpp.o
                0x0000000008005000                std_msgs::Int16MultiArray::getType()
 .text._ZN8std_msgs15Int16MultiArray6getMD5Ev
                0x000000000800501c       0x1c ./Core/Src/mainpp.o
                0x000000000800501c                std_msgs::Int16MultiArray::getMD5()
 .text._ZN8std_msgs6StringC2Ev
                0x0000000008005038       0x30 ./Core/Src/mainpp.o
                0x0000000008005038                std_msgs::String::String()
                0x0000000008005038                std_msgs::String::String()
 .text._ZNK8std_msgs6String9serializeEPh
                0x0000000008005068       0x52 ./Core/Src/mainpp.o
                0x0000000008005068                std_msgs::String::serialize(unsigned char*) const
 .text._ZN8std_msgs6String11deserializeEPh
                0x00000000080050ba       0x7e ./Core/Src/mainpp.o
                0x00000000080050ba                std_msgs::String::deserialize(unsigned char*)
 .text._ZN8std_msgs6String7getTypeEv
                0x0000000008005138       0x1c ./Core/Src/mainpp.o
                0x0000000008005138                std_msgs::String::getType()
 .text._ZN8std_msgs6String6getMD5Ev
                0x0000000008005154       0x1c ./Core/Src/mainpp.o
                0x0000000008005154                std_msgs::String::getMD5()
 .text._Z13cake_callbackRKN8std_msgs6StringE
                0x0000000008005170      0x384 ./Core/Src/mainpp.o
                0x0000000008005170                cake_callback(std_msgs::String const&)
 .text.HAL_UART_TxCpltCallback
                0x00000000080054f4       0x24 ./Core/Src/mainpp.o
                0x00000000080054f4                HAL_UART_TxCpltCallback
 .text.HAL_UART_ErrorCallback
                0x0000000008005518       0x38 ./Core/Src/mainpp.o
                0x0000000008005518                HAL_UART_ErrorCallback
 .text.pub_to_ros
                0x0000000008005550       0x28 ./Core/Src/mainpp.o
                0x0000000008005550                pub_to_ros
 .text.pub_the_hand_transfer
                0x0000000008005578       0x28 ./Core/Src/mainpp.o
                0x0000000008005578                pub_the_hand_transfer
 .text.setup    0x00000000080055a0       0x50 ./Core/Src/mainpp.o
                0x00000000080055a0                setup
 .text.loop     0x00000000080055f0       0x20 ./Core/Src/mainpp.o
                0x00000000080055f0                loop
 .text._ZN3ros3Msg8varToArrIPhmEEvT_T0_
                0x0000000008005610       0x3c ./Core/Src/mainpp.o
                0x0000000008005610                void ros::Msg::varToArr<unsigned char*, unsigned long>(unsigned char*, unsigned long)
 .text._ZN3ros3Msg8arrToVarImPhEEvRT_T0_
                0x000000000800564c       0x4a ./Core/Src/mainpp.o
                0x000000000800564c                void ros::Msg::arrToVar<unsigned long, unsigned char*>(unsigned long&, unsigned char*)
 *fill*         0x0000000008005696        0x2 
 .text._ZN3ros15NodeHandleBase_C2Ev
                0x0000000008005698       0x20 ./Core/Src/mainpp.o
                0x0000000008005698                ros::NodeHandleBase_::NodeHandleBase_()
                0x0000000008005698                ros::NodeHandleBase_::NodeHandleBase_()
 .text._ZN3ros11NodeHandle_I13STM32HardwareLi25ELi25ELi512ELi512EEC2Ev
                0x00000000080056b8      0x100 ./Core/Src/mainpp.o
                0x00000000080056b8                ros::NodeHandle_<STM32Hardware, 25, 25, 512, 512>::NodeHandle_()
                0x00000000080056b8                ros::NodeHandle_<STM32Hardware, 25, 25, 512, 512>::NodeHandle_()
 .text._ZN3ros11Subscriber_C2Ev
                0x00000000080057b8       0x20 ./Core/Src/mainpp.o
                0x00000000080057b8                ros::Subscriber_::Subscriber_()
                0x00000000080057b8                ros::Subscriber_::Subscriber_()
 .text._ZN3ros10SubscriberIN8std_msgs6StringEvEC2EPKcPFvRKS2_Ei
                0x00000000080057d8       0x48 ./Core/Src/mainpp.o
                0x00000000080057d8                ros::Subscriber<std_msgs::String, void>::Subscriber(char const*, void (*)(std_msgs::String const&), int)
                0x00000000080057d8                ros::Subscriber<std_msgs::String, void>::Subscriber(char const*, void (*)(std_msgs::String const&), int)
 .text._ZN3ros11NodeHandle_I13STM32HardwareLi25ELi25ELi512ELi512EE11getHardwareEv
                0x0000000008005820       0x18 ./Core/Src/mainpp.o
                0x0000000008005820                ros::NodeHandle_<STM32Hardware, 25, 25, 512, 512>::getHardware()
 .text._ZN3ros11NodeHandle_I13STM32HardwareLi25ELi25ELi512ELi512EE8initNodeEv
                0x0000000008005838       0x3a ./Core/Src/mainpp.o
                0x0000000008005838                ros::NodeHandle_<STM32Hardware, 25, 25, 512, 512>::initNode()
 .text._ZN3ros11NodeHandle_I13STM32HardwareLi25ELi25ELi512ELi512EE9subscribeINS_10SubscriberIN8std_msgs6StringEvEEEEbRT_
                0x0000000008005872       0x56 ./Core/Src/mainpp.o
                0x0000000008005872                bool ros::NodeHandle_<STM32Hardware, 25, 25, 512, 512>::subscribe<ros::Subscriber<std_msgs::String, void> >(ros::Subscriber<std_msgs::String, void>&)
 .text._ZN3ros11NodeHandle_I13STM32HardwareLi25ELi25ELi512ELi512EE9advertiseERNS_9PublisherE
                0x00000000080058c8       0x60 ./Core/Src/mainpp.o
                0x00000000080058c8                ros::NodeHandle_<STM32Hardware, 25, 25, 512, 512>::advertise(ros::Publisher&)
 .text._ZN3ros11NodeHandle_I13STM32HardwareLi25ELi25ELi512ELi512EE8spinOnceEv
                0x0000000008005928      0x3ae ./Core/Src/mainpp.o
                0x0000000008005928                ros::NodeHandle_<STM32Hardware, 25, 25, 512, 512>::spinOnce()
 .text._ZN3ros11NodeHandle_I13STM32HardwareLi25ELi25ELi512ELi512EE15requestSyncTimeEv
                0x0000000008005cd6       0x3c ./Core/Src/mainpp.o
                0x0000000008005cd6                ros::NodeHandle_<STM32Hardware, 25, 25, 512, 512>::requestSyncTime()
 .text._ZN3ros11NodeHandle_I13STM32HardwareLi25ELi25ELi512ELi512EE15negotiateTopicsEv
                0x0000000008005d12      0x1be ./Core/Src/mainpp.o
                0x0000000008005d12                ros::NodeHandle_<STM32Hardware, 25, 25, 512, 512>::negotiateTopics()
 .text._ZN3ros11NodeHandle_I13STM32HardwareLi25ELi25ELi512ELi512EE8syncTimeEPh
                0x0000000008005ed0       0x98 ./Core/Src/mainpp.o
                0x0000000008005ed0                ros::NodeHandle_<STM32Hardware, 25, 25, 512, 512>::syncTime(unsigned char*)
 .text._ZN3ros11NodeHandle_I13STM32HardwareLi25ELi25ELi512ELi512EE7publishEiPKNS_3MsgE
                0x0000000008005f68      0x128 ./Core/Src/mainpp.o
                0x0000000008005f68                ros::NodeHandle_<STM32Hardware, 25, 25, 512, 512>::publish(int, ros::Msg const*)
 .text._ZN3ros11NodeHandle_I13STM32HardwareLi25ELi25ELi512ELi512EE6setNowERNS_4TimeE
                0x0000000008006090       0x80 ./Core/Src/mainpp.o
                0x0000000008006090                ros::NodeHandle_<STM32Hardware, 25, 25, 512, 512>::setNow(ros::Time&)
 .text._ZN3ros11NodeHandle_I13STM32HardwareLi25ELi25ELi512ELi512EE8logerrorEPKc
                0x0000000008006110       0x1c ./Core/Src/mainpp.o
                0x0000000008006110                ros::NodeHandle_<STM32Hardware, 25, 25, 512, 512>::logerror(char const*)
 .text._ZN3ros11NodeHandle_I13STM32HardwareLi25ELi25ELi512ELi512EE3logEcPKc
                0x000000000800612c       0x38 ./Core/Src/mainpp.o
                0x000000000800612c                ros::NodeHandle_<STM32Hardware, 25, 25, 512, 512>::log(char, char const*)
 .text._Z41__static_initialization_and_destruction_0ii
                0x0000000008006164       0xbc ./Core/Src/mainpp.o
 .text._ZN3ros10SubscriberIN8std_msgs6StringEvE8callbackEPh
                0x0000000008006220       0x2a ./Core/Src/mainpp.o
                0x0000000008006220                ros::Subscriber<std_msgs::String, void>::callback(unsigned char*)
 .text._ZN3ros10SubscriberIN8std_msgs6StringEvE15getEndpointTypeEv
                0x000000000800624a       0x18 ./Core/Src/mainpp.o
                0x000000000800624a                ros::Subscriber<std_msgs::String, void>::getEndpointType()
 .text._ZN3ros10SubscriberIN8std_msgs6StringEvE10getMsgTypeEv
                0x0000000008006262       0x1c ./Core/Src/mainpp.o
                0x0000000008006262                ros::Subscriber<std_msgs::String, void>::getMsgType()
 .text._ZN3ros10SubscriberIN8std_msgs6StringEvE9getMsgMD5Ev
                0x000000000800627e       0x1c ./Core/Src/mainpp.o
                0x000000000800627e                ros::Subscriber<std_msgs::String, void>::getMsgMD5()
 .text._ZN3ros11NodeHandle_I13STM32HardwareLi25ELi25ELi512ELi512EE9connectedEv
                0x000000000800629a       0x1a ./Core/Src/mainpp.o
                0x000000000800629a                ros::NodeHandle_<STM32Hardware, 25, 25, 512, 512>::connected()
 .text._GLOBAL__sub_I_handshake
                0x00000000080062b4       0x10 ./Core/Src/mainpp.o
 .text.mainrun  0x00000000080062c4      0x434 ./Core/Src/mainrun.o
                0x00000000080062c4                mainrun
 .text.HAL_GPIO_EXTI_Callback
                0x00000000080066f8       0x44 ./Core/Src/mainrun.o
                0x00000000080066f8                HAL_GPIO_EXTI_Callback
 .text.HAL_TIM_PeriodElapsedCallback
                0x000000000800673c      0x9b0 ./Core/Src/mainrun.o
                0x000000000800673c                HAL_TIM_PeriodElapsedCallback
 .text.HAL_MspInit
                0x00000000080070ec       0x70 ./Core/Src/stm32f4xx_hal_msp.o
                0x00000000080070ec                HAL_MspInit
 .text.NMI_Handler
                0x000000000800715c        0x6 ./Core/Src/stm32f4xx_it.o
                0x000000000800715c                NMI_Handler
 .text.HardFault_Handler
                0x0000000008007162        0x6 ./Core/Src/stm32f4xx_it.o
                0x0000000008007162                HardFault_Handler
 .text.MemManage_Handler
                0x0000000008007168        0x6 ./Core/Src/stm32f4xx_it.o
                0x0000000008007168                MemManage_Handler
 .text.BusFault_Handler
                0x000000000800716e        0x6 ./Core/Src/stm32f4xx_it.o
                0x000000000800716e                BusFault_Handler
 .text.UsageFault_Handler
                0x0000000008007174        0x6 ./Core/Src/stm32f4xx_it.o
                0x0000000008007174                UsageFault_Handler
 .text.SVC_Handler
                0x000000000800717a        0xe ./Core/Src/stm32f4xx_it.o
                0x000000000800717a                SVC_Handler
 .text.DebugMon_Handler
                0x0000000008007188        0xe ./Core/Src/stm32f4xx_it.o
                0x0000000008007188                DebugMon_Handler
 .text.PendSV_Handler
                0x0000000008007196        0xe ./Core/Src/stm32f4xx_it.o
                0x0000000008007196                PendSV_Handler
 .text.SysTick_Handler
                0x00000000080071a4        0xc ./Core/Src/stm32f4xx_it.o
                0x00000000080071a4                SysTick_Handler
 .text.RCC_IRQHandler
                0x00000000080071b0        0xe ./Core/Src/stm32f4xx_it.o
                0x00000000080071b0                RCC_IRQHandler
 .text.EXTI4_IRQHandler
                0x00000000080071be        0xe ./Core/Src/stm32f4xx_it.o
                0x00000000080071be                EXTI4_IRQHandler
 .text.DMA1_Stream5_IRQHandler
                0x00000000080071cc       0x14 ./Core/Src/stm32f4xx_it.o
                0x00000000080071cc                DMA1_Stream5_IRQHandler
 .text.DMA1_Stream6_IRQHandler
                0x00000000080071e0       0x14 ./Core/Src/stm32f4xx_it.o
                0x00000000080071e0                DMA1_Stream6_IRQHandler
 .text.TIM1_BRK_TIM9_IRQHandler
                0x00000000080071f4       0x14 ./Core/Src/stm32f4xx_it.o
                0x00000000080071f4                TIM1_BRK_TIM9_IRQHandler
 .text.TIM1_UP_TIM10_IRQHandler
                0x0000000008007208       0x1c ./Core/Src/stm32f4xx_it.o
                0x0000000008007208                TIM1_UP_TIM10_IRQHandler
 .text.TIM1_TRG_COM_TIM11_IRQHandler
                0x0000000008007224       0x1c ./Core/Src/stm32f4xx_it.o
                0x0000000008007224                TIM1_TRG_COM_TIM11_IRQHandler
 .text.TIM1_CC_IRQHandler
                0x0000000008007240       0x14 ./Core/Src/stm32f4xx_it.o
                0x0000000008007240                TIM1_CC_IRQHandler
 .text.I2C1_EV_IRQHandler
                0x0000000008007254       0x14 ./Core/Src/stm32f4xx_it.o
                0x0000000008007254                I2C1_EV_IRQHandler
 .text.I2C1_ER_IRQHandler
                0x0000000008007268       0x14 ./Core/Src/stm32f4xx_it.o
                0x0000000008007268                I2C1_ER_IRQHandler
 .text.USART1_IRQHandler
                0x000000000800727c       0x14 ./Core/Src/stm32f4xx_it.o
                0x000000000800727c                USART1_IRQHandler
 .text.USART2_IRQHandler
                0x0000000008007290       0x14 ./Core/Src/stm32f4xx_it.o
                0x0000000008007290                USART2_IRQHandler
 .text.EXTI15_10_IRQHandler
                0x00000000080072a4       0x20 ./Core/Src/stm32f4xx_it.o
                0x00000000080072a4                EXTI15_10_IRQHandler
 .text.TIM8_UP_TIM13_IRQHandler
                0x00000000080072c4       0x1c ./Core/Src/stm32f4xx_it.o
                0x00000000080072c4                TIM8_UP_TIM13_IRQHandler
 .text.TIM6_DAC_IRQHandler
                0x00000000080072e0       0x14 ./Core/Src/stm32f4xx_it.o
                0x00000000080072e0                TIM6_DAC_IRQHandler
 .text.TIM7_IRQHandler
                0x00000000080072f4       0x14 ./Core/Src/stm32f4xx_it.o
                0x00000000080072f4                TIM7_IRQHandler
 .text.DMA2_Stream0_IRQHandler
                0x0000000008007308       0x14 ./Core/Src/stm32f4xx_it.o
                0x0000000008007308                DMA2_Stream0_IRQHandler
 .text.DMA2_Stream2_IRQHandler
                0x000000000800731c       0x14 ./Core/Src/stm32f4xx_it.o
                0x000000000800731c                DMA2_Stream2_IRQHandler
 .text.DMA2_Stream7_IRQHandler
                0x0000000008007330       0x14 ./Core/Src/stm32f4xx_it.o
                0x0000000008007330                DMA2_Stream7_IRQHandler
 .text._getpid  0x0000000008007344       0x10 ./Core/Src/syscalls.o
                0x0000000008007344                _getpid
 .text._kill    0x0000000008007354       0x20 ./Core/Src/syscalls.o
                0x0000000008007354                _kill
 .text._exit    0x0000000008007374       0x14 ./Core/Src/syscalls.o
                0x0000000008007374                _exit
 .text._sbrk    0x0000000008007388       0x6c ./Core/Src/sysmem.o
                0x0000000008007388                _sbrk
 .text.SystemInit
                0x00000000080073f4       0x24 ./Core/Src/system_stm32f4xx.o
                0x00000000080073f4                SystemInit
 .text.MX_TIM1_Init
                0x0000000008007418      0x104 ./Core/Src/tim.o
                0x0000000008007418                MX_TIM1_Init
 .text.MX_TIM2_Init
                0x000000000800751c       0xc8 ./Core/Src/tim.o
                0x000000000800751c                MX_TIM2_Init
 .text.MX_TIM3_Init
                0x00000000080075e4       0xf4 ./Core/Src/tim.o
                0x00000000080075e4                MX_TIM3_Init
 .text.MX_TIM6_Init
                0x00000000080076d8       0x6c ./Core/Src/tim.o
                0x00000000080076d8                MX_TIM6_Init
 .text.MX_TIM7_Init
                0x0000000008007744       0x6c ./Core/Src/tim.o
                0x0000000008007744                MX_TIM7_Init
 .text.MX_TIM8_Init
                0x00000000080077b0       0xa0 ./Core/Src/tim.o
                0x00000000080077b0                MX_TIM8_Init
 .text.MX_TIM10_Init
                0x0000000008007850       0x48 ./Core/Src/tim.o
                0x0000000008007850                MX_TIM10_Init
 .text.MX_TIM11_Init
                0x0000000008007898       0x44 ./Core/Src/tim.o
                0x0000000008007898                MX_TIM11_Init
 .text.MX_TIM13_Init
                0x00000000080078dc       0x48 ./Core/Src/tim.o
                0x00000000080078dc                MX_TIM13_Init
 .text.HAL_TIM_PWM_MspInit
                0x0000000008007924       0xd4 ./Core/Src/tim.o
                0x0000000008007924                HAL_TIM_PWM_MspInit
 .text.HAL_TIM_Base_MspInit
                0x00000000080079f8      0x17c ./Core/Src/tim.o
                0x00000000080079f8                HAL_TIM_Base_MspInit
 .text.HAL_TIM_MspPostInit
                0x0000000008007b74      0x110 ./Core/Src/tim.o
                0x0000000008007b74                HAL_TIM_MspPostInit
 .text.MX_USART1_UART_Init
                0x0000000008007c84       0x54 ./Core/Src/usart.o
                0x0000000008007c84                MX_USART1_UART_Init
 .text.MX_USART2_UART_Init
                0x0000000008007cd8       0x54 ./Core/Src/usart.o
                0x0000000008007cd8                MX_USART2_UART_Init
 .text.MX_USART3_UART_Init
                0x0000000008007d2c       0x54 ./Core/Src/usart.o
                0x0000000008007d2c                MX_USART3_UART_Init
 .text.HAL_UART_MspInit
                0x0000000008007d80      0x36c ./Core/Src/usart.o
                0x0000000008007d80                HAL_UART_MspInit
 .text.HAL_UART_MspDeInit
                0x00000000080080ec       0xcc ./Core/Src/usart.o
                0x00000000080080ec                HAL_UART_MspDeInit
 .text.Reset_Handler
                0x00000000080081b8       0x50 ./Core/Startup/startup_stm32f446retx.o
                0x00000000080081b8                Reset_Handler
 .text.Default_Handler
                0x0000000008008208        0x2 ./Core/Startup/startup_stm32f446retx.o
                0x0000000008008208                RTC_Alarm_IRQHandler
                0x0000000008008208                EXTI2_IRQHandler
                0x0000000008008208                TIM8_CC_IRQHandler
                0x0000000008008208                FMPI2C1_EV_IRQHandler
                0x0000000008008208                SPI4_IRQHandler
                0x0000000008008208                DMA2_Stream5_IRQHandler
                0x0000000008008208                PVD_IRQHandler
                0x0000000008008208                SDIO_IRQHandler
                0x0000000008008208                TAMP_STAMP_IRQHandler
                0x0000000008008208                CAN2_RX1_IRQHandler
                0x0000000008008208                EXTI3_IRQHandler
                0x0000000008008208                TIM8_TRG_COM_TIM14_IRQHandler
                0x0000000008008208                I2C3_ER_IRQHandler
                0x0000000008008208                EXTI0_IRQHandler
                0x0000000008008208                I2C2_EV_IRQHandler
                0x0000000008008208                DMA1_Stream2_IRQHandler
                0x0000000008008208                CAN1_RX0_IRQHandler
                0x0000000008008208                FPU_IRQHandler
                0x0000000008008208                OTG_HS_WKUP_IRQHandler
                0x0000000008008208                CAN2_SCE_IRQHandler
                0x0000000008008208                SPI1_IRQHandler
                0x0000000008008208                DCMI_IRQHandler
                0x0000000008008208                CAN2_RX0_IRQHandler
                0x0000000008008208                DMA2_Stream3_IRQHandler
                0x0000000008008208                SAI2_IRQHandler
                0x0000000008008208                USART6_IRQHandler
                0x0000000008008208                USART3_IRQHandler
                0x0000000008008208                CAN1_RX1_IRQHandler
                0x0000000008008208                UART5_IRQHandler
                0x0000000008008208                TIM4_IRQHandler
                0x0000000008008208                QUADSPI_IRQHandler
                0x0000000008008208                DMA1_Stream1_IRQHandler
                0x0000000008008208                UART4_IRQHandler
                0x0000000008008208                TIM3_IRQHandler
                0x0000000008008208                TIM8_BRK_TIM12_IRQHandler
                0x0000000008008208                Default_Handler
                0x0000000008008208                CEC_IRQHandler
                0x0000000008008208                ADC_IRQHandler
                0x0000000008008208                DMA1_Stream7_IRQHandler
                0x0000000008008208                CAN2_TX_IRQHandler
                0x0000000008008208                TIM5_IRQHandler
                0x0000000008008208                I2C3_EV_IRQHandler
                0x0000000008008208                EXTI9_5_IRQHandler
                0x0000000008008208                RTC_WKUP_IRQHandler
                0x0000000008008208                SPDIF_RX_IRQHandler
                0x0000000008008208                SPI2_IRQHandler
                0x0000000008008208                OTG_HS_EP1_IN_IRQHandler
                0x0000000008008208                DMA1_Stream0_IRQHandler
                0x0000000008008208                CAN1_TX_IRQHandler
                0x0000000008008208                FMPI2C1_ER_IRQHandler
                0x0000000008008208                OTG_HS_EP1_OUT_IRQHandler
                0x0000000008008208                WWDG_IRQHandler
                0x0000000008008208                TIM2_IRQHandler
                0x0000000008008208                OTG_FS_WKUP_IRQHandler
                0x0000000008008208                OTG_HS_IRQHandler
                0x0000000008008208                EXTI1_IRQHandler
                0x0000000008008208                I2C2_ER_IRQHandler
                0x0000000008008208                DMA2_Stream1_IRQHandler
                0x0000000008008208                CAN1_SCE_IRQHandler
                0x0000000008008208                FLASH_IRQHandler
                0x0000000008008208                DMA2_Stream4_IRQHandler
                0x0000000008008208                OTG_FS_IRQHandler
                0x0000000008008208                SPI3_IRQHandler
                0x0000000008008208                DMA1_Stream4_IRQHandler
                0x0000000008008208                FMC_IRQHandler
                0x0000000008008208                DMA2_Stream6_IRQHandler
                0x0000000008008208                SAI1_IRQHandler
                0x0000000008008208                DMA1_Stream3_IRQHandler
 *fill*         0x000000000800820a        0x2 
 .text.HAL_Init
                0x000000000800820c       0x44 ./Drivers/STM32F4xx_HAL_Driver/Src/stm32f4xx_hal.o
                0x000000000800820c                HAL_Init
 .text.HAL_InitTick
                0x0000000008008250       0x60 ./Drivers/STM32F4xx_HAL_Driver/Src/stm32f4xx_hal.o
                0x0000000008008250                HAL_InitTick
 .text.HAL_IncTick
                0x00000000080082b0       0x28 ./Drivers/STM32F4xx_HAL_Driver/Src/stm32f4xx_hal.o
                0x00000000080082b0                HAL_IncTick
 .text.HAL_GetTick
                0x00000000080082d8       0x18 ./Drivers/STM32F4xx_HAL_Driver/Src/stm32f4xx_hal.o
                0x00000000080082d8                HAL_GetTick
 .text.HAL_Delay
                0x00000000080082f0       0x48 ./Drivers/STM32F4xx_HAL_Driver/Src/stm32f4xx_hal.o
                0x00000000080082f0                HAL_Delay
 .text.HAL_ADC_Init
                0x0000000008008338       0x86 ./Drivers/STM32F4xx_HAL_Driver/Src/stm32f4xx_hal_adc.o
                0x0000000008008338                HAL_ADC_Init
 *fill*         0x00000000080083be        0x2 
 .text.HAL_ADC_ConfigChannel
                0x00000000080083c0      0x264 ./Drivers/STM32F4xx_HAL_Driver/Src/stm32f4xx_hal_adc.o
                0x00000000080083c0                HAL_ADC_ConfigChannel
 .text.ADC_Init
                0x0000000008008624      0x1f8 ./Drivers/STM32F4xx_HAL_Driver/Src/stm32f4xx_hal_adc.o
 .text.__NVIC_SetPriorityGrouping
                0x000000000800881c       0x48 ./Drivers/STM32F4xx_HAL_Driver/Src/stm32f4xx_hal_cortex.o
 .text.__NVIC_GetPriorityGrouping
                0x0000000008008864       0x1c ./Drivers/STM32F4xx_HAL_Driver/Src/stm32f4xx_hal_cortex.o
 .text.__NVIC_EnableIRQ
                0x0000000008008880       0x3c ./Drivers/STM32F4xx_HAL_Driver/Src/stm32f4xx_hal_cortex.o
 .text.__NVIC_DisableIRQ
                0x00000000080088bc       0x48 ./Drivers/STM32F4xx_HAL_Driver/Src/stm32f4xx_hal_cortex.o
 .text.__NVIC_SetPriority
                0x0000000008008904       0x54 ./Drivers/STM32F4xx_HAL_Driver/Src/stm32f4xx_hal_cortex.o
 .text.NVIC_EncodePriority
                0x0000000008008958       0x66 ./Drivers/STM32F4xx_HAL_Driver/Src/stm32f4xx_hal_cortex.o
 *fill*         0x00000000080089be        0x2 
 .text.SysTick_Config
                0x00000000080089c0       0x44 ./Drivers/STM32F4xx_HAL_Driver/Src/stm32f4xx_hal_cortex.o
 .text.HAL_NVIC_SetPriorityGrouping
                0x0000000008008a04       0x16 ./Drivers/STM32F4xx_HAL_Driver/Src/stm32f4xx_hal_cortex.o
                0x0000000008008a04                HAL_NVIC_SetPriorityGrouping
 .text.HAL_NVIC_SetPriority
                0x0000000008008a1a       0x38 ./Drivers/STM32F4xx_HAL_Driver/Src/stm32f4xx_hal_cortex.o
                0x0000000008008a1a                HAL_NVIC_SetPriority
 .text.HAL_NVIC_EnableIRQ
                0x0000000008008a52       0x1c ./Drivers/STM32F4xx_HAL_Driver/Src/stm32f4xx_hal_cortex.o
                0x0000000008008a52                HAL_NVIC_EnableIRQ
 .text.HAL_NVIC_DisableIRQ
                0x0000000008008a6e       0x1c ./Drivers/STM32F4xx_HAL_Driver/Src/stm32f4xx_hal_cortex.o
                0x0000000008008a6e                HAL_NVIC_DisableIRQ
 .text.HAL_SYSTICK_Config
                0x0000000008008a8a       0x18 ./Drivers/STM32F4xx_HAL_Driver/Src/stm32f4xx_hal_cortex.o
                0x0000000008008a8a                HAL_SYSTICK_Config
 *fill*         0x0000000008008aa2        0x2 
 .text.HAL_DMA_Init
                0x0000000008008aa4      0x15c ./Drivers/STM32F4xx_HAL_Driver/Src/stm32f4xx_hal_dma.o
                0x0000000008008aa4                HAL_DMA_Init
 .text.HAL_DMA_DeInit
                0x0000000008008c00       0xbc ./Drivers/STM32F4xx_HAL_Driver/Src/stm32f4xx_hal_dma.o
                0x0000000008008c00                HAL_DMA_DeInit
 .text.HAL_DMA_Start_IT
                0x0000000008008cbc       0xb0 ./Drivers/STM32F4xx_HAL_Driver/Src/stm32f4xx_hal_dma.o
                0x0000000008008cbc                HAL_DMA_Start_IT
 .text.HAL_DMA_Abort
                0x0000000008008d6c       0xe0 ./Drivers/STM32F4xx_HAL_Driver/Src/stm32f4xx_hal_dma.o
                0x0000000008008d6c                HAL_DMA_Abort
 .text.HAL_DMA_Abort_IT
                0x0000000008008e4c       0x44 ./Drivers/STM32F4xx_HAL_Driver/Src/stm32f4xx_hal_dma.o
                0x0000000008008e4c                HAL_DMA_Abort_IT
 .text.HAL_DMA_IRQHandler
                0x0000000008008e90      0x314 ./Drivers/STM32F4xx_HAL_Driver/Src/stm32f4xx_hal_dma.o
                0x0000000008008e90                HAL_DMA_IRQHandler
 .text.HAL_DMA_GetState
                0x00000000080091a4       0x1c ./Drivers/STM32F4xx_HAL_Driver/Src/stm32f4xx_hal_dma.o
                0x00000000080091a4                HAL_DMA_GetState
 .text.DMA_SetConfig
                0x00000000080091c0       0x5c ./Drivers/STM32F4xx_HAL_Driver/Src/stm32f4xx_hal_dma.o
 .text.DMA_CalcBaseAndBitshift
                0x000000000800921c       0x6c ./Drivers/STM32F4xx_HAL_Driver/Src/stm32f4xx_hal_dma.o
 .text.DMA_CheckFifoParam
                0x0000000008009288       0xf8 ./Drivers/STM32F4xx_HAL_Driver/Src/stm32f4xx_hal_dma.o
 .text.HAL_GPIO_Init
                0x0000000008009380      0x328 ./Drivers/STM32F4xx_HAL_Driver/Src/stm32f4xx_hal_gpio.o
                0x0000000008009380                HAL_GPIO_Init
 .text.HAL_GPIO_DeInit
                0x00000000080096a8      0x1e8 ./Drivers/STM32F4xx_HAL_Driver/Src/stm32f4xx_hal_gpio.o
                0x00000000080096a8                HAL_GPIO_DeInit
 .text.HAL_GPIO_WritePin
                0x0000000008009890       0x32 ./Drivers/STM32F4xx_HAL_Driver/Src/stm32f4xx_hal_gpio.o
                0x0000000008009890                HAL_GPIO_WritePin
 *fill*         0x00000000080098c2        0x2 
 .text.HAL_GPIO_EXTI_IRQHandler
                0x00000000080098c4       0x30 ./Drivers/STM32F4xx_HAL_Driver/Src/stm32f4xx_hal_gpio.o
                0x00000000080098c4                HAL_GPIO_EXTI_IRQHandler
 .text.HAL_I2C_Init
                0x00000000080098f4      0x288 ./Drivers/STM32F4xx_HAL_Driver/Src/stm32f4xx_hal_i2c.o
                0x00000000080098f4                HAL_I2C_Init
 .text.HAL_I2C_Master_Transmit
                0x0000000008009b7c      0x1fc ./Drivers/STM32F4xx_HAL_Driver/Src/stm32f4xx_hal_i2c.o
                0x0000000008009b7c                HAL_I2C_Master_Transmit
 .text.HAL_I2C_Master_Receive
                0x0000000008009d78      0x44c ./Drivers/STM32F4xx_HAL_Driver/Src/stm32f4xx_hal_i2c.o
                0x0000000008009d78                HAL_I2C_Master_Receive
 .text.HAL_I2C_EV_IRQHandler
                0x000000000800a1c4      0x2e2 ./Drivers/STM32F4xx_HAL_Driver/Src/stm32f4xx_hal_i2c.o
                0x000000000800a1c4                HAL_I2C_EV_IRQHandler
 .text.HAL_I2C_ER_IRQHandler
                0x000000000800a4a6      0x14e ./Drivers/STM32F4xx_HAL_Driver/Src/stm32f4xx_hal_i2c.o
                0x000000000800a4a6                HAL_I2C_ER_IRQHandler
 .text.HAL_I2C_MasterTxCpltCallback
                0x000000000800a5f4       0x14 ./Drivers/STM32F4xx_HAL_Driver/Src/stm32f4xx_hal_i2c.o
                0x000000000800a5f4                HAL_I2C_MasterTxCpltCallback
 .text.HAL_I2C_MasterRxCpltCallback
                0x000000000800a608       0x14 ./Drivers/STM32F4xx_HAL_Driver/Src/stm32f4xx_hal_i2c.o
                0x000000000800a608                HAL_I2C_MasterRxCpltCallback
 .text.HAL_I2C_SlaveTxCpltCallback
                0x000000000800a61c       0x14 ./Drivers/STM32F4xx_HAL_Driver/Src/stm32f4xx_hal_i2c.o
                0x000000000800a61c                HAL_I2C_SlaveTxCpltCallback
 .text.HAL_I2C_SlaveRxCpltCallback
                0x000000000800a630       0x14 ./Drivers/STM32F4xx_HAL_Driver/Src/stm32f4xx_hal_i2c.o
                0x000000000800a630                HAL_I2C_SlaveRxCpltCallback
 .text.HAL_I2C_AddrCallback
                0x000000000800a644       0x1c ./Drivers/STM32F4xx_HAL_Driver/Src/stm32f4xx_hal_i2c.o
                0x000000000800a644                HAL_I2C_AddrCallback
 .text.HAL_I2C_ListenCpltCallback
                0x000000000800a660       0x14 ./Drivers/STM32F4xx_HAL_Driver/Src/stm32f4xx_hal_i2c.o
                0x000000000800a660                HAL_I2C_ListenCpltCallback
 .text.HAL_I2C_MemTxCpltCallback
                0x000000000800a674       0x14 ./Drivers/STM32F4xx_HAL_Driver/Src/stm32f4xx_hal_i2c.o
                0x000000000800a674                HAL_I2C_MemTxCpltCallback
 .text.HAL_I2C_MemRxCpltCallback
                0x000000000800a688       0x14 ./Drivers/STM32F4xx_HAL_Driver/Src/stm32f4xx_hal_i2c.o
                0x000000000800a688                HAL_I2C_MemRxCpltCallback
 .text.HAL_I2C_ErrorCallback
                0x000000000800a69c       0x14 ./Drivers/STM32F4xx_HAL_Driver/Src/stm32f4xx_hal_i2c.o
                0x000000000800a69c                HAL_I2C_ErrorCallback
 .text.HAL_I2C_AbortCpltCallback
                0x000000000800a6b0       0x14 ./Drivers/STM32F4xx_HAL_Driver/Src/stm32f4xx_hal_i2c.o
                0x000000000800a6b0                HAL_I2C_AbortCpltCallback
 .text.I2C_MasterTransmit_TXE
                0x000000000800a6c4      0x138 ./Drivers/STM32F4xx_HAL_Driver/Src/stm32f4xx_hal_i2c.o
 .text.I2C_MasterTransmit_BTF
                0x000000000800a7fc       0xec ./Drivers/STM32F4xx_HAL_Driver/Src/stm32f4xx_hal_i2c.o
 .text.I2C_MemoryTransmit_TXE_BTF
                0x000000000800a8e8      0x128 ./Drivers/STM32F4xx_HAL_Driver/Src/stm32f4xx_hal_i2c.o
 .text.I2C_MasterReceive_RXNE
                0x000000000800aa10      0x176 ./Drivers/STM32F4xx_HAL_Driver/Src/stm32f4xx_hal_i2c.o
 .text.I2C_MasterReceive_BTF
                0x000000000800ab86      0x1d4 ./Drivers/STM32F4xx_HAL_Driver/Src/stm32f4xx_hal_i2c.o
 .text.I2C_Master_SB
                0x000000000800ad5a      0x10c ./Drivers/STM32F4xx_HAL_Driver/Src/stm32f4xx_hal_i2c.o
 .text.I2C_Master_ADD10
                0x000000000800ae66       0x54 ./Drivers/STM32F4xx_HAL_Driver/Src/stm32f4xx_hal_i2c.o
 .text.I2C_Master_ADDR
                0x000000000800aeba      0x322 ./Drivers/STM32F4xx_HAL_Driver/Src/stm32f4xx_hal_i2c.o
 .text.I2C_SlaveTransmit_TXE
                0x000000000800b1dc       0x7a ./Drivers/STM32F4xx_HAL_Driver/Src/stm32f4xx_hal_i2c.o
 .text.I2C_SlaveTransmit_BTF
                0x000000000800b256       0x42 ./Drivers/STM32F4xx_HAL_Driver/Src/stm32f4xx_hal_i2c.o
 .text.I2C_SlaveReceive_RXNE
                0x000000000800b298       0x7c ./Drivers/STM32F4xx_HAL_Driver/Src/stm32f4xx_hal_i2c.o
 .text.I2C_SlaveReceive_BTF
                0x000000000800b314       0x44 ./Drivers/STM32F4xx_HAL_Driver/Src/stm32f4xx_hal_i2c.o
 .text.I2C_Slave_ADDR
                0x000000000800b358       0x94 ./Drivers/STM32F4xx_HAL_Driver/Src/stm32f4xx_hal_i2c.o
 .text.I2C_Slave_STOPF
                0x000000000800b3ec      0x260 ./Drivers/STM32F4xx_HAL_Driver/Src/stm32f4xx_hal_i2c.o
 .text.I2C_Slave_AF
                0x000000000800b64c       0xe0 ./Drivers/STM32F4xx_HAL_Driver/Src/stm32f4xx_hal_i2c.o
 .text.I2C_ITError
                0x000000000800b72c      0x264 ./Drivers/STM32F4xx_HAL_Driver/Src/stm32f4xx_hal_i2c.o
 .text.I2C_MasterRequestWrite
                0x000000000800b990      0x104 ./Drivers/STM32F4xx_HAL_Driver/Src/stm32f4xx_hal_i2c.o
 .text.I2C_MasterRequestRead
                0x000000000800ba94      0x19c ./Drivers/STM32F4xx_HAL_Driver/Src/stm32f4xx_hal_i2c.o
 .text.I2C_DMAAbort
                0x000000000800bc30      0x150 ./Drivers/STM32F4xx_HAL_Driver/Src/stm32f4xx_hal_i2c.o
 .text.I2C_WaitOnFlagUntilTimeout
                0x000000000800bd80       0xae ./Drivers/STM32F4xx_HAL_Driver/Src/stm32f4xx_hal_i2c.o
 .text.I2C_WaitOnMasterAddressFlagUntilTimeout
                0x000000000800be2e       0xfe ./Drivers/STM32F4xx_HAL_Driver/Src/stm32f4xx_hal_i2c.o
 .text.I2C_WaitOnTXEFlagUntilTimeout
                0x000000000800bf2c       0x82 ./Drivers/STM32F4xx_HAL_Driver/Src/stm32f4xx_hal_i2c.o
 .text.I2C_WaitOnBTFFlagUntilTimeout
                0x000000000800bfae       0x82 ./Drivers/STM32F4xx_HAL_Driver/Src/stm32f4xx_hal_i2c.o
 .text.I2C_WaitOnSTOPRequestThroughIT
                0x000000000800c030       0x64 ./Drivers/STM32F4xx_HAL_Driver/Src/stm32f4xx_hal_i2c.o
 .text.I2C_WaitOnRXNEFlagUntilTimeout
                0x000000000800c094       0xac ./Drivers/STM32F4xx_HAL_Driver/Src/stm32f4xx_hal_i2c.o
 .text.I2C_IsAcknowledgeFailed
                0x000000000800c140       0x5e ./Drivers/STM32F4xx_HAL_Driver/Src/stm32f4xx_hal_i2c.o
 .text.I2C_ConvertOtherXferOptions
                0x000000000800c19e       0x36 ./Drivers/STM32F4xx_HAL_Driver/Src/stm32f4xx_hal_i2c.o
 .text.HAL_RCC_ClockConfig
                0x000000000800c1d4      0x1cc ./Drivers/STM32F4xx_HAL_Driver/Src/stm32f4xx_hal_rcc.o
                0x000000000800c1d4                HAL_RCC_ClockConfig
 .text.HAL_RCC_GetHCLKFreq
                0x000000000800c3a0       0x18 ./Drivers/STM32F4xx_HAL_Driver/Src/stm32f4xx_hal_rcc.o
                0x000000000800c3a0                HAL_RCC_GetHCLKFreq
 .text.HAL_RCC_GetPCLK1Freq
                0x000000000800c3b8       0x28 ./Drivers/STM32F4xx_HAL_Driver/Src/stm32f4xx_hal_rcc.o
                0x000000000800c3b8                HAL_RCC_GetPCLK1Freq
 .text.HAL_RCC_GetPCLK2Freq
                0x000000000800c3e0       0x28 ./Drivers/STM32F4xx_HAL_Driver/Src/stm32f4xx_hal_rcc.o
                0x000000000800c3e0                HAL_RCC_GetPCLK2Freq
 .text.HAL_RCC_GetSysClockFreq
                0x000000000800c408      0x460 ./Drivers/STM32F4xx_HAL_Driver/Src/stm32f4xx_hal_rcc_ex.o
                0x000000000800c408                HAL_RCC_GetSysClockFreq
 .text.HAL_RCC_OscConfig
                0x000000000800c868      0x53c ./Drivers/STM32F4xx_HAL_Driver/Src/stm32f4xx_hal_rcc_ex.o
                0x000000000800c868                HAL_RCC_OscConfig
 .text.HAL_TIM_Base_Init
                0x000000000800cda4       0x9e ./Drivers/STM32F4xx_HAL_Driver/Src/stm32f4xx_hal_tim.o
                0x000000000800cda4                HAL_TIM_Base_Init
 *fill*         0x000000000800ce42        0x2 
 .text.HAL_TIM_Base_Start_IT
                0x000000000800ce44       0xe0 ./Drivers/STM32F4xx_HAL_Driver/Src/stm32f4xx_hal_tim.o
                0x000000000800ce44                HAL_TIM_Base_Start_IT
 .text.HAL_TIM_PWM_Init
                0x000000000800cf24       0x9e ./Drivers/STM32F4xx_HAL_Driver/Src/stm32f4xx_hal_tim.o
                0x000000000800cf24                HAL_TIM_PWM_Init
 *fill*         0x000000000800cfc2        0x2 
 .text.HAL_TIM_PWM_Start
                0x000000000800cfc4      0x190 ./Drivers/STM32F4xx_HAL_Driver/Src/stm32f4xx_hal_tim.o
                0x000000000800cfc4                HAL_TIM_PWM_Start
 .text.HAL_TIM_IRQHandler
                0x000000000800d154      0x210 ./Drivers/STM32F4xx_HAL_Driver/Src/stm32f4xx_hal_tim.o
                0x000000000800d154                HAL_TIM_IRQHandler
 .text.HAL_TIM_PWM_ConfigChannel
                0x000000000800d364      0x184 ./Drivers/STM32F4xx_HAL_Driver/Src/stm32f4xx_hal_tim.o
                0x000000000800d364                HAL_TIM_PWM_ConfigChannel
 .text.HAL_TIM_ConfigClockSource
                0x000000000800d4e8      0x18e ./Drivers/STM32F4xx_HAL_Driver/Src/stm32f4xx_hal_tim.o
                0x000000000800d4e8                HAL_TIM_ConfigClockSource
 .text.HAL_TIM_OC_DelayElapsedCallback
                0x000000000800d676       0x14 ./Drivers/STM32F4xx_HAL_Driver/Src/stm32f4xx_hal_tim.o
                0x000000000800d676                HAL_TIM_OC_DelayElapsedCallback
 .text.HAL_TIM_IC_CaptureCallback
                0x000000000800d68a       0x14 ./Drivers/STM32F4xx_HAL_Driver/Src/stm32f4xx_hal_tim.o
                0x000000000800d68a                HAL_TIM_IC_CaptureCallback
 .text.HAL_TIM_PWM_PulseFinishedCallback
                0x000000000800d69e       0x14 ./Drivers/STM32F4xx_HAL_Driver/Src/stm32f4xx_hal_tim.o
                0x000000000800d69e                HAL_TIM_PWM_PulseFinishedCallback
 .text.HAL_TIM_TriggerCallback
                0x000000000800d6b2       0x14 ./Drivers/STM32F4xx_HAL_Driver/Src/stm32f4xx_hal_tim.o
                0x000000000800d6b2                HAL_TIM_TriggerCallback
 *fill*         0x000000000800d6c6        0x2 
 .text.TIM_Base_SetConfig
                0x000000000800d6c8      0x140 ./Drivers/STM32F4xx_HAL_Driver/Src/stm32f4xx_hal_tim.o
                0x000000000800d6c8                TIM_Base_SetConfig
 .text.TIM_OC1_SetConfig
                0x000000000800d808       0xe0 ./Drivers/STM32F4xx_HAL_Driver/Src/stm32f4xx_hal_tim.o
 .text.TIM_OC2_SetConfig
                0x000000000800d8e8       0xec ./Drivers/STM32F4xx_HAL_Driver/Src/stm32f4xx_hal_tim.o
                0x000000000800d8e8                TIM_OC2_SetConfig
 .text.TIM_OC3_SetConfig
                0x000000000800d9d4       0xe8 ./Drivers/STM32F4xx_HAL_Driver/Src/stm32f4xx_hal_tim.o
 .text.TIM_OC4_SetConfig
                0x000000000800dabc       0xac ./Drivers/STM32F4xx_HAL_Driver/Src/stm32f4xx_hal_tim.o
 .text.TIM_TI1_ConfigInputStage
                0x000000000800db68       0x5e ./Drivers/STM32F4xx_HAL_Driver/Src/stm32f4xx_hal_tim.o
 .text.TIM_TI2_ConfigInputStage
                0x000000000800dbc6       0x60 ./Drivers/STM32F4xx_HAL_Driver/Src/stm32f4xx_hal_tim.o
 .text.TIM_ITRx_SetConfig
                0x000000000800dc26       0x36 ./Drivers/STM32F4xx_HAL_Driver/Src/stm32f4xx_hal_tim.o
 .text.TIM_ETR_SetConfig
                0x000000000800dc5c       0x40 ./Drivers/STM32F4xx_HAL_Driver/Src/stm32f4xx_hal_tim.o
                0x000000000800dc5c                TIM_ETR_SetConfig
 .text.TIM_CCxChannelCmd
                0x000000000800dc9c       0x4a ./Drivers/STM32F4xx_HAL_Driver/Src/stm32f4xx_hal_tim.o
                0x000000000800dc9c                TIM_CCxChannelCmd
 *fill*         0x000000000800dce6        0x2 
 .text.HAL_TIMEx_MasterConfigSynchronization
                0x000000000800dce8       0xf8 ./Drivers/STM32F4xx_HAL_Driver/Src/stm32f4xx_hal_tim_ex.o
                0x000000000800dce8                HAL_TIMEx_MasterConfigSynchronization
 .text.HAL_TIMEx_ConfigBreakDeadTime
                0x000000000800dde0       0xa4 ./Drivers/STM32F4xx_HAL_Driver/Src/stm32f4xx_hal_tim_ex.o
                0x000000000800dde0                HAL_TIMEx_ConfigBreakDeadTime
 .text.HAL_TIMEx_CommutCallback
                0x000000000800de84       0x14 ./Drivers/STM32F4xx_HAL_Driver/Src/stm32f4xx_hal_tim_ex.o
                0x000000000800de84                HAL_TIMEx_CommutCallback
 .text.HAL_TIMEx_BreakCallback
                0x000000000800de98       0x14 ./Drivers/STM32F4xx_HAL_Driver/Src/stm32f4xx_hal_tim_ex.o
                0x000000000800de98                HAL_TIMEx_BreakCallback
 .text.HAL_UART_Init
                0x000000000800deac       0x9a ./Drivers/STM32F4xx_HAL_Driver/Src/stm32f4xx_hal_uart.o
                0x000000000800deac                HAL_UART_Init
 .text.HAL_UART_DeInit
                0x000000000800df46       0x5e ./Drivers/STM32F4xx_HAL_Driver/Src/stm32f4xx_hal_uart.o
                0x000000000800df46                HAL_UART_DeInit
 .text.HAL_UART_Transmit
                0x000000000800dfa4      0x124 ./Drivers/STM32F4xx_HAL_Driver/Src/stm32f4xx_hal_uart.o
                0x000000000800dfa4                HAL_UART_Transmit
 .text.HAL_UART_Transmit_IT
                0x000000000800e0c8       0x8a ./Drivers/STM32F4xx_HAL_Driver/Src/stm32f4xx_hal_uart.o
                0x000000000800e0c8                HAL_UART_Transmit_IT
 *fill*         0x000000000800e152        0x2 
 .text.HAL_UART_Transmit_DMA
                0x000000000800e154       0xfc ./Drivers/STM32F4xx_HAL_Driver/Src/stm32f4xx_hal_uart.o
                0x000000000800e154                HAL_UART_Transmit_DMA
 .text.HAL_UART_Receive_DMA
                0x000000000800e250       0x60 ./Drivers/STM32F4xx_HAL_Driver/Src/stm32f4xx_hal_uart.o
                0x000000000800e250                HAL_UART_Receive_DMA
 .text.HAL_UART_IRQHandler
                0x000000000800e2b0      0x51c ./Drivers/STM32F4xx_HAL_Driver/Src/stm32f4xx_hal_uart.o
                0x000000000800e2b0                HAL_UART_IRQHandler
 .text.HAL_UART_TxHalfCpltCallback
                0x000000000800e7cc       0x14 ./Drivers/STM32F4xx_HAL_Driver/Src/stm32f4xx_hal_uart.o
                0x000000000800e7cc                HAL_UART_TxHalfCpltCallback
 .text.HAL_UART_RxCpltCallback
                0x000000000800e7e0       0x14 ./Drivers/STM32F4xx_HAL_Driver/Src/stm32f4xx_hal_uart.o
                0x000000000800e7e0                HAL_UART_RxCpltCallback
 .text.HAL_UART_RxHalfCpltCallback
                0x000000000800e7f4       0x14 ./Drivers/STM32F4xx_HAL_Driver/Src/stm32f4xx_hal_uart.o
                0x000000000800e7f4                HAL_UART_RxHalfCpltCallback
 .text.HAL_UARTEx_RxEventCallback
                0x000000000800e808       0x18 ./Drivers/STM32F4xx_HAL_Driver/Src/stm32f4xx_hal_uart.o
                0x000000000800e808                HAL_UARTEx_RxEventCallback
 .text.UART_DMATransmitCplt
                0x000000000800e820       0x9a ./Drivers/STM32F4xx_HAL_Driver/Src/stm32f4xx_hal_uart.o
 .text.UART_DMATxHalfCplt
                0x000000000800e8ba       0x1c ./Drivers/STM32F4xx_HAL_Driver/Src/stm32f4xx_hal_uart.o
 .text.UART_DMAReceiveCplt
                0x000000000800e8d6      0x126 ./Drivers/STM32F4xx_HAL_Driver/Src/stm32f4xx_hal_uart.o
 .text.UART_DMARxHalfCplt
                0x000000000800e9fc       0x36 ./Drivers/STM32F4xx_HAL_Driver/Src/stm32f4xx_hal_uart.o
 .text.UART_DMAError
                0x000000000800ea32       0x94 ./Drivers/STM32F4xx_HAL_Driver/Src/stm32f4xx_hal_uart.o
 .text.UART_WaitOnFlagUntilTimeout
                0x000000000800eac6       0xdc ./Drivers/STM32F4xx_HAL_Driver/Src/stm32f4xx_hal_uart.o
 *fill*         0x000000000800eba2        0x2 
 .text.UART_Start_Receive_DMA
                0x000000000800eba4      0x13c ./Drivers/STM32F4xx_HAL_Driver/Src/stm32f4xx_hal_uart.o
                0x000000000800eba4                UART_Start_Receive_DMA
 .text.UART_EndTxTransfer
                0x000000000800ece0       0x50 ./Drivers/STM32F4xx_HAL_Driver/Src/stm32f4xx_hal_uart.o
 .text.UART_EndRxTransfer
                0x000000000800ed30       0xc6 ./Drivers/STM32F4xx_HAL_Driver/Src/stm32f4xx_hal_uart.o
 .text.UART_DMAAbortOnError
                0x000000000800edf6       0x28 ./Drivers/STM32F4xx_HAL_Driver/Src/stm32f4xx_hal_uart.o
 .text.UART_Transmit_IT
                0x000000000800ee1e       0xa0 ./Drivers/STM32F4xx_HAL_Driver/Src/stm32f4xx_hal_uart.o
 .text.UART_EndTransmit_IT
                0x000000000800eebe       0x30 ./Drivers/STM32F4xx_HAL_Driver/Src/stm32f4xx_hal_uart.o
 .text.UART_Receive_IT
                0x000000000800eeee      0x176 ./Drivers/STM32F4xx_HAL_Driver/Src/stm32f4xx_hal_uart.o
 .text.UART_SetConfig
                0x000000000800f064      0x4e8 ./Drivers/STM32F4xx_HAL_Driver/Src/stm32f4xx_hal_uart.o
 .text.VL53L0X_GetOffsetCalibrationDataMicroMeter
                0x000000000800f54c       0x26 ./Drivers/VL53L0X/core/src/vl53l0x_api.o
                0x000000000800f54c                VL53L0X_GetOffsetCalibrationDataMicroMeter
 .text.VL53L0X_SetDeviceAddress
                0x000000000800f572       0x30 ./Drivers/VL53L0X/core/src/vl53l0x_api.o
                0x000000000800f572                VL53L0X_SetDeviceAddress
 *fill*         0x000000000800f5a2        0x2 
 .text.VL53L0X_DataInit
                0x000000000800f5a4      0x2c8 ./Drivers/VL53L0X/core/src/vl53l0x_api.o
                0x000000000800f5a4                VL53L0X_DataInit
 .text.VL53L0X_StaticInit
                0x000000000800f86c      0x304 ./Drivers/VL53L0X/core/src/vl53l0x_api.o
                0x000000000800f86c                VL53L0X_StaticInit
 .text.VL53L0X_GetDeviceParameters
                0x000000000800fb70      0x120 ./Drivers/VL53L0X/core/src/vl53l0x_api.o
                0x000000000800fb70                VL53L0X_GetDeviceParameters
 .text.VL53L0X_SetDeviceMode
                0x000000000800fc90       0x58 ./Drivers/VL53L0X/core/src/vl53l0x_api.o
                0x000000000800fc90                VL53L0X_SetDeviceMode
 .text.VL53L0X_GetDeviceMode
                0x000000000800fce8       0x26 ./Drivers/VL53L0X/core/src/vl53l0x_api.o
                0x000000000800fce8                VL53L0X_GetDeviceMode
 .text.VL53L0X_GetFractionEnable
                0x000000000800fd0e       0x3e ./Drivers/VL53L0X/core/src/vl53l0x_api.o
                0x000000000800fd0e                VL53L0X_GetFractionEnable
 .text.VL53L0X_SetMeasurementTimingBudgetMicroSeconds
                0x000000000800fd4c       0x26 ./Drivers/VL53L0X/core/src/vl53l0x_api.o
                0x000000000800fd4c                VL53L0X_SetMeasurementTimingBudgetMicroSeconds
 .text.VL53L0X_GetMeasurementTimingBudgetMicroSeconds
                0x000000000800fd72       0x26 ./Drivers/VL53L0X/core/src/vl53l0x_api.o
                0x000000000800fd72                VL53L0X_GetMeasurementTimingBudgetMicroSeconds
 .text.VL53L0X_GetVcselPulsePeriod
                0x000000000800fd98       0x2e ./Drivers/VL53L0X/core/src/vl53l0x_api.o
                0x000000000800fd98                VL53L0X_GetVcselPulsePeriod
 *fill*         0x000000000800fdc6        0x2 
 .text.VL53L0X_SetSequenceStepEnable
                0x000000000800fdc8      0x144 ./Drivers/VL53L0X/core/src/vl53l0x_api.o
                0x000000000800fdc8                VL53L0X_SetSequenceStepEnable
 .text.sequence_step_enabled
                0x000000000800ff0c       0xa4 ./Drivers/VL53L0X/core/src/vl53l0x_api.o
                0x000000000800ff0c                sequence_step_enabled
 .text.VL53L0X_GetSequenceStepEnables
                0x000000000800ffb0       0xb0 ./Drivers/VL53L0X/core/src/vl53l0x_api.o
                0x000000000800ffb0                VL53L0X_GetSequenceStepEnables
 .text.VL53L0X_GetInterMeasurementPeriodMilliSeconds
                0x0000000008010060       0x68 ./Drivers/VL53L0X/core/src/vl53l0x_api.o
                0x0000000008010060                VL53L0X_GetInterMeasurementPeriodMilliSeconds
 .text.VL53L0X_GetXTalkCompensationEnable
                0x00000000080100c8       0x2a ./Drivers/VL53L0X/core/src/vl53l0x_api.o
                0x00000000080100c8                VL53L0X_GetXTalkCompensationEnable
 .text.VL53L0X_GetXTalkCompensationRateMegaCps
                0x00000000080100f2       0x66 ./Drivers/VL53L0X/core/src/vl53l0x_api.o
                0x00000000080100f2                VL53L0X_GetXTalkCompensationRateMegaCps
 .text.VL53L0X_SetLimitCheckEnable
                0x0000000008010158      0x118 ./Drivers/VL53L0X/core/src/vl53l0x_api.o
                0x0000000008010158                VL53L0X_SetLimitCheckEnable
 .text.VL53L0X_GetLimitCheckEnable
                0x0000000008010270       0x46 ./Drivers/VL53L0X/core/src/vl53l0x_api.o
                0x0000000008010270                VL53L0X_GetLimitCheckEnable
 *fill*         0x00000000080102b6        0x2 
 .text.VL53L0X_SetLimitCheckValue
                0x00000000080102b8       0xc4 ./Drivers/VL53L0X/core/src/vl53l0x_api.o
                0x00000000080102b8                VL53L0X_SetLimitCheckValue
 .text.VL53L0X_GetLimitCheckValue
                0x000000000801037c      0x11c ./Drivers/VL53L0X/core/src/vl53l0x_api.o
                0x000000000801037c                VL53L0X_GetLimitCheckValue
 .text.VL53L0X_GetWrapAroundCheckEnable
                0x0000000008010498       0x64 ./Drivers/VL53L0X/core/src/vl53l0x_api.o
                0x0000000008010498                VL53L0X_GetWrapAroundCheckEnable
 .text.VL53L0X_PerformSingleMeasurement
                0x00000000080104fc       0x68 ./Drivers/VL53L0X/core/src/vl53l0x_api.o
                0x00000000080104fc                VL53L0X_PerformSingleMeasurement
 .text.VL53L0X_PerformRefCalibration
                0x0000000008010564       0x2c ./Drivers/VL53L0X/core/src/vl53l0x_api.o
                0x0000000008010564                VL53L0X_PerformRefCalibration
 .text.VL53L0X_CheckAndLoadInterruptSettings
                0x0000000008010590       0xcc ./Drivers/VL53L0X/core/src/vl53l0x_api.o
                0x0000000008010590                VL53L0X_CheckAndLoadInterruptSettings
 .text.VL53L0X_StartMeasurement
                0x000000000801065c      0x184 ./Drivers/VL53L0X/core/src/vl53l0x_api.o
                0x000000000801065c                VL53L0X_StartMeasurement
 .text.VL53L0X_GetMeasurementDataReady
                0x00000000080107e0       0x80 ./Drivers/VL53L0X/core/src/vl53l0x_api.o
                0x00000000080107e0                VL53L0X_GetMeasurementDataReady
 .text.VL53L0X_GetRangingMeasurementData
                0x0000000008010860      0x248 ./Drivers/VL53L0X/core/src/vl53l0x_api.o
                0x0000000008010860                VL53L0X_GetRangingMeasurementData
 .text.VL53L0X_PerformSingleRangingMeasurement
                0x0000000008010aa8       0x60 ./Drivers/VL53L0X/core/src/vl53l0x_api.o
                0x0000000008010aa8                VL53L0X_PerformSingleRangingMeasurement
 .text.VL53L0X_SetGpioConfig
                0x0000000008010b08      0x248 ./Drivers/VL53L0X/core/src/vl53l0x_api.o
                0x0000000008010b08                VL53L0X_SetGpioConfig
 .text.VL53L0X_GetInterruptThresholds
                0x0000000008010d50       0x6c ./Drivers/VL53L0X/core/src/vl53l0x_api.o
                0x0000000008010d50                VL53L0X_GetInterruptThresholds
 .text.VL53L0X_ClearInterruptMask
                0x0000000008010dbc       0x80 ./Drivers/VL53L0X/core/src/vl53l0x_api.o
                0x0000000008010dbc                VL53L0X_ClearInterruptMask
 .text.VL53L0X_GetInterruptMaskStatus
                0x0000000008010e3c       0x44 ./Drivers/VL53L0X/core/src/vl53l0x_api.o
                0x0000000008010e3c                VL53L0X_GetInterruptMaskStatus
 .text.VL53L0X_PerformRefSpadManagement
                0x0000000008010e80       0x2a ./Drivers/VL53L0X/core/src/vl53l0x_api.o
                0x0000000008010e80                VL53L0X_PerformRefSpadManagement
 .text.VL53L0X_get_offset_calibration_data_micro_meter
                0x0000000008010eaa       0x7e ./Drivers/VL53L0X/core/src/vl53l0x_api_calibration.o
                0x0000000008010eaa                VL53L0X_get_offset_calibration_data_micro_meter
 .text.get_next_good_spad
                0x0000000008010f28       0xbc ./Drivers/VL53L0X/core/src/vl53l0x_api_calibration.o
                0x0000000008010f28                get_next_good_spad
 .text.is_aperture
                0x0000000008010fe4       0x34 ./Drivers/VL53L0X/core/src/vl53l0x_api_calibration.o
                0x0000000008010fe4                is_aperture
 .text.enable_spad_bit
                0x0000000008011018       0x70 ./Drivers/VL53L0X/core/src/vl53l0x_api_calibration.o
                0x0000000008011018                enable_spad_bit
 .text.set_ref_spad_map
                0x0000000008011088       0x26 ./Drivers/VL53L0X/core/src/vl53l0x_api_calibration.o
                0x0000000008011088                set_ref_spad_map
 .text.get_ref_spad_map
                0x00000000080110ae       0x26 ./Drivers/VL53L0X/core/src/vl53l0x_api_calibration.o
                0x00000000080110ae                get_ref_spad_map
 .text.enable_ref_spads
                0x00000000080110d4       0xf8 ./Drivers/VL53L0X/core/src/vl53l0x_api_calibration.o
                0x00000000080110d4                enable_ref_spads
 .text.perform_ref_signal_measurement
                0x00000000080111cc       0xd4 ./Drivers/VL53L0X/core/src/vl53l0x_api_calibration.o
                0x00000000080111cc                perform_ref_signal_measurement
 .text.VL53L0X_perform_ref_spad_management
                0x00000000080112a0      0x418 ./Drivers/VL53L0X/core/src/vl53l0x_api_calibration.o
                0x00000000080112a0                VL53L0X_perform_ref_spad_management
 .text.VL53L0X_set_reference_spads
                0x00000000080116b8      0x14a ./Drivers/VL53L0X/core/src/vl53l0x_api_calibration.o
                0x00000000080116b8                VL53L0X_set_reference_spads
 .text.VL53L0X_perform_single_ref_calibration
                0x0000000008011802       0x76 ./Drivers/VL53L0X/core/src/vl53l0x_api_calibration.o
                0x0000000008011802                VL53L0X_perform_single_ref_calibration
 .text.VL53L0X_ref_calibration_io
                0x0000000008011878      0x132 ./Drivers/VL53L0X/core/src/vl53l0x_api_calibration.o
                0x0000000008011878                VL53L0X_ref_calibration_io
 .text.VL53L0X_perform_vhv_calibration
                0x00000000080119aa       0xce ./Drivers/VL53L0X/core/src/vl53l0x_api_calibration.o
                0x00000000080119aa                VL53L0X_perform_vhv_calibration
 .text.VL53L0X_perform_phase_calibration
                0x0000000008011a78       0xca ./Drivers/VL53L0X/core/src/vl53l0x_api_calibration.o
                0x0000000008011a78                VL53L0X_perform_phase_calibration
 .text.VL53L0X_perform_ref_calibration
                0x0000000008011b42       0x7a ./Drivers/VL53L0X/core/src/vl53l0x_api_calibration.o
                0x0000000008011b42                VL53L0X_perform_ref_calibration
 .text.VL53L0X_measurement_poll_for_completion
                0x0000000008011bbc       0x60 ./Drivers/VL53L0X/core/src/vl53l0x_api_core.o
                0x0000000008011bbc                VL53L0X_measurement_poll_for_completion
 .text.VL53L0X_decode_vcsel_period
                0x0000000008011c1c       0x26 ./Drivers/VL53L0X/core/src/vl53l0x_api_core.o
                0x0000000008011c1c                VL53L0X_decode_vcsel_period
 .text.VL53L0X_isqrt
                0x0000000008011c42       0x68 ./Drivers/VL53L0X/core/src/vl53l0x_api_core.o
                0x0000000008011c42                VL53L0X_isqrt
 .text.VL53L0X_device_read_strobe
                0x0000000008011caa       0x86 ./Drivers/VL53L0X/core/src/vl53l0x_api_core.o
                0x0000000008011caa                VL53L0X_device_read_strobe
 .text.VL53L0X_get_info_from_device
                0x0000000008011d30      0x99a ./Drivers/VL53L0X/core/src/vl53l0x_api_core.o
                0x0000000008011d30                VL53L0X_get_info_from_device
 .text.VL53L0X_calc_macro_period_ps
                0x00000000080126ca       0x3c ./Drivers/VL53L0X/core/src/vl53l0x_api_core.o
                0x00000000080126ca                VL53L0X_calc_macro_period_ps
 .text.VL53L0X_encode_timeout
                0x0000000008012706       0x58 ./Drivers/VL53L0X/core/src/vl53l0x_api_core.o
                0x0000000008012706                VL53L0X_encode_timeout
 .text.VL53L0X_decode_timeout
                0x000000000801275e       0x2c ./Drivers/VL53L0X/core/src/vl53l0x_api_core.o
                0x000000000801275e                VL53L0X_decode_timeout
 *fill*         0x000000000801278a        0x2 
 .text.VL53L0X_calc_timeout_mclks
                0x000000000801278c       0x54 ./Drivers/VL53L0X/core/src/vl53l0x_api_core.o
                0x000000000801278c                VL53L0X_calc_timeout_mclks
 .text.VL53L0X_calc_timeout_us
                0x00000000080127e0       0x54 ./Drivers/VL53L0X/core/src/vl53l0x_api_core.o
                0x00000000080127e0                VL53L0X_calc_timeout_us
 .text.get_sequence_step_timeout
                0x0000000008012834      0x1c2 ./Drivers/VL53L0X/core/src/vl53l0x_api_core.o
                0x0000000008012834                get_sequence_step_timeout
 .text.set_sequence_step_timeout
                0x00000000080129f6      0x1e4 ./Drivers/VL53L0X/core/src/vl53l0x_api_core.o
                0x00000000080129f6                set_sequence_step_timeout
 .text.VL53L0X_get_vcsel_pulse_period
                0x0000000008012bda       0x6e ./Drivers/VL53L0X/core/src/vl53l0x_api_core.o
                0x0000000008012bda                VL53L0X_get_vcsel_pulse_period
 .text.VL53L0X_set_measurement_timing_budget_micro_seconds
                0x0000000008012c48      0x1c0 ./Drivers/VL53L0X/core/src/vl53l0x_api_core.o
                0x0000000008012c48                VL53L0X_set_measurement_timing_budget_micro_seconds
 .text.VL53L0X_get_measurement_timing_budget_micro_seconds
                0x0000000008012e08      0x162 ./Drivers/VL53L0X/core/src/vl53l0x_api_core.o
                0x0000000008012e08                VL53L0X_get_measurement_timing_budget_micro_seconds
 *fill*         0x0000000008012f6a        0x2 
 .text.VL53L0X_load_tuning_settings
                0x0000000008012f6c      0x1c4 ./Drivers/VL53L0X/core/src/vl53l0x_api_core.o
                0x0000000008012f6c                VL53L0X_load_tuning_settings
 .text.VL53L0X_get_total_xtalk_rate
                0x0000000008013130       0x5e ./Drivers/VL53L0X/core/src/vl53l0x_api_core.o
                0x0000000008013130                VL53L0X_get_total_xtalk_rate
 .text.VL53L0X_get_total_signal_rate
                0x000000000801318e       0x4a ./Drivers/VL53L0X/core/src/vl53l0x_api_core.o
                0x000000000801318e                VL53L0X_get_total_signal_rate
 .text.VL53L0X_calc_dmax
                0x00000000080131d8      0x238 ./Drivers/VL53L0X/core/src/vl53l0x_api_core.o
                0x00000000080131d8                VL53L0X_calc_dmax
 .text.VL53L0X_calc_sigma_estimate
                0x0000000008013410      0x498 ./Drivers/VL53L0X/core/src/vl53l0x_api_core.o
                0x0000000008013410                VL53L0X_calc_sigma_estimate
 .text.VL53L0X_get_pal_range_status
                0x00000000080138a8      0x3b6 ./Drivers/VL53L0X/core/src/vl53l0x_api_core.o
                0x00000000080138a8                VL53L0X_get_pal_range_status
 .text._I2CWrite
                0x0000000008013c5e       0x3e ./Drivers/VL53L0X/platform/src/vl53l0x_platform.o
                0x0000000008013c5e                _I2CWrite
 .text._I2CRead
                0x0000000008013c9c       0x44 ./Drivers/VL53L0X/platform/src/vl53l0x_platform.o
                0x0000000008013c9c                _I2CRead
 .text.VL53L0X_WriteMulti
                0x0000000008013ce0       0x60 ./Drivers/VL53L0X/platform/src/vl53l0x_platform.o
                0x0000000008013ce0                VL53L0X_WriteMulti
 .text.VL53L0X_ReadMulti
                0x0000000008013d40       0x56 ./Drivers/VL53L0X/platform/src/vl53l0x_platform.o
                0x0000000008013d40                VL53L0X_ReadMulti
 *fill*         0x0000000008013d96        0x2 
 .text.VL53L0X_WrByte
                0x0000000008013d98       0x48 ./Drivers/VL53L0X/platform/src/vl53l0x_platform.o
                0x0000000008013d98                VL53L0X_WrByte
 .text.VL53L0X_WrWord
                0x0000000008013de0       0x54 ./Drivers/VL53L0X/platform/src/vl53l0x_platform.o
                0x0000000008013de0                VL53L0X_WrWord
 .text.VL53L0X_UpdateByte
                0x0000000008013e34       0x68 ./Drivers/VL53L0X/platform/src/vl53l0x_platform.o
                0x0000000008013e34                VL53L0X_UpdateByte
 .text.VL53L0X_RdByte
                0x0000000008013e9c       0x54 ./Drivers/VL53L0X/platform/src/vl53l0x_platform.o
                0x0000000008013e9c                VL53L0X_RdByte
 .text.VL53L0X_RdWord
                0x0000000008013ef0       0x70 ./Drivers/VL53L0X/platform/src/vl53l0x_platform.o
                0x0000000008013ef0                VL53L0X_RdWord
 .text.VL53L0X_RdDWord
                0x0000000008013f60       0x78 ./Drivers/VL53L0X/platform/src/vl53l0x_platform.o
                0x0000000008013f60                VL53L0X_RdDWord
 .text.VL53L0X_PollingDelay
                0x0000000008013fd8       0x1e ./Drivers/VL53L0X/platform/src/vl53l0x_platform.o
                0x0000000008013fd8                VL53L0X_PollingDelay
 .text.__cxa_pure_virtual
                0x0000000008013ff6        0x6 c:/st/stm32cubeide_1.9.0/stm32cubeide/plugins/com.st.stm32cube.ide.mcu.externaltools.gnu-tools-for-stm32.10.3-2021.10.win32_1.0.200.202301161003/tools/bin/../lib/gcc/arm-none-eabi/10.3.1/../../../../arm-none-eabi/lib/thumb/v7e-m+fp/hard\libstdc++_nano.a(pure.o)
                0x0000000008013ff6                __cxa_pure_virtual
 .text._ZN10__cxxabiv111__terminateEPFvvE
                0x0000000008013ffc        0x8 c:/st/stm32cubeide_1.9.0/stm32cubeide/plugins/com.st.stm32cube.ide.mcu.externaltools.gnu-tools-for-stm32.10.3-2021.10.win32_1.0.200.202301161003/tools/bin/../lib/gcc/arm-none-eabi/10.3.1/../../../../arm-none-eabi/lib/thumb/v7e-m+fp/hard\libstdc++_nano.a(eh_terminate.o)
                0x0000000008013ffc                __cxxabiv1::__terminate(void (*)())
 .text._ZSt13get_terminatev
                0x0000000008014004       0x10 c:/st/stm32cubeide_1.9.0/stm32cubeide/plugins/com.st.stm32cube.ide.mcu.externaltools.gnu-tools-for-stm32.10.3-2021.10.win32_1.0.200.202301161003/tools/bin/../lib/gcc/arm-none-eabi/10.3.1/../../../../arm-none-eabi/lib/thumb/v7e-m+fp/hard\libstdc++_nano.a(eh_terminate.o)
                0x0000000008014004                std::get_terminate()
 .text._ZSt9terminatev
                0x0000000008014014        0xa c:/st/stm32cubeide_1.9.0/stm32cubeide/plugins/com.st.stm32cube.ide.mcu.externaltools.gnu-tools-for-stm32.10.3-2021.10.win32_1.0.200.202301161003/tools/bin/../lib/gcc/arm-none-eabi/10.3.1/../../../../arm-none-eabi/lib/thumb/v7e-m+fp/hard\libstdc++_nano.a(eh_terminate.o)
                0x0000000008014014                std::terminate()
 .text.abort    0x000000000801401e        0xe c:/st/stm32cubeide_1.9.0/stm32cubeide/plugins/com.st.stm32cube.ide.mcu.externaltools.gnu-tools-for-stm32.10.3-2021.10.win32_1.0.200.202301161003/tools/bin/../lib/gcc/arm-none-eabi/10.3.1/../../../../arm-none-eabi/lib/thumb/v7e-m+fp/hard\libc_nano.a(lib_a-abort.o)
                0x000000000801401e                abort
 .text.__errno  0x000000000801402c        0xc c:/st/stm32cubeide_1.9.0/stm32cubeide/plugins/com.st.stm32cube.ide.mcu.externaltools.gnu-tools-for-stm32.10.3-2021.10.win32_1.0.200.202301161003/tools/bin/../lib/gcc/arm-none-eabi/10.3.1/../../../../arm-none-eabi/lib/thumb/v7e-m+fp/hard\libc_nano.a(lib_a-errno.o)
                0x000000000801402c                __errno
 .text.__libc_init_array
                0x0000000008014038       0x48 c:/st/stm32cubeide_1.9.0/stm32cubeide/plugins/com.st.stm32cube.ide.mcu.externaltools.gnu-tools-for-stm32.10.3-2021.10.win32_1.0.200.202301161003/tools/bin/../lib/gcc/arm-none-eabi/10.3.1/../../../../arm-none-eabi/lib/thumb/v7e-m+fp/hard\libc_nano.a(lib_a-init.o)
                0x0000000008014038                __libc_init_array
 .text.memcpy   0x0000000008014080       0x1c c:/st/stm32cubeide_1.9.0/stm32cubeide/plugins/com.st.stm32cube.ide.mcu.externaltools.gnu-tools-for-stm32.10.3-2021.10.win32_1.0.200.202301161003/tools/bin/../lib/gcc/arm-none-eabi/10.3.1/../../../../arm-none-eabi/lib/thumb/v7e-m+fp/hard\libc_nano.a(lib_a-memcpy-stub.o)
                0x0000000008014080                memcpy
 .text.memset   0x000000000801409c       0x10 c:/st/stm32cubeide_1.9.0/stm32cubeide/plugins/com.st.stm32cube.ide.mcu.externaltools.gnu-tools-for-stm32.10.3-2021.10.win32_1.0.200.202301161003/tools/bin/../lib/gcc/arm-none-eabi/10.3.1/../../../../arm-none-eabi/lib/thumb/v7e-m+fp/hard\libc_nano.a(lib_a-memset.o)
                0x000000000801409c                memset
 .text.realloc  0x00000000080140ac       0x10 c:/st/stm32cubeide_1.9.0/stm32cubeide/plugins/com.st.stm32cube.ide.mcu.externaltools.gnu-tools-for-stm32.10.3-2021.10.win32_1.0.200.202301161003/tools/bin/../lib/gcc/arm-none-eabi/10.3.1/../../../../arm-none-eabi/lib/thumb/v7e-m+fp/hard\libc_nano.a(lib_a-realloc.o)
                0x00000000080140ac                realloc
 .text._raise_r
                0x00000000080140bc       0x50 c:/st/stm32cubeide_1.9.0/stm32cubeide/plugins/com.st.stm32cube.ide.mcu.externaltools.gnu-tools-for-stm32.10.3-2021.10.win32_1.0.200.202301161003/tools/bin/../lib/gcc/arm-none-eabi/10.3.1/../../../../arm-none-eabi/lib/thumb/v7e-m+fp/hard\libc_nano.a(lib_a-signal.o)
                0x00000000080140bc                _raise_r
 .text.raise    0x000000000801410c       0x10 c:/st/stm32cubeide_1.9.0/stm32cubeide/plugins/com.st.stm32cube.ide.mcu.externaltools.gnu-tools-for-stm32.10.3-2021.10.win32_1.0.200.202301161003/tools/bin/../lib/gcc/arm-none-eabi/10.3.1/../../../../arm-none-eabi/lib/thumb/v7e-m+fp/hard\libc_nano.a(lib_a-signal.o)
                0x000000000801410c                raise
 .text._kill_r  0x000000000801411c       0x24 c:/st/stm32cubeide_1.9.0/stm32cubeide/plugins/com.st.stm32cube.ide.mcu.externaltools.gnu-tools-for-stm32.10.3-2021.10.win32_1.0.200.202301161003/tools/bin/../lib/gcc/arm-none-eabi/10.3.1/../../../../arm-none-eabi/lib/thumb/v7e-m+fp/hard\libc_nano.a(lib_a-signalr.o)
                0x000000000801411c                _kill_r
 .text._getpid_r
                0x0000000008014140        0x4 c:/st/stm32cubeide_1.9.0/stm32cubeide/plugins/com.st.stm32cube.ide.mcu.externaltools.gnu-tools-for-stm32.10.3-2021.10.win32_1.0.200.202301161003/tools/bin/../lib/gcc/arm-none-eabi/10.3.1/../../../../arm-none-eabi/lib/thumb/v7e-m+fp/hard\libc_nano.a(lib_a-signalr.o)
                0x0000000008014140                _getpid_r
 .text.strcpy   0x0000000008014144       0x10 c:/st/stm32cubeide_1.9.0/stm32cubeide/plugins/com.st.stm32cube.ide.mcu.externaltools.gnu-tools-for-stm32.10.3-2021.10.win32_1.0.200.202301161003/tools/bin/../lib/gcc/arm-none-eabi/10.3.1/../../../../arm-none-eabi/lib/thumb/v7e-m+fp/hard\libc_nano.a(lib_a-strcpy.o)
                0x0000000008014144                strcpy
 .text.sbrk_aligned
                0x0000000008014154       0x40 c:/st/stm32cubeide_1.9.0/stm32cubeide/plugins/com.st.stm32cube.ide.mcu.externaltools.gnu-tools-for-stm32.10.3-2021.10.win32_1.0.200.202301161003/tools/bin/../lib/gcc/arm-none-eabi/10.3.1/../../../../arm-none-eabi/lib/thumb/v7e-m+fp/hard\libc_nano.a(lib_a-nano-mallocr.o)
 .text._malloc_r
                0x0000000008014194       0xe8 c:/st/stm32cubeide_1.9.0/stm32cubeide/plugins/com.st.stm32cube.ide.mcu.externaltools.gnu-tools-for-stm32.10.3-2021.10.win32_1.0.200.202301161003/tools/bin/../lib/gcc/arm-none-eabi/10.3.1/../../../../arm-none-eabi/lib/thumb/v7e-m+fp/hard\libc_nano.a(lib_a-nano-mallocr.o)
                0x0000000008014194                _malloc_r
 .text._realloc_r
                0x000000000801427c       0x5e c:/st/stm32cubeide_1.9.0/stm32cubeide/plugins/com.st.stm32cube.ide.mcu.externaltools.gnu-tools-for-stm32.10.3-2021.10.win32_1.0.200.202301161003/tools/bin/../lib/gcc/arm-none-eabi/10.3.1/../../../../arm-none-eabi/lib/thumb/v7e-m+fp/hard\libc_nano.a(lib_a-nano-reallocr.o)