../Core/Inc/XBee_TX.h:6:9:bee	24	static
../Core/Src/cake.c:53:6:score_transfer	16	static
../Core/Src/cake.c:150:6:hand_transfer_fn	16	static
../Core/Src/cake.c:160:6:suck_the_cake	16	static
../Core/Src/cake.c:232:6:press_sensor_feedback	8	static
../Core/Src/cake.c:257:6:cake_check	24	static
../Core/Src/cake.c:305:6:unsuck_the_cake	16	static
../Core/Src/cake.c:376:6:rotate_the_ring	16	static
../Core/Src/cake.c:482:6:put_the_cherry	16	static
../Core/Src/cake.c:550:6:judge_the_empty_and_order	16	static
../Core/Src/cake.c:763:6:pauseHanoiing	16	static
../Core/Src/cake.c:819:6:Tower_of_Hanoi	16	static
../Core/Src/cake.c:1311:6:finish_all_motion	8	static
