../Core/Inc/XBee_TX.h:6:9:bee	24	static
../Core/Src/cake.c:52:6:score_transfer	16	static
../Core/Src/cake.c:157:6:hand_transfer_fn	16	static
../Core/Src/cake.c:167:6:suck_the_cake	16	static
../Core/Src/cake.c:213:6:press_sensor_feedback	8	static
../Core/Src/cake.c:238:6:cake_check	24	static
../Core/Src/cake.c:286:6:unsuck_the_cake	16	static
../Core/Src/cake.c:357:6:rotate_the_ring	16	static
../Core/Src/cake.c:463:6:put_the_cherry	16	static
../Core/Src/cake.c:516:6:judge_the_empty_and_order	16	static
../Core/Src/cake.c:721:6:pauseHanoiing	16	static
../Core/Src/cake.c:771:6:Tower_of_Hanoi	16	static
../Core/Src/cake.c:1169:6:finish_all_motion	8	static
