../Core/Src/stm32f4xx_it.c:83:6:NMI_Handler	4	static
../Core/Src/stm32f4xx_it.c:98:6:HardFault_Handler	4	static
../Core/Src/stm32f4xx_it.c:113:6:MemManage_Handler	4	static
../Core/Src/stm32f4xx_it.c:128:6:BusFault_Handler	4	static
../Core/Src/stm32f4xx_it.c:143:6:UsageFault_Handler	4	static
../Core/Src/stm32f4xx_it.c:158:6:SVC_Handler	4	static
../Core/Src/stm32f4xx_it.c:171:6:DebugMon_Handler	4	static
../Core/Src/stm32f4xx_it.c:184:6:PendSV_Handler	4	static
../Core/Src/stm32f4xx_it.c:197:6:SysTick_Handler	8	static
../Core/Src/stm32f4xx_it.c:218:6:RCC_IRQHandler	4	static
../Core/Src/stm32f4xx_it.c:231:6:EXTI4_IRQHandler	8	static
../Core/Src/stm32f4xx_it.c:245:6:DMA1_Stream5_IRQHandler	8	static
../Core/Src/stm32f4xx_it.c:259:6:DMA1_Stream6_IRQHandler	8	static
../Core/Src/stm32f4xx_it.c:273:6:TIM1_BRK_TIM9_IRQHandler	8	static
../Core/Src/stm32f4xx_it.c:287:6:TIM1_UP_TIM10_IRQHandler	8	static
../Core/Src/stm32f4xx_it.c:302:6:TIM1_TRG_COM_TIM11_IRQHandler	8	static
../Core/Src/stm32f4xx_it.c:317:6:TIM1_CC_IRQHandler	8	static
../Core/Src/stm32f4xx_it.c:331:6:I2C1_EV_IRQHandler	8	static
../Core/Src/stm32f4xx_it.c:345:6:I2C1_ER_IRQHandler	8	static
../Core/Src/stm32f4xx_it.c:359:6:USART1_IRQHandler	8	static
../Core/Src/stm32f4xx_it.c:373:6:USART2_IRQHandler	8	static
../Core/Src/stm32f4xx_it.c:387:6:EXTI15_10_IRQHandler	8	static
../Core/Src/stm32f4xx_it.c:403:6:TIM8_UP_TIM13_IRQHandler	8	static
../Core/Src/stm32f4xx_it.c:418:6:TIM6_DAC_IRQHandler	8	static
../Core/Src/stm32f4xx_it.c:432:6:TIM7_IRQHandler	8	static
../Core/Src/stm32f4xx_it.c:446:6:DMA2_Stream0_IRQHandler	8	static
../Core/Src/stm32f4xx_it.c:460:6:DMA2_Stream2_IRQHandler	8	static
../Core/Src/stm32f4xx_it.c:474:6:DMA2_Stream7_IRQHandler	8	static
