../Core/Src/tim.c:34:6:MX_TIM2_Init	48	static
../Core/Src/tim.c:82:6:MX_TIM3_Init	48	static
../Core/Src/tim.c:138:6:MX_TIM6_Init	16	static
../Core/Src/tim.c:171:6:MX_TIM7_Init	16	static
../Core/Src/tim.c:204:6:MX_TIM10_Init	8	static
../Core/Src/tim.c:230:6:HAL_TIM_PWM_MspInit	24	static
../Core/Src/tim.c:257:6:HAL_TIM_Base_MspInit	32	static
../Core/Src/tim.c:306:6:HAL_TIM_MspPostInit	48	static
../Core/Src/tim.c:358:6:HAL_TIM_PWM_MspDeInit	16	static
../Core/Src/tim.c:385:6:HAL_TIM_Base_MspDeInit	16	static
